Archive member included to satisfy reference by file (symbol)

D:/armtoolchain/arm-gnu-toolchain-13.3.rel1-mingw-w64-i686-arm-none-eabi/bin/../lib/gcc/arm-none-eabi/13.3.1/thumb/v8-m.main+fp/hard\libc.a(libc_a-exit.o)
                              D:/armtoolchain/arm-gnu-toolchain-13.3.rel1-mingw-w64-i686-arm-none-eabi/bin/../lib/gcc/arm-none-eabi/13.3.1/thumb/v8-m.main+fp/hard/crt0.o (exit)
D:/armtoolchain/arm-gnu-toolchain-13.3.rel1-mingw-w64-i686-arm-none-eabi/bin/../lib/gcc/arm-none-eabi/13.3.1/thumb/v8-m.main+fp/hard\libc.a(libc_a-findfp.o)
                              D:/armtoolchain/arm-gnu-toolchain-13.3.rel1-mingw-w64-i686-arm-none-eabi/bin/../lib/gcc/arm-none-eabi/13.3.1/thumb/v8-m.main+fp/hard\libc.a(libc_a-exit.o) (__stdio_exit_handler)
D:/armtoolchain/arm-gnu-toolchain-13.3.rel1-mingw-w64-i686-arm-none-eabi/bin/../lib/gcc/arm-none-eabi/13.3.1/thumb/v8-m.main+fp/hard\libc.a(libc_a-fwalk.o)
                              D:/armtoolchain/arm-gnu-toolchain-13.3.rel1-mingw-w64-i686-arm-none-eabi/bin/../lib/gcc/arm-none-eabi/13.3.1/thumb/v8-m.main+fp/hard\libc.a(libc_a-findfp.o) (_fwalk_sglue)
D:/armtoolchain/arm-gnu-toolchain-13.3.rel1-mingw-w64-i686-arm-none-eabi/bin/../lib/gcc/arm-none-eabi/13.3.1/thumb/v8-m.main+fp/hard\libc.a(libc_a-printf.o)
                              build/spif.o (printf)
D:/armtoolchain/arm-gnu-toolchain-13.3.rel1-mingw-w64-i686-arm-none-eabi/bin/../lib/gcc/arm-none-eabi/13.3.1/thumb/v8-m.main+fp/hard\libc.a(libc_a-puts.o)
                              build/spif.o (puts)
D:/armtoolchain/arm-gnu-toolchain-13.3.rel1-mingw-w64-i686-arm-none-eabi/bin/../lib/gcc/arm-none-eabi/13.3.1/thumb/v8-m.main+fp/hard\libc.a(libc_a-snprintf.o)
                              build/lora.o (snprintf)
D:/armtoolchain/arm-gnu-toolchain-13.3.rel1-mingw-w64-i686-arm-none-eabi/bin/../lib/gcc/arm-none-eabi/13.3.1/thumb/v8-m.main+fp/hard\libc.a(libc_a-sprintf.o)
                              build/lora.o (sprintf)
D:/armtoolchain/arm-gnu-toolchain-13.3.rel1-mingw-w64-i686-arm-none-eabi/bin/../lib/gcc/arm-none-eabi/13.3.1/thumb/v8-m.main+fp/hard\libc.a(libc_a-stdio.o)
                              D:/armtoolchain/arm-gnu-toolchain-13.3.rel1-mingw-w64-i686-arm-none-eabi/bin/../lib/gcc/arm-none-eabi/13.3.1/thumb/v8-m.main+fp/hard\libc.a(libc_a-findfp.o) (__sread)
D:/armtoolchain/arm-gnu-toolchain-13.3.rel1-mingw-w64-i686-arm-none-eabi/bin/../lib/gcc/arm-none-eabi/13.3.1/thumb/v8-m.main+fp/hard\libc.a(libc_a-vprintf.o)
                              build/syscalls.o (vprintf)
D:/armtoolchain/arm-gnu-toolchain-13.3.rel1-mingw-w64-i686-arm-none-eabi/bin/../lib/gcc/arm-none-eabi/13.3.1/thumb/v8-m.main+fp/hard\libc.a(libc_a-memset.o)
                              D:/armtoolchain/arm-gnu-toolchain-13.3.rel1-mingw-w64-i686-arm-none-eabi/bin/../lib/gcc/arm-none-eabi/13.3.1/thumb/v8-m.main+fp/hard/crt0.o (memset)
D:/armtoolchain/arm-gnu-toolchain-13.3.rel1-mingw-w64-i686-arm-none-eabi/bin/../lib/gcc/arm-none-eabi/13.3.1/thumb/v8-m.main+fp/hard\libc.a(libc_a-closer.o)
                              D:/armtoolchain/arm-gnu-toolchain-13.3.rel1-mingw-w64-i686-arm-none-eabi/bin/../lib/gcc/arm-none-eabi/13.3.1/thumb/v8-m.main+fp/hard\libc.a(libc_a-stdio.o) (_close_r)
D:/armtoolchain/arm-gnu-toolchain-13.3.rel1-mingw-w64-i686-arm-none-eabi/bin/../lib/gcc/arm-none-eabi/13.3.1/thumb/v8-m.main+fp/hard\libc.a(libc_a-reent.o)
                              D:/armtoolchain/arm-gnu-toolchain-13.3.rel1-mingw-w64-i686-arm-none-eabi/bin/../lib/gcc/arm-none-eabi/13.3.1/thumb/v8-m.main+fp/hard\libc.a(libc_a-closer.o) (errno)
D:/armtoolchain/arm-gnu-toolchain-13.3.rel1-mingw-w64-i686-arm-none-eabi/bin/../lib/gcc/arm-none-eabi/13.3.1/thumb/v8-m.main+fp/hard\libc.a(libc_a-impure.o)
                              D:/armtoolchain/arm-gnu-toolchain-13.3.rel1-mingw-w64-i686-arm-none-eabi/bin/../lib/gcc/arm-none-eabi/13.3.1/thumb/v8-m.main+fp/hard\libc.a(libc_a-printf.o) (_impure_ptr)
D:/armtoolchain/arm-gnu-toolchain-13.3.rel1-mingw-w64-i686-arm-none-eabi/bin/../lib/gcc/arm-none-eabi/13.3.1/thumb/v8-m.main+fp/hard\libc.a(libc_a-lseekr.o)
                              D:/armtoolchain/arm-gnu-toolchain-13.3.rel1-mingw-w64-i686-arm-none-eabi/bin/../lib/gcc/arm-none-eabi/13.3.1/thumb/v8-m.main+fp/hard\libc.a(libc_a-stdio.o) (_lseek_r)
D:/armtoolchain/arm-gnu-toolchain-13.3.rel1-mingw-w64-i686-arm-none-eabi/bin/../lib/gcc/arm-none-eabi/13.3.1/thumb/v8-m.main+fp/hard\libc.a(libc_a-readr.o)
                              D:/armtoolchain/arm-gnu-toolchain-13.3.rel1-mingw-w64-i686-arm-none-eabi/bin/../lib/gcc/arm-none-eabi/13.3.1/thumb/v8-m.main+fp/hard\libc.a(libc_a-stdio.o) (_read_r)
D:/armtoolchain/arm-gnu-toolchain-13.3.rel1-mingw-w64-i686-arm-none-eabi/bin/../lib/gcc/arm-none-eabi/13.3.1/thumb/v8-m.main+fp/hard\libc.a(libc_a-writer.o)
                              D:/armtoolchain/arm-gnu-toolchain-13.3.rel1-mingw-w64-i686-arm-none-eabi/bin/../lib/gcc/arm-none-eabi/13.3.1/thumb/v8-m.main+fp/hard\libc.a(libc_a-stdio.o) (_write_r)
[...]
Memory Configuration

Name             Origin             Length             Attributes
RAM              0x20000000         0x000c0000         xrw
ROM              0x08000000         0x00200000         xr
SRAM4            0x28000000         0x00004000         xrw
*default*        0x00000000         0xffffffff

Linker script and memory map

LOAD D:/armtoolchain/arm-gnu-toolchain-13.3.rel1-mingw-w64-i686-arm-none-eabi/bin/../lib/gcc/arm-none-eabi/13.3.1/thumb/v8-m.main+fp/hard/crti.o
LOAD D:/armtoolchain/arm-gnu-toolchain-13.3.rel1-mingw-w64-i686-arm-none-eabi/bin/../lib/gcc/arm-none-eabi/13.3.1/thumb/v8-m.main+fp/hard/crtbegin.o
LOAD D:/armtoolchain/arm-gnu-toolchain-13.3.rel1-mingw-w64-i686-arm-none-eabi/bin/../lib/gcc/arm-none-eabi/13.3.1/thumb/v8-m.main+fp/hard/crt0.o
LOAD build/main.o
LOAD build/gpio.o
LOAD build/dcmi.o
LOAD build/i2c.o
LOAD build/spi.o
LOAD build/tim.o
LOAD build/usart.o
LOAD build/usb_otg.o
LOAD build/stm32u5xx_it.o
LOAD build/stm32u5xx_hal_msp.o
LOAD build/stm32u5xx_hal_cortex.o
LOAD build/stm32u5xx_hal_dcmi.o
LOAD build/stm32u5xx_hal_dma.o
LOAD build/stm32u5xx_hal_dma_ex.o
LOAD build/stm32u5xx_hal.o
LOAD build/stm32u5xx_hal_i2c.o
LOAD build/stm32u5xx_hal_i2c_ex.o
LOAD build/stm32u5xx_hal_rcc.o
LOAD build/stm32u5xx_hal_rcc_ex.o
LOAD build/stm32u5xx_hal_flash.o
LOAD build/stm32u5xx_hal_flash_ex.o
LOAD build/stm32u5xx_hal_gpio.o
LOAD build/stm32u5xx_hal_exti.o
LOAD build/stm32u5xx_hal_pwr.o
LOAD build/stm32u5xx_hal_pwr_ex.o
LOAD build/stm32u5xx_hal_gtzc.o
LOAD build/stm32u5xx_hal_icache.o
LOAD build/stm32u5xx_hal_spi.o
LOAD build/stm32u5xx_hal_spi_ex.o
LOAD build/stm32u5xx_hal_tim.o
LOAD build/stm32u5xx_hal_tim_ex.o
LOAD build/stm32u5xx_hal_uart.o
LOAD build/stm32u5xx_hal_uart_ex.o
LOAD build/stm32u5xx_hal_pcd.o
LOAD build/stm32u5xx_hal_pcd_ex.o
LOAD build/stm32u5xx_ll_usb.o
LOAD build/system_stm32u5xx.o
LOAD build/sysmem.o
LOAD build/syscalls.o
LOAD build/lora.o
LOAD build/data_rw.o
LOAD build/falcon_cmd.o
LOAD build/tinyAdjust.o
LOAD build/vdcmd.o
LOAD build/tinycTask.o
LOAD build/gpdma.o
LOAD build/ux_system_tasks_run.o
LOAD build/ux_utility_debug_callback_register.o
LOAD build/ux_utility_debug_log.o
LOAD build/ux_utility_delay_ms.o
LOAD build/ux_utility_descriptor_pack.o
LOAD build/ux_utility_descriptor_parse.o
LOAD build/ux_utility_error_callback_register.o
LOAD build/ux_utility_long_get.o
LOAD build/ux_utility_long_get_big_endian.o
LOAD build/ux_utility_long_put.o
LOAD build/ux_utility_long_put_big_endian.o
LOAD build/ux_utility_memory_allocate.o
LOAD build/ux_utility_memory_allocate_add_safe.o
LOAD build/ux_utility_memory_allocate_mulc_safe.o
LOAD build/ux_utility_memory_allocate_mulv_safe.o
LOAD build/ux_utility_memory_compare.o
LOAD build/ux_utility_memory_copy.o
LOAD build/ux_utility_memory_free.o
LOAD build/ux_utility_memory_byte_pool_create.o
LOAD build/ux_utility_memory_byte_pool_search.o
LOAD build/ux_utility_memory_set.o
LOAD build/ux_utility_physical_address.o
LOAD build/ux_utility_set_interrupt_handler.o
LOAD build/ux_utility_short_get.o
LOAD build/ux_utility_short_get_big_endian.o
LOAD build/ux_utility_short_put.o
LOAD build/ux_utility_short_put_big_endian.o
LOAD build/ux_utility_string_length_check.o
LOAD build/ux_utility_string_length_get.o
LOAD build/ux_utility_string_to_unicode.o
LOAD build/ux_utility_unicode_to_string.o
LOAD build/ux_utility_virtual_address.o
LOAD build/ux_system_error_handler.o
LOAD build/ux_system_initialize.o
LOAD build/ux_system_uninitialize.o
LOAD build/spif.o
LOAD build/st7789.o
LOAD build/fonts.o
LOAD build/utils.o
LOAD build/startup_stm32u575xx.o
LOAD D:/armtoolchain/arm-gnu-toolchain-13.3.rel1-mingw-w64-i686-arm-none-eabi/bin/../lib/gcc/arm-none-eabi/13.3.1/thumb/v8-m.main+fp/hard\libc.a
LOAD D:/armtoolchain/arm-gnu-toolchain-13.3.rel1-mingw-w64-i686-arm-none-eabi/bin/../lib/gcc/arm-none-eabi/13.3.1/thumb/v8-m.main+fp/hard\libm.a
LOAD TINYC256_192/libirtemp.lib
START GROUP
LOAD D:/armtoolchain/arm-gnu-toolchain-13.3.rel1-mingw-w64-i686-arm-none-eabi/bin/../lib/gcc/arm-none-eabi/13.3.1/thumb/v8-m.main+fp/hard\libgcc.a
LOAD D:/armtoolchain/arm-gnu-toolchain-13.3.rel1-mingw-w64-i686-arm-none-eabi/bin/../lib/gcc/arm-none-eabi/13.3.1/thumb/v8-m.main+fp/hard\libc.a
END GROUP
LOAD D:/armtoolchain/arm-gnu-toolchain-13.3.rel1-mingw-w64-i686-arm-none-eabi/bin/../lib/gcc/arm-none-eabi/13.3.1/thumb/v8-m.main+fp/hard/crtend.o
LOAD D:/armtoolchain/arm-gnu-toolchain-13.3.rel1-mingw-w64-i686-arm-none-eabi/bin/../lib/gcc/arm-none-eabi/13.3.1/thumb/v8-m.main+fp/hard/crtn.o
                0x200c0000                        _estack = (ORIGIN (RAM) + LENGTH (RAM))
                0x00000200                        _Min_Heap_Size = 0x200
                0x00000400                        _Min_Stack_Size = 0x400

.isr_vector     0x08000000      0x238
                0x08000000                        . = ALIGN (0x8)
 *(.isr_vector)
 .isr_vector    0x08000000      0x238 build/startup_stm32u575xx.o
                0x08000000                g_pfnVectors
                0x08000238                        . = ALIGN (0x8)

.text           0x08000238    0x102a8
                0x08000238                        . = ALIGN (0x8)
 *(.text)
 .text          0x08000238       0xec D:/armtoolchain/arm-gnu-toolchain-13.3.rel1-mingw-w64-i686-arm-none-eabi/bin/../lib/gcc/arm-none-eabi/13.3.1/thumb/v8-m.main+fp/hard\libc.a(libc_a-memcpy.o)
                0x08000238                memcpy
 .text          0x08000324      0x378 D:/armtoolchain/arm-gnu-toolchain-13.3.rel1-mingw-w64-i686-arm-none-eabi/bin/../lib/gcc/arm-none-eabi/13.3.1/thumb/v8-m.main+fp/hard\libgcc.a(_arm_addsubdf3.o)
                0x08000324                __aeabi_drsub
                0x0800032c                __aeabi_dsub
                0x0800032c                __subdf3
                0x08000330                __aeabi_dadd
                0x08000330                __adddf3
                0x080005a8                __floatunsidf
                0x080005a8                __aeabi_ui2d
                0x080005c8                __floatsidf
                0x080005c8                __aeabi_i2d
                0x080005ec                __aeabi_f2d
                0x080005ec                __extendsfdf2
                0x08000630                __floatundidf
                0x08000630                __aeabi_ul2d
                0x08000640                __floatdidf
                0x08000640                __aeabi_l2d
 .text          0x0800069c      0x424 D:/armtoolchain/arm-gnu-toolchain-13.3.rel1-mingw-w64-i686-arm-none-eabi/bin/../lib/gcc/arm-none-eabi/13.3.1/thumb/v8-m.main+fp/hard\libgcc.a(_arm_muldivdf3.o)
                0x0800069c                __aeabi_dmul
                0x0800069c                __muldf3
                0x080008f0                __divdf3
                0x080008f0                __aeabi_ddiv
 .text          0x08000ac0      0x110 D:/armtoolchain/arm-gnu-toolchain-13.3.rel1-mingw-w64-i686-arm-none-eabi/bin/../lib/gcc/arm-none-eabi/13.3.1/thumb/v8-m.main+fp/hard\libgcc.a(_arm_cmpdf2.o)
                0x08000ac0                __gtdf2
                0x08000ac0                __gedf2
                0x08000ac8                __ltdf2
                0x08000ac8                __ledf2
                0x08000ad0                __nedf2
                0x08000ad0                __eqdf2
                0x08000ad0                __cmpdf2
                0x08000b4c                __aeabi_cdrcmple
                0x08000b5c                __aeabi_cdcmpeq
                0x08000b5c                __aeabi_cdcmple
                0x08000b6c                __aeabi_dcmpeq
                0x08000b80                __aeabi_dcmplt
                0x08000b94                __aeabi_dcmple
                0x08000ba8                __aeabi_dcmpge
                0x08000bbc                __aeabi_dcmpgt
 .text          0x08000bd0       0x2c D:/armtoolchain/arm-gnu-toolchain-13.3.rel1-mingw-w64-i686-arm-none-eabi/bin/../lib/gcc/arm-none-eabi/13.3.1/thumb/v8-m.main+fp/hard\libgcc.a(_arm_unorddf2.o)
                0x08000bd0                __unorddf2
                0x08000bd0                __aeabi_dcmpun
 .text          0x08000bfc       0x50 D:/armtoolchain/arm-gnu-toolchain-13.3.rel1-mingw-w64-i686-arm-none-eabi/bin/../lib/gcc/arm-none-eabi/13.3.1/thumb/v8-m.main+fp/hard\libgcc.a(_arm_fixdfsi.o)
                0x08000bfc                __aeabi_d2iz
                0x08000bfc                __fixdfsi
 .text          0x08000c4c       0x30 D:/armtoolchain/arm-gnu-toolchain-13.3.rel1-mingw-w64-i686-arm-none-eabi/bin/../lib/gcc/arm-none-eabi/13.3.1/thumb/v8-m.main+fp/hard\libgcc.a(_aeabi_uldivmod.o)
                0x08000c4c                __aeabi_uldivmod
 .text          0x08000c7c        0x4 D:/armtoolchain/arm-gnu-toolchain-13.3.rel1-mingw-w64-i686-arm-none-eabi/bin/../lib/gcc/arm-none-eabi/13.3.1/thumb/v8-m.main+fp/hard\libgcc.a(_dvmd_tls.o)
                0x08000c7c                __aeabi_idiv0
                0x08000c7c                __aeabi_ldiv0
 *(.text*)
 .text.deregister_tm_clones
                0x08000c80       0x1c D:/armtoolchain/arm-gnu-toolchain-13.3.rel1-mingw-w64-i686-arm-none-eabi/bin/../lib/gcc/arm-none-eabi/13.3.1/thumb/v8-m.main+fp/hard/crtbegin.o
 .text.register_tm_clones
                0x08000c9c       0x28 D:/armtoolchain/arm-gnu-toolchain-13.3.rel1-mingw-w64-i686-arm-none-eabi/bin/../lib/gcc/arm-none-eabi/13.3.1/thumb/v8-m.main+fp/hard/crtbegin.o
 .text.__do_global_dtors_aux
                0x08000cc4       0x28 D:/armtoolchain/arm-gnu-toolchain-13.3.rel1-mingw-w64-i686-arm-none-eabi/bin/../lib/gcc/arm-none-eabi/13.3.1/thumb/v8-m.main+fp/hard/crtbegin.o
 .text.frame_dummy
                0x08000cec       0x24 D:/armtoolchain/arm-gnu-toolchain-13.3.rel1-mingw-w64-i686-arm-none-eabi/bin/../lib/gcc/arm-none-eabi/13.3.1/thumb/v8-m.main+fp/hard/crtbegin.o
 .text.MPU_Config
                0x08000d10        0xe build/main.o
 .text.Error_Handler
                0x08000d1e        0x4 build/main.o
                0x08000d1e                Error_Handler
 .text.SystemClock_Config
                0x08000d22       0x94 build/main.o
                0x08000d22                SystemClock_Config
 *fill*         0x08000db6        0x2 
 .text.main     0x08000db8       0x5c build/main.o
                0x08000db8                main
 .text.MX_GPIO_Init
                0x08000e14      0x1c8 build/gpio.o
                0x08000e14                MX_GPIO_Init
 .text.MX_DCMI_Init
                0x08000fdc       0x38 build/dcmi.o
                0x08000fdc                MX_DCMI_Init
 .text.HAL_DCMI_MspInit
                0x08001014      0x1f8 build/dcmi.o
                0x08001014                HAL_DCMI_MspInit
 .text.HAL_DCMI_MspDeInit
                0x0800120c       0x6c build/dcmi.o
                0x0800120c                HAL_DCMI_MspDeInit
 .text.OV_OR_TINYC_DCMI_Init
                0x08001278       0x80 build/dcmi.o
                0x08001278                OV_OR_TINYC_DCMI_Init
 .text.MX_I2C3_Init
                0x080012f8       0x60 build/i2c.o
                0x080012f8                MX_I2C3_Init
 .text.HAL_I2C_MspInit
                0x08001358       0x98 build/i2c.o
                0x08001358                HAL_I2C_MspInit
 .text.MX_SPI1_Init
                0x080013f0       0x88 build/spi.o
                0x080013f0                MX_SPI1_Init
 .text.MX_SPI2_Init
                0x08001478       0x80 build/spi.o
                0x08001478                MX_SPI2_Init
 .text.HAL_SPI_MspInit
                0x080014f8      0x11c build/spi.o
                0x080014f8                HAL_SPI_MspInit
 .text.HAL_TIM_Base_MspInit
                0x08001614       0x34 build/tim.o
                0x08001614                HAL_TIM_Base_MspInit
 .text.HAL_TIM_MspPostInit
                0x08001648       0x5c build/tim.o
                0x08001648                HAL_TIM_MspPostInit
 .text.MX_TIM1_Init
                0x080016a4      0x100 build/tim.o
                0x080016a4                MX_TIM1_Init
 .text.__io_putchar
                0x080017a4       0x20 build/usart.o
                0x080017a4                __io_putchar
 .text._write   0x080017c4       0x1c build/usart.o
                0x080017c4                _write
 .text.MX_USART3_UART_Init
                0x080017e0       0x68 build/usart.o
                0x080017e0                MX_USART3_UART_Init
 .text.HAL_UART_MspInit
                0x08001848       0x98 build/usart.o
                0x08001848                HAL_UART_MspInit
 .text.MX_USB_OTG_FS_PCD_Init
                0x080018e0       0x38 build/usb_otg.o
                0x080018e0                MX_USB_OTG_FS_PCD_Init
 .text.HAL_PCD_MspInit
                0x08001918       0xd4 build/usb_otg.o
                0x08001918                HAL_PCD_MspInit
 .text.NMI_Handler
                0x080019ec        0x2 build/stm32u5xx_it.o
                0x080019ec                NMI_Handler
 .text.HardFault_Handler
                0x080019ee        0x2 build/stm32u5xx_it.o
                0x080019ee                HardFault_Handler
 .text.MemManage_Handler
                0x080019f0        0x2 build/stm32u5xx_it.o
                0x080019f0                MemManage_Handler
 .text.BusFault_Handler
                0x080019f2        0x2 build/stm32u5xx_it.o
                0x080019f2                BusFault_Handler
 .text.UsageFault_Handler
                0x080019f4        0x2 build/stm32u5xx_it.o
                0x080019f4                UsageFault_Handler
 .text.SVC_Handler
                0x080019f6        0x2 build/stm32u5xx_it.o
                0x080019f6                SVC_Handler
 .text.DebugMon_Handler
                0x080019f8        0x2 build/stm32u5xx_it.o
                0x080019f8                DebugMon_Handler
 .text.PendSV_Handler
                0x080019fa        0x2 build/stm32u5xx_it.o
                0x080019fa                PendSV_Handler
 .text.SysTick_Handler
                0x080019fc        0x8 build/stm32u5xx_it.o
                0x080019fc                SysTick_Handler
 .text.EXTI0_IRQHandler
                0x08001a04        0xe build/stm32u5xx_it.o
                0x08001a04                EXTI0_IRQHandler
 .text.EXTI1_IRQHandler
                0x08001a12        0xe build/stm32u5xx_it.o
                0x08001a12                EXTI1_IRQHandler
 .text.GPDMA1_Channel0_IRQHandler
                0x08001a20       0x10 build/stm32u5xx_it.o
                0x08001a20                GPDMA1_Channel0_IRQHandler
 .text.DCMI_PSSI_IRQHandler
                0x08001a30       0x1c build/stm32u5xx_it.o
                0x08001a30                DCMI_PSSI_IRQHandler
 .text.HAL_DCMI_FrameEventCallback
                0x08001a4c       0x10 build/stm32u5xx_it.o
                0x08001a4c                HAL_DCMI_FrameEventCallback
 .text.HAL_MspInit
                0x08001a5c       0x2c build/stm32u5xx_hal_msp.o
                0x08001a5c                HAL_MspInit
 .text.__NVIC_EnableIRQ
                0x08001a88       0x1c build/stm32u5xx_hal_cortex.o
 .text.__NVIC_DisableIRQ
                0x08001aa4       0x24 build/stm32u5xx_hal_cortex.o
 .text.__NVIC_SetPriority
                0x08001ac8       0x28 build/stm32u5xx_hal_cortex.o
 .text.NVIC_EncodePriority
                0x08001af0       0x3e build/stm32u5xx_hal_cortex.o
 *fill*         0x08001b2e        0x2 
 .text.HAL_NVIC_SetPriorityGrouping
                0x08001b30       0x24 build/stm32u5xx_hal_cortex.o
                0x08001b30                HAL_NVIC_SetPriorityGrouping
 .text.HAL_NVIC_SetPriority
                0x08001b54       0x20 build/stm32u5xx_hal_cortex.o
                0x08001b54                HAL_NVIC_SetPriority
 .text.HAL_NVIC_EnableIRQ
                0x08001b74        0x8 build/stm32u5xx_hal_cortex.o
                0x08001b74                HAL_NVIC_EnableIRQ
 .text.HAL_NVIC_DisableIRQ
                0x08001b7c        0x8 build/stm32u5xx_hal_cortex.o
                0x08001b7c                HAL_NVIC_DisableIRQ
 .text.HAL_SYSTICK_Config
                0x08001b84       0x20 build/stm32u5xx_hal_cortex.o
                0x08001b84                HAL_SYSTICK_Config
 .text.HAL_SYSTICK_CLKSourceConfig
                0x08001ba4       0x7c build/stm32u5xx_hal_cortex.o
                0x08001ba4                HAL_SYSTICK_CLKSourceConfig
 .text.HAL_SYSTICK_GetCLKSourceConfig
                0x08001c20       0x34 build/stm32u5xx_hal_cortex.o
                0x08001c20                HAL_SYSTICK_GetCLKSourceConfig
 .text.HAL_MPU_Enable
                0x08001c54       0x24 build/stm32u5xx_hal_cortex.o
                0x08001c54                HAL_MPU_Enable
 .text.HAL_MPU_Disable
                0x08001c78       0x28 build/stm32u5xx_hal_cortex.o
                0x08001c78                HAL_MPU_Disable
 .text.DCMI_DMAXferCplt
                0x08001ca0       0x96 build/stm32u5xx_hal_dcmi.o
 *fill*         0x08001d36        0x2 
 .text.HAL_DCMI_Init
                0x08001d38       0xa0 build/stm32u5xx_hal_dcmi.o
                0x08001d38                HAL_DCMI_Init
 .text.HAL_DCMI_Start_DMA
                0x08001dd8      0x1ac build/stm32u5xx_hal_dcmi.o
                0x08001dd8                HAL_DCMI_Start_DMA
 .text.HAL_DCMI_Stop
                0x08001f84       0x84 build/stm32u5xx_hal_dcmi.o
                0x08001f84                HAL_DCMI_Stop
 .text.HAL_DCMI_ErrorCallback
                0x08002008        0x2 build/stm32u5xx_hal_dcmi.o
                0x08002008                HAL_DCMI_ErrorCallback
 .text.DCMI_DMAError
                0x0800200a       0x20 build/stm32u5xx_hal_dcmi.o
 .text.HAL_DCMI_LineEventCallback
                0x0800202a        0x2 build/stm32u5xx_hal_dcmi.o
                0x0800202a                HAL_DCMI_LineEventCallback
 .text.HAL_DCMI_VsyncEventCallback
                0x0800202c        0x2 build/stm32u5xx_hal_dcmi.o
                0x0800202c                HAL_DCMI_VsyncEventCallback
 *fill*         0x0800202e        0x2 
 .text.HAL_DCMI_IRQHandler
                0x08002030       0xc4 build/stm32u5xx_hal_dcmi.o
                0x08002030                HAL_DCMI_IRQHandler
 .text.DMA_SetConfig
                0x080020f4       0x2a build/stm32u5xx_hal_dma.o
 *fill*         0x0800211e        0x2 
 .text.HAL_DMA_DeInit
                0x08002120      0x100 build/stm32u5xx_hal_dma.o
                0x08002120                HAL_DMA_DeInit
 .text.HAL_DMA_Start_IT
                0x08002220       0x7a build/stm32u5xx_hal_dma.o
                0x08002220                HAL_DMA_Start_IT
 .text.HAL_DMA_Abort
                0x0800229a       0xac build/stm32u5xx_hal_dma.o
                0x0800229a                HAL_DMA_Abort
 .text.HAL_DMA_Abort_IT
                0x08002346       0x30 build/stm32u5xx_hal_dma.o
                0x08002346                HAL_DMA_Abort_IT
 .text.HAL_DMA_IRQHandler
                0x08002376      0x1b2 build/stm32u5xx_hal_dma.o
                0x08002376                HAL_DMA_IRQHandler
 .text.HAL_DMA_ConfigChannelAttributes
                0x08002528       0x46 build/stm32u5xx_hal_dma.o
                0x08002528                HAL_DMA_ConfigChannelAttributes
 *fill*         0x0800256e        0x2 
 .text.DMA_List_Init
                0x08002570      0x1b0 build/stm32u5xx_hal_dma_ex.o
 .text.DMA_List_BuildNode
                0x08002720      0x1ac build/stm32u5xx_hal_dma_ex.o
 .text.DMA_List_CheckNodesBaseAddresses
                0x080028cc       0x2e build/stm32u5xx_hal_dma_ex.o
 .text.DMA_List_CheckNodesTypes
                0x080028fa       0x3e build/stm32u5xx_hal_dma_ex.o
 .text.DMA_List_GetCLLRNodeInfo
                0x08002938       0x2c build/stm32u5xx_hal_dma_ex.o
 .text.DMA_List_FindNode
                0x08002964       0xcc build/stm32u5xx_hal_dma_ex.o
 .text.HAL_DMAEx_List_Init
                0x08002a30       0x5e build/stm32u5xx_hal_dma_ex.o
                0x08002a30                HAL_DMAEx_List_Init
 .text.HAL_DMAEx_List_Start_IT
                0x08002a8e       0xce build/stm32u5xx_hal_dma_ex.o
                0x08002a8e                HAL_DMAEx_List_Start_IT
 .text.HAL_DMAEx_List_BuildNode
                0x08002b5c       0x16 build/stm32u5xx_hal_dma_ex.o
                0x08002b5c                HAL_DMAEx_List_BuildNode
 .text.HAL_DMAEx_List_InsertNode
                0x08002b72      0x118 build/stm32u5xx_hal_dma_ex.o
                0x08002b72                HAL_DMAEx_List_InsertNode
 .text.HAL_DMAEx_List_SetCircularMode
                0x08002c8a       0x80 build/stm32u5xx_hal_dma_ex.o
                0x08002c8a                HAL_DMAEx_List_SetCircularMode
 *fill*         0x08002d0a        0x2 
 .text.HAL_DMAEx_List_LinkQ
                0x08002d0c       0xc8 build/stm32u5xx_hal_dma_ex.o
                0x08002d0c                HAL_DMAEx_List_LinkQ
 .text.HAL_InitTick
                0x08002dd4       0xac build/stm32u5xx_hal.o
                0x08002dd4                HAL_InitTick
 .text.HAL_Init
                0x08002e80       0x54 build/stm32u5xx_hal.o
                0x08002e80                HAL_Init
 .text.HAL_IncTick
                0x08002ed4       0x18 build/stm32u5xx_hal.o
                0x08002ed4                HAL_IncTick
 .text.HAL_GetTick
                0x08002eec        0xc build/stm32u5xx_hal.o
                0x08002eec                HAL_GetTick
 .text.HAL_Delay
                0x08002ef8       0x28 build/stm32u5xx_hal.o
                0x08002ef8                HAL_Delay
 .text.I2C_Flush_TXDR
                0x08002f20       0x22 build/stm32u5xx_hal_i2c.o
 .text.I2C_TransferConfig
                0x08002f42       0x3c build/stm32u5xx_hal_i2c.o
 .text.I2C_IsErrorOccurred
                0x08002f7e      0x114 build/stm32u5xx_hal_i2c.o
 .text.I2C_WaitOnTXISFlagUntilTimeout
                0x08003092       0x60 build/stm32u5xx_hal_i2c.o
 .text.I2C_WaitOnFlagUntilTimeout
                0x080030f2       0x7c build/stm32u5xx_hal_i2c.o
 *fill*         0x0800316e        0x2 
 .text.I2C_RequestMemoryWrite
                0x08003170       0x7c build/stm32u5xx_hal_i2c.o
 .text.I2C_RequestMemoryRead
                0x080031ec       0x78 build/stm32u5xx_hal_i2c.o
 .text.I2C_WaitOnSTOPFlagUntilTimeout
                0x08003264       0x5e build/stm32u5xx_hal_i2c.o
 .text.HAL_I2C_Init
                0x080032c2       0xc8 build/stm32u5xx_hal_i2c.o
                0x080032c2                HAL_I2C_Init
 .text.HAL_I2C_Mem_Write
                0x0800338a      0x1a8 build/stm32u5xx_hal_i2c.o
                0x0800338a                HAL_I2C_Mem_Write
 *fill*         0x08003532        0x2 
 .text.HAL_I2C_Mem_Read
                0x08003534      0x1b0 build/stm32u5xx_hal_i2c.o
                0x08003534                HAL_I2C_Mem_Read
 .text.HAL_I2C_GetError
                0x080036e4        0x4 build/stm32u5xx_hal_i2c.o
                0x080036e4                HAL_I2C_GetError
 .text.HAL_I2CEx_ConfigAnalogFilter
                0x080036e8       0x5c build/stm32u5xx_hal_i2c_ex.o
                0x080036e8                HAL_I2CEx_ConfigAnalogFilter
 .text.HAL_I2CEx_ConfigDigitalFilter
                0x08003744       0x58 build/stm32u5xx_hal_i2c_ex.o
                0x08003744                HAL_I2CEx_ConfigDigitalFilter
 .text.RCC_SetFlashLatencyFromMSIRange
                0x0800379c       0xc4 build/stm32u5xx_hal_rcc.o
 .text.HAL_RCC_GetSysClockFreq
                0x08003860      0x17c build/stm32u5xx_hal_rcc.o
                0x08003860                HAL_RCC_GetSysClockFreq
 .text.HAL_RCC_ClockConfig
                0x080039dc      0x30c build/stm32u5xx_hal_rcc.o
                0x080039dc                HAL_RCC_ClockConfig
 .text.HAL_RCC_GetHCLKFreq
                0x08003ce8       0x28 build/stm32u5xx_hal_rcc.o
                0x08003ce8                HAL_RCC_GetHCLKFreq
 .text.HAL_RCC_OscConfig
                0x08003d10      0xaa0 build/stm32u5xx_hal_rcc.o
                0x08003d10                HAL_RCC_OscConfig
 .text.HAL_RCC_GetPCLK1Freq
                0x080047b0       0x20 build/stm32u5xx_hal_rcc.o
                0x080047b0                HAL_RCC_GetPCLK1Freq
 .text.HAL_RCC_GetPCLK2Freq
                0x080047d0       0x20 build/stm32u5xx_hal_rcc.o
                0x080047d0                HAL_RCC_GetPCLK2Freq
 .text.HAL_RCC_GetPCLK3Freq
                0x080047f0       0x20 build/stm32u5xx_hal_rcc.o
                0x080047f0                HAL_RCC_GetPCLK3Freq
 .text.RCCEx_PLL3_Config
                0x08004810       0xe0 build/stm32u5xx_hal_rcc_ex.o
 .text.RCCEx_PLL2_Config
                0x080048f0       0xe0 build/stm32u5xx_hal_rcc_ex.o
 .text.HAL_RCCEx_PeriphCLKConfig
                0x080049d0      0x66c build/stm32u5xx_hal_rcc_ex.o
                0x080049d0                HAL_RCCEx_PeriphCLKConfig
 .text.HAL_RCCEx_GetPLL1ClockFreq
                0x0800503c      0x21c build/stm32u5xx_hal_rcc_ex.o
                0x0800503c                HAL_RCCEx_GetPLL1ClockFreq
 .text.HAL_RCCEx_GetPLL2ClockFreq
                0x08005258      0x21c build/stm32u5xx_hal_rcc_ex.o
                0x08005258                HAL_RCCEx_GetPLL2ClockFreq
 .text.HAL_RCCEx_GetPLL3ClockFreq
                0x08005474      0x21c build/stm32u5xx_hal_rcc_ex.o
                0x08005474                HAL_RCCEx_GetPLL3ClockFreq
 .text.HAL_RCCEx_GetPeriphCLKFreq
                0x08005690      0xf48 build/stm32u5xx_hal_rcc_ex.o
                0x08005690                HAL_RCCEx_GetPeriphCLKFreq
 .text.HAL_GPIO_Init
                0x080065d8      0x228 build/stm32u5xx_hal_gpio.o
                0x080065d8                HAL_GPIO_Init
 .text.HAL_GPIO_DeInit
                0x08006800      0x104 build/stm32u5xx_hal_gpio.o
                0x08006800                HAL_GPIO_DeInit
 .text.HAL_GPIO_WritePin
                0x08006904        0xa build/stm32u5xx_hal_gpio.o
                0x08006904                HAL_GPIO_WritePin
 .text.HAL_GPIO_EXTI_Rising_Callback
                0x0800690e        0x2 build/stm32u5xx_hal_gpio.o
                0x0800690e                HAL_GPIO_EXTI_Rising_Callback
 .text.HAL_GPIO_EXTI_Falling_Callback
                0x08006910        0x2 build/stm32u5xx_hal_gpio.o
                0x08006910                HAL_GPIO_EXTI_Falling_Callback
 *fill*         0x08006912        0x2 
 .text.HAL_GPIO_EXTI_IRQHandler
                0x08006914       0x30 build/stm32u5xx_hal_gpio.o
                0x08006914                HAL_GPIO_EXTI_IRQHandler
 .text.HAL_PWREx_ControlVoltageScaling
                0x08006944       0xa0 build/stm32u5xx_hal_pwr_ex.o
                0x08006944                HAL_PWREx_ControlVoltageScaling
 .text.HAL_PWREx_GetVoltageRange
                0x080069e4       0x10 build/stm32u5xx_hal_pwr_ex.o
                0x080069e4                HAL_PWREx_GetVoltageRange
 .text.HAL_PWREx_EnableVddUSB
                0x080069f4       0x10 build/stm32u5xx_hal_pwr_ex.o
                0x080069f4                HAL_PWREx_EnableVddUSB
 .text.SPI_CloseTransfer
                0x08006a04       0xc8 build/stm32u5xx_hal_spi.o
 .text.SPI_GetPacketSize
                0x08006acc       0x10 build/stm32u5xx_hal_spi.o
 .text.SPI_WaitOnFlagUntilTimeout
                0x08006adc       0x48 build/stm32u5xx_hal_spi.o
 .text.HAL_SPI_Init
                0x08006b24      0x16c build/stm32u5xx_hal_spi.o
                0x08006b24                HAL_SPI_Init
 .text.HAL_SPI_Transmit
                0x08006c90      0x2f0 build/stm32u5xx_hal_spi.o
                0x08006c90                HAL_SPI_Transmit
 .text.HAL_SPIEx_SetConfigAutonomousMode
                0x08006f80       0x52 build/stm32u5xx_hal_spi_ex.o
                0x08006f80                HAL_SPIEx_SetConfigAutonomousMode
 *fill*         0x08006fd2        0x2 
 .text.TIM_OC1_SetConfig
                0x08006fd4       0xf0 build/stm32u5xx_hal_tim.o
 .text.TIM_OC3_SetConfig
                0x080070c4       0xcc build/stm32u5xx_hal_tim.o
 .text.TIM_OC4_SetConfig
                0x08007190       0xd0 build/stm32u5xx_hal_tim.o
 .text.TIM_OC5_SetConfig
                0x08007260       0x98 build/stm32u5xx_hal_tim.o
 .text.TIM_OC6_SetConfig
                0x080072f8       0x9c build/stm32u5xx_hal_tim.o
 .text.TIM_TI1_ConfigInputStage
                0x08007394       0x88 build/stm32u5xx_hal_tim.o
 .text.TIM_TI2_ConfigInputStage
                0x0800741c       0x54 build/stm32u5xx_hal_tim.o
 .text.TIM_ITRx_SetConfig
                0x08007470       0x14 build/stm32u5xx_hal_tim.o
 .text.HAL_TIM_PWM_MspInit
                0x08007484        0x2 build/stm32u5xx_hal_tim.o
                0x08007484                HAL_TIM_PWM_MspInit
 *fill*         0x08007486        0x2 
 .text.TIM_Base_SetConfig
                0x08007488      0x16c build/stm32u5xx_hal_tim.o
                0x08007488                TIM_Base_SetConfig
 .text.HAL_TIM_Base_Init
                0x080075f4       0x60 build/stm32u5xx_hal_tim.o
                0x080075f4                HAL_TIM_Base_Init
 .text.HAL_TIM_PWM_Init
                0x08007654       0x60 build/stm32u5xx_hal_tim.o
                0x08007654                HAL_TIM_PWM_Init
 .text.TIM_OC2_SetConfig
                0x080076b4       0xd0 build/stm32u5xx_hal_tim.o
                0x080076b4                TIM_OC2_SetConfig
 .text.HAL_TIM_PWM_ConfigChannel
                0x08007784      0x13a build/stm32u5xx_hal_tim.o
                0x08007784                HAL_TIM_PWM_ConfigChannel
 .text.TIM_ETR_SetConfig
                0x080078be       0x1a build/stm32u5xx_hal_tim.o
                0x080078be                TIM_ETR_SetConfig
 .text.HAL_TIM_ConfigClockSource
                0x080078d8      0x140 build/stm32u5xx_hal_tim.o
                0x080078d8                HAL_TIM_ConfigClockSource
 .text.TIM_CCxChannelCmd
                0x08007a18       0x1e build/stm32u5xx_hal_tim.o
                0x08007a18                TIM_CCxChannelCmd
 *fill*         0x08007a36        0x2 
 .text.HAL_TIM_PWM_Start
                0x08007a38      0x1d4 build/stm32u5xx_hal_tim.o
                0x08007a38                HAL_TIM_PWM_Start
 .text.HAL_TIMEx_MasterConfigSynchronization
                0x08007c0c       0xe8 build/stm32u5xx_hal_tim_ex.o
                0x08007c0c                HAL_TIMEx_MasterConfigSynchronization
 .text.HAL_TIMEx_ConfigBreakDeadTime
                0x08007cf4       0xb0 build/stm32u5xx_hal_tim_ex.o
                0x08007cf4                HAL_TIMEx_ConfigBreakDeadTime
 .text.UART_EndRxTransfer
                0x08007da4       0x56 build/stm32u5xx_hal_uart.o
 *fill*         0x08007dfa        0x2 
 .text.UART_SetConfig
                0x08007dfc      0x1d8 build/stm32u5xx_hal_uart.o
                0x08007dfc                UART_SetConfig
 .text.UART_AdvFeatureConfig
                0x08007fd4       0xca build/stm32u5xx_hal_uart.o
                0x08007fd4                UART_AdvFeatureConfig
 .text.UART_WaitOnFlagUntilTimeout
                0x0800809e       0x9e build/stm32u5xx_hal_uart.o
                0x0800809e                UART_WaitOnFlagUntilTimeout
 .text.HAL_UART_Transmit
                0x0800813c       0xe6 build/stm32u5xx_hal_uart.o
                0x0800813c                HAL_UART_Transmit
 .text.UART_CheckIdleState
                0x08008222       0xca build/stm32u5xx_hal_uart.o
                0x08008222                UART_CheckIdleState
 .text.HAL_UART_Init
                0x080082ec       0x66 build/stm32u5xx_hal_uart.o
                0x080082ec                HAL_UART_Init
 *fill*         0x08008352        0x2 
 .text.UARTEx_SetNbDataToProcess
                0x08008354       0x4c build/stm32u5xx_hal_uart_ex.o
 .text.HAL_UARTEx_DisableFifoMode
                0x080083a0       0x3e build/stm32u5xx_hal_uart_ex.o
                0x080083a0                HAL_UARTEx_DisableFifoMode
 .text.HAL_UARTEx_SetTxFifoThreshold
                0x080083de       0x4a build/stm32u5xx_hal_uart_ex.o
                0x080083de                HAL_UARTEx_SetTxFifoThreshold
 .text.HAL_UARTEx_SetRxFifoThreshold
                0x08008428       0x4a build/stm32u5xx_hal_uart_ex.o
                0x08008428                HAL_UARTEx_SetRxFifoThreshold
 *fill*         0x08008472        0x2 
 .text.HAL_PCD_Init
                0x08008474      0x118 build/stm32u5xx_hal_pcd.o
                0x08008474                HAL_PCD_Init
 .text.HAL_PCDEx_ActivateLPM
                0x0800858c       0x26 build/stm32u5xx_hal_pcd_ex.o
                0x0800858c                HAL_PCDEx_ActivateLPM
 .text.USB_CoreReset
                0x080085b2       0x58 build/stm32u5xx_ll_usb.o
 .text.USB_CoreInit
                0x0800860a       0x3a build/stm32u5xx_ll_usb.o
                0x0800860a                USB_CoreInit
 .text.USB_DisableGlobalInt
                0x08008644        0xc build/stm32u5xx_ll_usb.o
                0x08008644                USB_DisableGlobalInt
 .text.USB_FlushTxFifo
                0x08008650       0x4a build/stm32u5xx_ll_usb.o
                0x08008650                USB_FlushTxFifo
 .text.USB_FlushRxFifo
                0x0800869a       0x46 build/stm32u5xx_ll_usb.o
                0x0800869a                USB_FlushRxFifo
 .text.USB_SetDevSpeed
                0x080086e0        0xe build/stm32u5xx_ll_usb.o
                0x080086e0                USB_SetDevSpeed
 *fill*         0x080086ee        0x2 
 .text.USB_DevInit
                0x080086f0      0x16c build/stm32u5xx_ll_usb.o
                0x080086f0                USB_DevInit
 .text.USB_DevDisconnect
                0x0800885c       0x1c build/stm32u5xx_ll_usb.o
                0x0800885c                USB_DevDisconnect
 .text.USB_GetMode
                0x08008878        0x8 build/stm32u5xx_ll_usb.o
                0x08008878                USB_GetMode
 .text.USB_SetCurrentMode
                0x08008880       0x62 build/stm32u5xx_ll_usb.o
                0x08008880                USB_SetCurrentMode
 *fill*         0x080088e2        0x2 
 .text.SystemInit
                0x080088e4       0x44 build/system_stm32u5xx.o
                0x080088e4                SystemInit
 .text._sbrk    0x08008928       0x48 build/sysmem.o
                0x08008928                _sbrk
 .text._getpid  0x08008970        0x4 build/syscalls.o
                0x08008970                _getpid
 .text._kill    0x08008974       0x10 build/syscalls.o
                0x08008974                _kill
 .text._exit    0x08008984        0xc build/syscalls.o
                0x08008984                _exit
 .text._read    0x08008990       0x20 build/syscalls.o
                0x08008990                _read
 .text._close   0x080089b0        0x6 build/syscalls.o
                0x080089b0                _close
 .text._fstat   0x080089b6        0xa build/syscalls.o
                0x080089b6                _fstat
 .text._isatty  0x080089c0        0x4 build/syscalls.o
                0x080089c0                _isatty
 .text._lseek   0x080089c4        0x4 build/syscalls.o
                0x080089c4                _lseek
 .text.__2printf
                0x080089c8       0x1c build/syscalls.o
                0x080089c8                __2printf
 .text.Lora_data_init
                0x080089e4       0x84 build/lora.o
                0x080089e4                Lora_data_init
 .text.i2c_data_read
                0x08008a68       0x2c build/data_rw.o
                0x08008a68                i2c_data_read
 .text.i2c_check_access_done
                0x08008a94       0x5c build/data_rw.o
 .text.i2c_data_write
                0x08008af0       0x44 build/data_rw.o
                0x08008af0                i2c_data_write
 .text.vdcmd_init_by_type
                0x08008b34        0xc build/falcon_cmd.o
                0x08008b34                vdcmd_init_by_type
 .text.set_prop_auto_shutter_params
                0x08008b40       0xaa build/falcon_cmd.o
                0x08008b40                set_prop_auto_shutter_params
 .text.get_prop_tpd_params
                0x08008bea       0x64 build/falcon_cmd.o
                0x08008bea                get_prop_tpd_params
 .text.y16_preview_start
                0x08008c4e       0x2c build/falcon_cmd.o
                0x08008c4e                y16_preview_start
 .text.preview_start
                0x08008c7a       0x64 build/falcon_cmd.o
                0x08008c7a                preview_start
 .text.tpd_get_rect_temp_info
                0x08008cde       0xb8 build/falcon_cmd.o
                0x08008cde                tpd_get_rect_temp_info
 .text.spi_read
                0x08008d96       0x3c build/falcon_cmd.o
                0x08008d96                spi_read
 *fill*         0x08008dd2        0x2 
 .text.read_nuc_parameter
                0x08008dd4       0x60 build/tinyAdjust.o
                0x08008dd4                read_nuc_parameter
 .text.calculate_org_env_cali_parameter
                0x08008e34       0x64 build/tinyAdjust.o
                0x08008e34                calculate_org_env_cali_parameter
 .text.vdcmd_rw_handle_register
                0x08008e98       0x30 build/vdcmd.o
                0x08008e98                vdcmd_rw_handle_register
 .text.standard_cmd_read
                0x08008ec8       0xac build/vdcmd.o
                0x08008ec8                standard_cmd_read
 .text.standard_cmd_write
                0x08008f74      0x178 build/vdcmd.o
                0x08008f74                standard_cmd_write
 .text.long_cmd_read
                0x080090ec       0xac build/vdcmd.o
                0x080090ec                long_cmd_read
 .text.long_cmd_write
                0x08009198       0x88 build/vdcmd.o
                0x08009198                long_cmd_write
 .text._bsp_tinyc_256_irq_all
                0x08009220        0xc build/tinycTask.o
                0x08009220                _bsp_tinyc_256_irq_all
 .text.tinyc_render_frame_to_lcd
                0x0800922c       0x64 build/tinycTask.o
 .text.TINYC_256_Start
                0x08009290       0x1c build/tinycTask.o
                0x08009290                TINYC_256_Start
 .text.tinycTaskInit
                0x080092ac      0x158 build/tinycTask.o
                0x080092ac                tinycTaskInit
 .text.TINYC_256_Task
                0x08009404       0x50 build/tinycTask.o
                0x08009404                TINYC_256_Task
 .text.MX_GPDMA1_Init
                0x08009454       0x38 build/gpdma.o
                0x08009454                MX_GPDMA1_Init
 .text.ST7789_WriteCommand
                0x0800948c       0x4c build/st7789.o
 .text.ST7789_WriteSmallData
                0x080094d8       0x4c build/st7789.o
 .text.ST7789_WriteData
                0x08009524       0x5c build/st7789.o
 .text.ST7789_SetAddressWindow
                0x08009580       0x84 build/st7789.o
 .text.ST7789_SetRotation
                0x08009604       0x36 build/st7789.o
                0x08009604                ST7789_SetRotation
 *fill*         0x0800963a        0x2 
 .text.ST7789_Fill_Color
                0x0800963c       0x60 build/st7789.o
                0x0800963c                ST7789_Fill_Color
 .text.ST7789_Init
                0x0800969c      0x134 build/st7789.o
                0x0800969c                ST7789_Init
 .text.ST7789_DrawImage
                0x080097d0       0x70 build/st7789.o
                0x080097d0                ST7789_DrawImage
 .text.gray_to_rgb565
                0x08009840      0x280 build/utils.o
                0x08009840                gray_to_rgb565
 .text.medianFilter3x3
                0x08009ac0      0x238 build/utils.o
                0x08009ac0                medianFilter3x3
 .text.sharpen3x3
                0x08009cf8       0xcc build/utils.o
                0x08009cf8                sharpen3x3
 .text.grayImageToRGB
                0x08009dc4       0x64 build/utils.o
                0x08009dc4                grayImageToRGB
 .text.color_shift_cooler
                0x08009e28       0x18 build/utils.o
                0x08009e28                color_shift_cooler
 .text.color_shift_warmer
                0x08009e40       0x18 build/utils.o
                0x08009e40                color_shift_warmer
 .text.grayImageLarger
                0x08009e58      0x160 build/utils.o
                0x08009e58                grayImageLarger
 .text.Reset_Handler
                0x08009fb8       0x50 build/startup_stm32u575xx.o
                0x08009fb8                Reset_Handler
 .text.Default_Handler
                0x0800a008        0x2 build/startup_stm32u575xx.o
                0x0800a008                EXTI2_IRQHandler
                0x0800a008                TIM8_TRG_COM_IRQHandler
                0x0800a008                TIM8_CC_IRQHandler
                0x0800a008                EXTI5_IRQHandler
                0x0800a008                FLASH_S_IRQHandler
                0x0800a008                EXTI13_IRQHandler
                0x0800a008                TIM1_CC_IRQHandler
                0x0800a008                TSC_IRQHandler
                0x0800a008                TAMP_IRQHandler
                0x0800a008                TIM6_IRQHandler
                0x0800a008                EXTI12_IRQHandler
                0x0800a008                CORDIC_IRQHandler
                0x0800a008                EXTI3_IRQHandler
                0x0800a008                LPTIM4_IRQHandler
                0x0800a008                GPDMA1_Channel5_IRQHandler
                0x0800a008                EXTI8_IRQHandler
                0x0800a008                LPTIM2_IRQHandler
                0x0800a008                I2C3_ER_IRQHandler
                0x0800a008                PWR_S3WU_IRQHandler
                0x0800a008                MDF1_FLT2_IRQHandler
                0x0800a008                LPDMA1_Channel3_IRQHandler
                0x0800a008                LPTIM3_IRQHandler
                0x0800a008                I2C2_EV_IRQHandler
                0x0800a008                FPU_IRQHandler
                0x0800a008                GPDMA1_Channel3_IRQHandler
                0x0800a008                GPDMA1_Channel7_IRQHandler
                0x0800a008                MDF1_FLT4_IRQHandler
                0x0800a008                FDCAN1_IT1_IRQHandler
                0x0800a008                RAMCFG_IRQHandler
                0x0800a008                GPDMA1_Channel9_IRQHandler
                0x0800a008                DCACHE1_IRQHandler
                0x0800a008                SPI1_IRQHandler
                0x0800a008                OCTOSPI1_IRQHandler
                0x0800a008                GPDMA1_Channel2_IRQHandler
                0x0800a008                TIM8_UP_IRQHandler
                0x0800a008                RCC_S_IRQHandler
                0x0800a008                OCTOSPI2_IRQHandler
                0x0800a008                SAI2_IRQHandler
                0x0800a008                MDF1_FLT1_IRQHandler
                0x0800a008                ADC1_IRQHandler
                0x0800a008                MDF1_FLT5_IRQHandler
                0x0800a008                EXTI15_IRQHandler
                0x0800a008                TIM17_IRQHandler
                0x0800a008                USART3_IRQHandler
                0x0800a008                RTC_IRQHandler
                0x0800a008                EXTI9_IRQHandler
                0x0800a008                UART5_IRQHandler
                0x0800a008                TIM4_IRQHandler
                0x0800a008                I2C1_EV_IRQHandler
                0x0800a008                GPDMA1_Channel12_IRQHandler
                0x0800a008                GPDMA1_Channel1_IRQHandler
                0x0800a008                TIM16_IRQHandler
                0x0800a008                GPDMA1_Channel15_IRQHandler
                0x0800a008                UART4_IRQHandler
                0x0800a008                SecureFault_Handler
                0x0800a008                TIM3_IRQHandler
                0x0800a008                RCC_IRQHandler
                0x0800a008                TIM1_TRG_COM_IRQHandler
                0x0800a008                Default_Handler
                0x0800a008                GPDMA1_Channel8_IRQHandler
                0x0800a008                FMAC_IRQHandler
                0x0800a008                GPDMA1_Channel11_IRQHandler
                0x0800a008                TIM7_IRQHandler
                0x0800a008                SDMMC1_IRQHandler
                0x0800a008                TIM5_IRQHandler
                0x0800a008                UCPD1_IRQHandler
                0x0800a008                TIM15_IRQHandler
                0x0800a008                I2C3_EV_IRQHandler
                0x0800a008                LPDMA1_Channel0_IRQHandler
                0x0800a008                PVD_PVM_IRQHandler
                0x0800a008                SPI2_IRQHandler
                0x0800a008                LPDMA1_Channel1_IRQHandler
                0x0800a008                EXTI14_IRQHandler
                0x0800a008                EXTI11_IRQHandler
                0x0800a008                CRS_IRQHandler
                0x0800a008                GPDMA1_Channel14_IRQHandler
                0x0800a008                LSECSSD_IRQHandler
                0x0800a008                EXTI4_IRQHandler
                0x0800a008                RTC_S_IRQHandler
                0x0800a008                GPDMA1_Channel13_IRQHandler
                0x0800a008                RNG_IRQHandler
                0x0800a008                COMP_IRQHandler
                0x0800a008                TIM1_UP_IRQHandler
                0x0800a008                ADC4_IRQHandler
                0x0800a008                WWDG_IRQHandler
                0x0800a008                I2C4_EV_IRQHandler
                0x0800a008                ADF1_IRQHandler
                0x0800a008                IWDG_IRQHandler
                0x0800a008                LPUART1_IRQHandler
                0x0800a008                MDF1_FLT0_IRQHandler
                0x0800a008                FDCAN1_IT0_IRQHandler
                0x0800a008                TIM2_IRQHandler
                0x0800a008                GPDMA1_Channel4_IRQHandler
                0x0800a008                EXTI7_IRQHandler
                0x0800a008                DMA2D_IRQHandler
                0x0800a008                TIM1_BRK_IRQHandler
                0x0800a008                SDMMC2_IRQHandler
                0x0800a008                DAC1_IRQHandler
                0x0800a008                GTZC_IRQHandler
                0x0800a008                MDF1_FLT3_IRQHandler
                0x0800a008                USART2_IRQHandler
                0x0800a008                GPDMA1_Channel6_IRQHandler
                0x0800a008                I2C2_ER_IRQHandler
                0x0800a008                TIM8_BRK_IRQHandler
                0x0800a008                FLASH_IRQHandler
                0x0800a008                USART1_IRQHandler
                0x0800a008                EXTI10_IRQHandler
                0x0800a008                OTG_FS_IRQHandler
                0x0800a008                SPI3_IRQHandler
                0x0800a008                LPDMA1_Channel2_IRQHandler
                0x0800a008                I2C1_ER_IRQHandler
                0x0800a008                FMC_IRQHandler
                0x0800a008                EXTI6_IRQHandler
                0x0800a008                LPTIM1_IRQHandler
                0x0800a008                I2C4_ER_IRQHandler
                0x0800a008                GPDMA1_Channel10_IRQHandler
                0x0800a008                ICACHE_IRQHandler
                0x0800a008                SAI1_IRQHandler
                0x0800a008                HASH_IRQHandler
 *fill*         0x0800a00a        0x2 
 .text.stdio_exit_handler
                0x0800a00c       0x18 D:/armtoolchain/arm-gnu-toolchain-13.3.rel1-mingw-w64-i686-arm-none-eabi/bin/../lib/gcc/arm-none-eabi/13.3.1/thumb/v8-m.main+fp/hard\libc.a(libc_a-findfp.o)
 .text.cleanup_stdio
                0x0800a024       0x40 D:/armtoolchain/arm-gnu-toolchain-13.3.rel1-mingw-w64-i686-arm-none-eabi/bin/../lib/gcc/arm-none-eabi/13.3.1/thumb/v8-m.main+fp/hard\libc.a(libc_a-findfp.o)
 .text.global_stdio_init.part.0
                0x0800a064       0xf0 D:/armtoolchain/arm-gnu-toolchain-13.3.rel1-mingw-w64-i686-arm-none-eabi/bin/../lib/gcc/arm-none-eabi/13.3.1/thumb/v8-m.main+fp/hard\libc.a(libc_a-findfp.o)
 .text.__sinit  0x0800a154       0x3c D:/armtoolchain/arm-gnu-toolchain-13.3.rel1-mingw-w64-i686-arm-none-eabi/bin/../lib/gcc/arm-none-eabi/13.3.1/thumb/v8-m.main+fp/hard\libc.a(libc_a-findfp.o)
                0x0800a154                __sinit
 .text.__sfp_lock_acquire
                0x0800a190        0xc D:/armtoolchain/arm-gnu-toolchain-13.3.rel1-mingw-w64-i686-arm-none-eabi/bin/../lib/gcc/arm-none-eabi/13.3.1/thumb/v8-m.main+fp/hard\libc.a(libc_a-findfp.o)
                0x0800a190                __sfp_lock_acquire
 .text.__sfp_lock_release
                0x0800a19c        0xc D:/armtoolchain/arm-gnu-toolchain-13.3.rel1-mingw-w64-i686-arm-none-eabi/bin/../lib/gcc/arm-none-eabi/13.3.1/thumb/v8-m.main+fp/hard\libc.a(libc_a-findfp.o)
                0x0800a19c                __sfp_lock_release
 .text._fwalk_sglue
                0x0800a1a8       0x44 D:/armtoolchain/arm-gnu-toolchain-13.3.rel1-mingw-w64-i686-arm-none-eabi/bin/../lib/gcc/arm-none-eabi/13.3.1/thumb/v8-m.main+fp/hard\libc.a(libc_a-fwalk.o)
                0x0800a1a8                _fwalk_sglue
 .text.__sread  0x0800a1ec       0x24 D:/armtoolchain/arm-gnu-toolchain-13.3.rel1-mingw-w64-i686-arm-none-eabi/bin/../lib/gcc/arm-none-eabi/13.3.1/thumb/v8-m.main+fp/hard\libc.a(libc_a-stdio.o)
                0x0800a1ec                __sread
 .text.__swrite
                0x0800a210       0x40 D:/armtoolchain/arm-gnu-toolchain-13.3.rel1-mingw-w64-i686-arm-none-eabi/bin/../lib/gcc/arm-none-eabi/13.3.1/thumb/v8-m.main+fp/hard\libc.a(libc_a-stdio.o)
                0x0800a210                __swrite
 .text.__sseek  0x0800a250       0x28 D:/armtoolchain/arm-gnu-toolchain-13.3.rel1-mingw-w64-i686-arm-none-eabi/bin/../lib/gcc/arm-none-eabi/13.3.1/thumb/v8-m.main+fp/hard\libc.a(libc_a-stdio.o)
                0x0800a250                __sseek
 .text.__sclose
                0x0800a278        0x8 D:/armtoolchain/arm-gnu-toolchain-13.3.rel1-mingw-w64-i686-arm-none-eabi/bin/../lib/gcc/arm-none-eabi/13.3.1/thumb/v8-m.main+fp/hard\libc.a(libc_a-stdio.o)
                0x0800a278                __sclose
 .text.vprintf  0x0800a280       0x18 D:/armtoolchain/arm-gnu-toolchain-13.3.rel1-mingw-w64-i686-arm-none-eabi/bin/../lib/gcc/arm-none-eabi/13.3.1/thumb/v8-m.main+fp/hard\libc.a(libc_a-vprintf.o)
                0x0800a280                vprintf
 .text.memset   0x0800a298       0xa4 D:/armtoolchain/arm-gnu-toolchain-13.3.rel1-mingw-w64-i686-arm-none-eabi/bin/../lib/gcc/arm-none-eabi/13.3.1/thumb/v8-m.main+fp/hard\libc.a(libc_a-memset.o)
                0x0800a298                memset
 .text._close_r
                0x0800a33c       0x24 D:/armtoolchain/arm-gnu-toolchain-13.3.rel1-mingw-w64-i686-arm-none-eabi/bin/../lib/gcc/arm-none-eabi/13.3.1/thumb/v8-m.main+fp/hard\libc.a(libc_a-closer.o)
                0x0800a33c                _close_r
 .text._lseek_r
                0x0800a360       0x2c D:/armtoolchain/arm-gnu-toolchain-13.3.rel1-mingw-w64-i686-arm-none-eabi/bin/../lib/gcc/arm-none-eabi/13.3.1/thumb/v8-m.main+fp/hard\libc.a(libc_a-lseekr.o)
                0x0800a360                _lseek_r
 .text._read_r  0x0800a38c       0x2c D:/armtoolchain/arm-gnu-toolchain-13.3.rel1-mingw-w64-i686-arm-none-eabi/bin/../lib/gcc/arm-none-eabi/13.3.1/thumb/v8-m.main+fp/hard\libc.a(libc_a-readr.o)
                0x0800a38c                _read_r
 .text._write_r
                0x0800a3b8       0x2c D:/armtoolchain/arm-gnu-toolchain-13.3.rel1-mingw-w64-i686-arm-none-eabi/bin/../lib/gcc/arm-none-eabi/13.3.1/thumb/v8-m.main+fp/hard\libc.a(libc_a-writer.o)
                0x0800a3b8                _write_r
 .text.__errno  0x0800a3e4        0xc D:/armtoolchain/arm-gnu-toolchain-13.3.rel1-mingw-w64-i686-arm-none-eabi/bin/../lib/gcc/arm-none-eabi/13.3.1/thumb/v8-m.main+fp/hard\libc.a(libc_a-errno.o)
                0x0800a3e4                __errno
 .text.__libc_init_array
                0x0800a3f0       0x50 D:/armtoolchain/arm-gnu-toolchain-13.3.rel1-mingw-w64-i686-arm-none-eabi/bin/../lib/gcc/arm-none-eabi/13.3.1/thumb/v8-m.main+fp/hard\libc.a(libc_a-init.o)
                0x0800a3f0                __libc_init_array
 .text.__retarget_lock_init_recursive
                0x0800a440        0x4 D:/armtoolchain/arm-gnu-toolchain-13.3.rel1-mingw-w64-i686-arm-none-eabi/bin/../lib/gcc/arm-none-eabi/13.3.1/thumb/v8-m.main+fp/hard\libc.a(libc_a-lock.o)
                0x0800a440                __retarget_lock_init_recursive
 .text.__retarget_lock_close_recursive
                0x0800a444        0x4 D:/armtoolchain/arm-gnu-toolchain-13.3.rel1-mingw-w64-i686-arm-none-eabi/bin/../lib/gcc/arm-none-eabi/13.3.1/thumb/v8-m.main+fp/hard\libc.a(libc_a-lock.o)
                0x0800a444                __retarget_lock_close_recursive
 .text.__retarget_lock_acquire_recursive
                0x0800a448        0x4 D:/armtoolchain/arm-gnu-toolchain-13.3.rel1-mingw-w64-i686-arm-none-eabi/bin/../lib/gcc/arm-none-eabi/13.3.1/thumb/v8-m.main+fp/hard\libc.a(libc_a-lock.o)
                0x0800a448                __retarget_lock_acquire_recursive
 .text.__retarget_lock_release_recursive
                0x0800a44c        0x4 D:/armtoolchain/arm-gnu-toolchain-13.3.rel1-mingw-w64-i686-arm-none-eabi/bin/../lib/gcc/arm-none-eabi/13.3.1/thumb/v8-m.main+fp/hard\libc.a(libc_a-lock.o)
                0x0800a44c                __retarget_lock_release_recursive
 .text.strlen   0x0800a450       0x5c D:/armtoolchain/arm-gnu-toolchain-13.3.rel1-mingw-w64-i686-arm-none-eabi/bin/../lib/gcc/arm-none-eabi/13.3.1/thumb/v8-m.main+fp/hard\libc.a(libc_a-strlen-stub.o)
                0x0800a450                strlen
 .text.startup.register_fini
                0x0800a4ac       0x14 D:/armtoolchain/arm-gnu-toolchain-13.3.rel1-mingw-w64-i686-arm-none-eabi/bin/../lib/gcc/arm-none-eabi/13.3.1/thumb/v8-m.main+fp/hard\libc.a(libc_a-__call_atexit.o)
 .text.atexit   0x0800a4c0        0xc D:/armtoolchain/arm-gnu-toolchain-13.3.rel1-mingw-w64-i686-arm-none-eabi/bin/../lib/gcc/arm-none-eabi/13.3.1/thumb/v8-m.main+fp/hard\libc.a(libc_a-atexit.o)
                0x0800a4c0                atexit
 .text._malloc_trim_r
                0x0800a4cc       0xb8 D:/armtoolchain/arm-gnu-toolchain-13.3.rel1-mingw-w64-i686-arm-none-eabi/bin/../lib/gcc/arm-none-eabi/13.3.1/thumb/v8-m.main+fp/hard\libc.a(libc_a-freer.o)
                0x0800a4cc                _malloc_trim_r
 .text._free_r  0x0800a584      0x1f8 D:/armtoolchain/arm-gnu-toolchain-13.3.rel1-mingw-w64-i686-arm-none-eabi/bin/../lib/gcc/arm-none-eabi/13.3.1/thumb/v8-m.main+fp/hard\libc.a(libc_a-freer.o)
                0x0800a584                _free_r
 .text._malloc_r
                0x0800a77c      0x554 D:/armtoolchain/arm-gnu-toolchain-13.3.rel1-mingw-w64-i686-arm-none-eabi/bin/../lib/gcc/arm-none-eabi/13.3.1/thumb/v8-m.main+fp/hard\libc.a(libc_a-mallocr.o)
                0x0800a77c                _malloc_r
 .text.__malloc_lock
                0x0800acd0        0xc D:/armtoolchain/arm-gnu-toolchain-13.3.rel1-mingw-w64-i686-arm-none-eabi/bin/../lib/gcc/arm-none-eabi/13.3.1/thumb/v8-m.main+fp/hard\libc.a(libc_a-mlock.o)
                0x0800acd0                __malloc_lock
 .text.__malloc_unlock
                0x0800acdc        0xc D:/armtoolchain/arm-gnu-toolchain-13.3.rel1-mingw-w64-i686-arm-none-eabi/bin/../lib/gcc/arm-none-eabi/13.3.1/thumb/v8-m.main+fp/hard\libc.a(libc_a-mlock.o)
                0x0800acdc                __malloc_unlock
 .text._vfprintf_r
                0x0800ace8     0x1c70 D:/armtoolchain/arm-gnu-toolchain-13.3.rel1-mingw-w64-i686-arm-none-eabi/bin/../lib/gcc/arm-none-eabi/13.3.1/thumb/v8-m.main+fp/hard\libc.a(libc_a-vfprintf.o)
                0x0800ace8                _vfprintf_r
 .text.__sbprintf
                0x0800c958       0x80 D:/armtoolchain/arm-gnu-toolchain-13.3.rel1-mingw-w64-i686-arm-none-eabi/bin/../lib/gcc/arm-none-eabi/13.3.1/thumb/v8-m.main+fp/hard\libc.a(libc_a-vfprintf.o)
 .text.__sprint_r
                0x0800c9d8       0x20 D:/armtoolchain/arm-gnu-toolchain-13.3.rel1-mingw-w64-i686-arm-none-eabi/bin/../lib/gcc/arm-none-eabi/13.3.1/thumb/v8-m.main+fp/hard\libc.a(libc_a-sprint_r.o)
                0x0800c9d8                __sprint_r
 .text._fclose_r
                0x0800c9f8       0xc0 D:/armtoolchain/arm-gnu-toolchain-13.3.rel1-mingw-w64-i686-arm-none-eabi/bin/../lib/gcc/arm-none-eabi/13.3.1/thumb/v8-m.main+fp/hard\libc.a(libc_a-fclose.o)
                0x0800c9f8                _fclose_r
 .text.__sflush_r
                0x0800cab8      0x138 D:/armtoolchain/arm-gnu-toolchain-13.3.rel1-mingw-w64-i686-arm-none-eabi/bin/../lib/gcc/arm-none-eabi/13.3.1/thumb/v8-m.main+fp/hard\libc.a(libc_a-fflush.o)
                0x0800cab8                __sflush_r
 .text._fflush_r
                0x0800cbf0       0x54 D:/armtoolchain/arm-gnu-toolchain-13.3.rel1-mingw-w64-i686-arm-none-eabi/bin/../lib/gcc/arm-none-eabi/13.3.1/thumb/v8-m.main+fp/hard\libc.a(libc_a-fflush.o)
                0x0800cbf0                _fflush_r
 .text.__sfvwrite_r
                0x0800cc44      0x300 D:/armtoolchain/arm-gnu-toolchain-13.3.rel1-mingw-w64-i686-arm-none-eabi/bin/../lib/gcc/arm-none-eabi/13.3.1/thumb/v8-m.main+fp/hard\libc.a(libc_a-fvwrite.o)
                0x0800cc44                __sfvwrite_r
 .text.__swsetup_r
                0x0800cf44       0xc4 D:/armtoolchain/arm-gnu-toolchain-13.3.rel1-mingw-w64-i686-arm-none-eabi/bin/../lib/gcc/arm-none-eabi/13.3.1/thumb/v8-m.main+fp/hard\libc.a(libc_a-wsetup.o)
                0x0800cf44                __swsetup_r
 .text.memmove  0x0800d008      0x100 D:/armtoolchain/arm-gnu-toolchain-13.3.rel1-mingw-w64-i686-arm-none-eabi/bin/../lib/gcc/arm-none-eabi/13.3.1/thumb/v8-m.main+fp/hard\libc.a(libc_a-memmove.o)
                0x0800d008                memmove
 .text.strncpy  0x0800d108       0x64 D:/armtoolchain/arm-gnu-toolchain-13.3.rel1-mingw-w64-i686-arm-none-eabi/bin/../lib/gcc/arm-none-eabi/13.3.1/thumb/v8-m.main+fp/hard\libc.a(libc_a-strncpy.o)
                0x0800d108                strncpy
 .text.__locale_mb_cur_max
                0x0800d16c        0xc D:/armtoolchain/arm-gnu-toolchain-13.3.rel1-mingw-w64-i686-arm-none-eabi/bin/../lib/gcc/arm-none-eabi/13.3.1/thumb/v8-m.main+fp/hard\libc.a(libc_a-locale.o)
                0x0800d16c                __locale_mb_cur_max
 .text._localeconv_r
                0x0800d178        0x8 D:/armtoolchain/arm-gnu-toolchain-13.3.rel1-mingw-w64-i686-arm-none-eabi/bin/../lib/gcc/arm-none-eabi/13.3.1/thumb/v8-m.main+fp/hard\libc.a(libc_a-localeconv.o)
                0x0800d178                _localeconv_r
 .text._sbrk_r  0x0800d180       0x24 D:/armtoolchain/arm-gnu-toolchain-13.3.rel1-mingw-w64-i686-arm-none-eabi/bin/../lib/gcc/arm-none-eabi/13.3.1/thumb/v8-m.main+fp/hard\libc.a(libc_a-sbrkr.o)
                0x0800d180                _sbrk_r
 .text.__libc_fini_array
                0x0800d1a4       0x28 D:/armtoolchain/arm-gnu-toolchain-13.3.rel1-mingw-w64-i686-arm-none-eabi/bin/../lib/gcc/arm-none-eabi/13.3.1/thumb/v8-m.main+fp/hard\libc.a(libc_a-fini.o)
                0x0800d1a4                __libc_fini_array
 .text.sysconf  0x0800d1cc       0x1c D:/armtoolchain/arm-gnu-toolchain-13.3.rel1-mingw-w64-i686-arm-none-eabi/bin/../lib/gcc/arm-none-eabi/13.3.1/thumb/v8-m.main+fp/hard\libc.a(libc_a-sysconf.o)
                0x0800d1cc                sysconf
 .text.memchr   0x0800d1e8       0x98 D:/armtoolchain/arm-gnu-toolchain-13.3.rel1-mingw-w64-i686-arm-none-eabi/bin/../lib/gcc/arm-none-eabi/13.3.1/thumb/v8-m.main+fp/hard\libc.a(libc_a-memchr-stub.o)
                0x0800d1e8                memchr
 .text.frexp    0x0800d280       0x64 D:/armtoolchain/arm-gnu-toolchain-13.3.rel1-mingw-w64-i686-arm-none-eabi/bin/../lib/gcc/arm-none-eabi/13.3.1/thumb/v8-m.main+fp/hard\libc.a(libm_a-s_frexp.o)
                0x0800d280                frexp
 .text.__register_exitproc
                0x0800d2e4       0x84 D:/armtoolchain/arm-gnu-toolchain-13.3.rel1-mingw-w64-i686-arm-none-eabi/bin/../lib/gcc/arm-none-eabi/13.3.1/thumb/v8-m.main+fp/hard\libc.a(libc_a-__atexit.o)
                0x0800d2e4                __register_exitproc
 .text.quorem   0x0800d368      0x138 D:/armtoolchain/arm-gnu-toolchain-13.3.rel1-mingw-w64-i686-arm-none-eabi/bin/../lib/gcc/arm-none-eabi/13.3.1/thumb/v8-m.main+fp/hard\libc.a(libc_a-dtoa.o)
 .text._dtoa_r  0x0800d4a0      0xedc D:/armtoolchain/arm-gnu-toolchain-13.3.rel1-mingw-w64-i686-arm-none-eabi/bin/../lib/gcc/arm-none-eabi/13.3.1/thumb/v8-m.main+fp/hard\libc.a(libc_a-dtoa.o)
                0x0800d4a0                _dtoa_r
 .text.__ascii_mbtowc
                0x0800e37c       0x2c D:/armtoolchain/arm-gnu-toolchain-13.3.rel1-mingw-w64-i686-arm-none-eabi/bin/../lib/gcc/arm-none-eabi/13.3.1/thumb/v8-m.main+fp/hard\libc.a(libc_a-mbtowc_r.o)
                0x0800e37c                __ascii_mbtowc
 .text._Balloc  0x0800e3a8       0x4c D:/armtoolchain/arm-gnu-toolchain-13.3.rel1-mingw-w64-i686-arm-none-eabi/bin/../lib/gcc/arm-none-eabi/13.3.1/thumb/v8-m.main+fp/hard\libc.a(libc_a-mprec.o)
                0x0800e3a8                _Balloc
 .text._Bfree   0x0800e3f4       0x14 D:/armtoolchain/arm-gnu-toolchain-13.3.rel1-mingw-w64-i686-arm-none-eabi/bin/../lib/gcc/arm-none-eabi/13.3.1/thumb/v8-m.main+fp/hard\libc.a(libc_a-mprec.o)
                0x0800e3f4                _Bfree
 .text.__multadd
                0x0800e408       0xa4 D:/armtoolchain/arm-gnu-toolchain-13.3.rel1-mingw-w64-i686-arm-none-eabi/bin/../lib/gcc/arm-none-eabi/13.3.1/thumb/v8-m.main+fp/hard\libc.a(libc_a-mprec.o)
                0x0800e408                __multadd
 .text.__hi0bits
                0x0800e4ac       0x48 D:/armtoolchain/arm-gnu-toolchain-13.3.rel1-mingw-w64-i686-arm-none-eabi/bin/../lib/gcc/arm-none-eabi/13.3.1/thumb/v8-m.main+fp/hard\libc.a(libc_a-mprec.o)
                0x0800e4ac                __hi0bits
 .text.__lo0bits
                0x0800e4f4       0x60 D:/armtoolchain/arm-gnu-toolchain-13.3.rel1-mingw-w64-i686-arm-none-eabi/bin/../lib/gcc/arm-none-eabi/13.3.1/thumb/v8-m.main+fp/hard\libc.a(libc_a-mprec.o)
                0x0800e4f4                __lo0bits
 .text.__i2b    0x0800e554       0x5c D:/armtoolchain/arm-gnu-toolchain-13.3.rel1-mingw-w64-i686-arm-none-eabi/bin/../lib/gcc/arm-none-eabi/13.3.1/thumb/v8-m.main+fp/hard\libc.a(libc_a-mprec.o)
                0x0800e554                __i2b
 .text.__multiply
                0x0800e5b0      0x164 D:/armtoolchain/arm-gnu-toolchain-13.3.rel1-mingw-w64-i686-arm-none-eabi/bin/../lib/gcc/arm-none-eabi/13.3.1/thumb/v8-m.main+fp/hard\libc.a(libc_a-mprec.o)
                0x0800e5b0                __multiply
 .text.__pow5mult
                0x0800e714       0xb4 D:/armtoolchain/arm-gnu-toolchain-13.3.rel1-mingw-w64-i686-arm-none-eabi/bin/../lib/gcc/arm-none-eabi/13.3.1/thumb/v8-m.main+fp/hard\libc.a(libc_a-mprec.o)
                0x0800e714                __pow5mult
 .text.__lshift
                0x0800e7c8       0xe8 D:/armtoolchain/arm-gnu-toolchain-13.3.rel1-mingw-w64-i686-arm-none-eabi/bin/../lib/gcc/arm-none-eabi/13.3.1/thumb/v8-m.main+fp/hard\libc.a(libc_a-mprec.o)
                0x0800e7c8                __lshift
 .text.__mcmp   0x0800e8b0       0x44 D:/armtoolchain/arm-gnu-toolchain-13.3.rel1-mingw-w64-i686-arm-none-eabi/bin/../lib/gcc/arm-none-eabi/13.3.1/thumb/v8-m.main+fp/hard\libc.a(libc_a-mprec.o)
                0x0800e8b0                __mcmp
 .text.__mdiff  0x0800e8f4      0x180 D:/armtoolchain/arm-gnu-toolchain-13.3.rel1-mingw-w64-i686-arm-none-eabi/bin/../lib/gcc/arm-none-eabi/13.3.1/thumb/v8-m.main+fp/hard\libc.a(libc_a-mprec.o)
                0x0800e8f4                __mdiff
 .text.__d2b    0x0800ea74       0xc0 D:/armtoolchain/arm-gnu-toolchain-13.3.rel1-mingw-w64-i686-arm-none-eabi/bin/../lib/gcc/arm-none-eabi/13.3.1/thumb/v8-m.main+fp/hard\libc.a(libc_a-mprec.o)
                0x0800ea74                __d2b
 .text._realloc_r
                0x0800eb34      0x370 D:/armtoolchain/arm-gnu-toolchain-13.3.rel1-mingw-w64-i686-arm-none-eabi/bin/../lib/gcc/arm-none-eabi/13.3.1/thumb/v8-m.main+fp/hard\libc.a(libc_a-reallocr.o)
                0x0800eb34                _realloc_r
 .text.__ascii_wctomb
                0x0800eea4       0x1c D:/armtoolchain/arm-gnu-toolchain-13.3.rel1-mingw-w64-i686-arm-none-eabi/bin/../lib/gcc/arm-none-eabi/13.3.1/thumb/v8-m.main+fp/hard\libc.a(libc_a-wctomb_r.o)
                0x0800eea4                __ascii_wctomb
 .text._wcrtomb_r
                0x0800eec0       0x4c D:/armtoolchain/arm-gnu-toolchain-13.3.rel1-mingw-w64-i686-arm-none-eabi/bin/../lib/gcc/arm-none-eabi/13.3.1/thumb/v8-m.main+fp/hard\libc.a(libc_a-wcrtomb.o)
                0x0800eec0                _wcrtomb_r
 .text._wcsrtombs_r
                0x0800ef0c       0x18 D:/armtoolchain/arm-gnu-toolchain-13.3.rel1-mingw-w64-i686-arm-none-eabi/bin/../lib/gcc/arm-none-eabi/13.3.1/thumb/v8-m.main+fp/hard\libc.a(libc_a-wcsrtombs.o)
                0x0800ef0c                _wcsrtombs_r
 .text.__smakebuf_r
                0x0800ef24       0xdc D:/armtoolchain/arm-gnu-toolchain-13.3.rel1-mingw-w64-i686-arm-none-eabi/bin/../lib/gcc/arm-none-eabi/13.3.1/thumb/v8-m.main+fp/hard\libc.a(libc_a-makebuf.o)
                0x0800ef24                __smakebuf_r
 .text._fstat_r
                0x0800f000       0x2c D:/armtoolchain/arm-gnu-toolchain-13.3.rel1-mingw-w64-i686-arm-none-eabi/bin/../lib/gcc/arm-none-eabi/13.3.1/thumb/v8-m.main+fp/hard\libc.a(libc_a-fstatr.o)
                0x0800f000                _fstat_r
 .text._isatty_r
                0x0800f02c       0x24 D:/armtoolchain/arm-gnu-toolchain-13.3.rel1-mingw-w64-i686-arm-none-eabi/bin/../lib/gcc/arm-none-eabi/13.3.1/thumb/v8-m.main+fp/hard\libc.a(libc_a-isattyr.o)
                0x0800f02c                _isatty_r
 .text.__assert_func
                0x0800f050       0x3c D:/armtoolchain/arm-gnu-toolchain-13.3.rel1-mingw-w64-i686-arm-none-eabi/bin/../lib/gcc/arm-none-eabi/13.3.1/thumb/v8-m.main+fp/hard\libc.a(libc_a-assert.o)
                0x0800f050                __assert_func
 .text._calloc_r
                0x0800f08c       0x70 D:/armtoolchain/arm-gnu-toolchain-13.3.rel1-mingw-w64-i686-arm-none-eabi/bin/../lib/gcc/arm-none-eabi/13.3.1/thumb/v8-m.main+fp/hard\libc.a(libc_a-callocr.o)
                0x0800f08c                _calloc_r
 .text._wcsnrtombs_l
                0x0800f0fc       0xfc D:/armtoolchain/arm-gnu-toolchain-13.3.rel1-mingw-w64-i686-arm-none-eabi/bin/../lib/gcc/arm-none-eabi/13.3.1/thumb/v8-m.main+fp/hard\libc.a(libc_a-wcsnrtombs.o)
                0x0800f0fc                _wcsnrtombs_l
 .text._wcsnrtombs_r
                0x0800f1f8       0x24 D:/armtoolchain/arm-gnu-toolchain-13.3.rel1-mingw-w64-i686-arm-none-eabi/bin/../lib/gcc/arm-none-eabi/13.3.1/thumb/v8-m.main+fp/hard\libc.a(libc_a-wcsnrtombs.o)
                0x0800f1f8                _wcsnrtombs_r
 .text.fiprintf
                0x0800f21c       0x28 D:/armtoolchain/arm-gnu-toolchain-13.3.rel1-mingw-w64-i686-arm-none-eabi/bin/../lib/gcc/arm-none-eabi/13.3.1/thumb/v8-m.main+fp/hard\libc.a(libc_a-fiprintf.o)
                0x0800f21c                fiprintf
 .text._vfiprintf_r
                0x0800f244      0xe6c D:/armtoolchain/arm-gnu-toolchain-13.3.rel1-mingw-w64-i686-arm-none-eabi/bin/../lib/gcc/arm-none-eabi/13.3.1/thumb/v8-m.main+fp/hard\libc.a(libc_a-vfiprintf.o)
                0x0800f244                _vfiprintf_r
 .text.__sbprintf
                0x080100b0       0x80 D:/armtoolchain/arm-gnu-toolchain-13.3.rel1-mingw-w64-i686-arm-none-eabi/bin/../lib/gcc/arm-none-eabi/13.3.1/thumb/v8-m.main+fp/hard\libc.a(libc_a-vfiprintf.o)
 .text.abort    0x08010130       0x10 D:/armtoolchain/arm-gnu-toolchain-13.3.rel1-mingw-w64-i686-arm-none-eabi/bin/../lib/gcc/arm-none-eabi/13.3.1/thumb/v8-m.main+fp/hard\libc.a(libc_a-abort.o)
                0x08010130                abort
 .text.raise    0x08010140       0x58 D:/armtoolchain/arm-gnu-toolchain-13.3.rel1-mingw-w64-i686-arm-none-eabi/bin/../lib/gcc/arm-none-eabi/13.3.1/thumb/v8-m.main+fp/hard\libc.a(libc_a-signal.o)
                0x08010140                raise
 .text._kill_r  0x08010198       0x2c D:/armtoolchain/arm-gnu-toolchain-13.3.rel1-mingw-w64-i686-arm-none-eabi/bin/../lib/gcc/arm-none-eabi/13.3.1/thumb/v8-m.main+fp/hard\libc.a(libc_a-signalr.o)
                0x08010198                _kill_r
 .text._getpid_r
                0x080101c4        0x4 D:/armtoolchain/arm-gnu-toolchain-13.3.rel1-mingw-w64-i686-arm-none-eabi/bin/../lib/gcc/arm-none-eabi/13.3.1/thumb/v8-m.main+fp/hard\libc.a(libc_a-signalr.o)
                0x080101c4                _getpid_r
 .text.__udivmoddi4
                0x080101c8      0x300 D:/armtoolchain/arm-gnu-toolchain-13.3.rel1-mingw-w64-i686-arm-none-eabi/bin/../lib/gcc/arm-none-eabi/13.3.1/thumb/v8-m.main+fp/hard\libgcc.a(_udivmoddi4.o)
                0x080101c8                __udivmoddi4
 *(.glue_7)
 .glue_7        0x080104c8        0x0 linker stubs
 *(.glue_7t)
 .glue_7t       0x080104c8        0x0 linker stubs
 *(.eh_frame)
 .eh_frame      0x080104c8        0x0 D:/armtoolchain/arm-gnu-toolchain-13.3.rel1-mingw-w64-i686-arm-none-eabi/bin/../lib/gcc/arm-none-eabi/13.3.1/thumb/v8-m.main+fp/hard/crtbegin.o
 *(.init)
 .init          0x080104c8        0x4 D:/armtoolchain/arm-gnu-toolchain-13.3.rel1-mingw-w64-i686-arm-none-eabi/bin/../lib/gcc/arm-none-eabi/13.3.1/thumb/v8-m.main+fp/hard/crti.o
                0x080104c8                _init
 .init          0x080104cc        0x8 D:/armtoolchain/arm-gnu-toolchain-13.3.rel1-mingw-w64-i686-arm-none-eabi/bin/../lib/gcc/arm-none-eabi/13.3.1/thumb/v8-m.main+fp/hard/crtn.o
 *(.fini)
 .fini          0x080104d4        0x4 D:/armtoolchain/arm-gnu-toolchain-13.3.rel1-mingw-w64-i686-arm-none-eabi/bin/../lib/gcc/arm-none-eabi/13.3.1/thumb/v8-m.main+fp/hard/crti.o
                0x080104d4                _fini
 .fini          0x080104d8        0x8 D:/armtoolchain/arm-gnu-toolchain-13.3.rel1-mingw-w64-i686-arm-none-eabi/bin/../lib/gcc/arm-none-eabi/13.3.1/thumb/v8-m.main+fp/hard/crtn.o
                0x080104e0                        . = ALIGN (0x8)
                0x080104e0                        _etext = .

.vfp11_veneer   0x080104e0        0x0
 .vfp11_veneer  0x080104e0        0x0 linker stubs

.v4_bx          0x080104e0        0x0
 .v4_bx         0x080104e0        0x0 linker stubs

.iplt           0x080104e0        0x0
 .iplt          0x080104e0        0x0 D:/armtoolchain/arm-gnu-toolchain-13.3.rel1-mingw-w64-i686-arm-none-eabi/bin/../lib/gcc/arm-none-eabi/13.3.1/thumb/v8-m.main+fp/hard/crtbegin.o

i.calculate_org_KE_and_BE_with_nuc_t
                0x080104e0      0x154
 i.calculate_org_KE_and_BE_with_nuc_t
                0x080104e0      0x154 TINYC256_192/libirtemp.lib(libirtemp.o)
                0x080104e0                calculate_org_KE_and_BE_with_nuc_t

i.reverse_calc_NUC_with_nuc_t
                0x08010634       0xe4
 i.reverse_calc_NUC_with_nuc_t
                0x08010634       0xe4 TINYC256_192/libirtemp.lib(libirtemp.o)
                0x08010634                reverse_calc_NUC_with_nuc_t

.rodata         0x08010718      0x520
                0x08010718                        . = ALIGN (0x8)
 *(.rodata)
 .rodata        0x08010718        0x5 build/st7789.o
 *(.rodata*)
 *fill*         0x0801071d        0x3 
 .rodata.LPGPIO_Map
                0x08010720       0x80 build/stm32u5xx_hal_gpio.o
 .rodata.UARTPrescTable
                0x080107a0       0x18 build/stm32u5xx_hal_uart.o
                0x080107a0                UARTPrescTable
 .rodata.denominator.0
                0x080107b8        0x8 build/stm32u5xx_hal_uart_ex.o
 .rodata.numerator.1
                0x080107c0        0x8 build/stm32u5xx_hal_uart_ex.o
 .rodata.MSIRangeTable
                0x080107c8       0x40 build/system_stm32u5xx.o
                0x080107c8                MSIRangeTable
 .rodata.APBPrescTable
                0x08010808        0x8 build/system_stm32u5xx.o
                0x08010808                APBPrescTable
 .rodata.AHBPrescTable
                0x08010810       0x10 build/system_stm32u5xx.o
                0x08010810                AHBPrescTable
 .rodata.ST7789_Init.str1.4
                0x08010820      0x1c7 build/st7789.o
                                 0x1f (size before relaxing)
 *fill*         0x080109e7        0x1 
 .rodata.kernel.1
                0x080109e8        0x9 build/utils.o
 .rodata._vfprintf_r.str1.4
                0x080109f1       0x42 D:/armtoolchain/arm-gnu-toolchain-13.3.rel1-mingw-w64-i686-arm-none-eabi/bin/../lib/gcc/arm-none-eabi/13.3.1/thumb/v8-m.main+fp/hard\libc.a(libc_a-vfprintf.o)
 *fill*         0x080109f1        0x3 
 .rodata.zeroes.0
                0x080109f4       0x10 D:/armtoolchain/arm-gnu-toolchain-13.3.rel1-mingw-w64-i686-arm-none-eabi/bin/../lib/gcc/arm-none-eabi/13.3.1/thumb/v8-m.main+fp/hard\libc.a(libc_a-vfprintf.o)
 .rodata.blanks.1
                0x08010a04       0x10 D:/armtoolchain/arm-gnu-toolchain-13.3.rel1-mingw-w64-i686-arm-none-eabi/bin/../lib/gcc/arm-none-eabi/13.3.1/thumb/v8-m.main+fp/hard\libc.a(libc_a-vfprintf.o)
 .rodata.str1.4
                0x08010a14       0x4c D:/armtoolchain/arm-gnu-toolchain-13.3.rel1-mingw-w64-i686-arm-none-eabi/bin/../lib/gcc/arm-none-eabi/13.3.1/thumb/v8-m.main+fp/hard\libc.a(libc_a-locale.o)
 .rodata._dtoa_r.str1.4
                0x08010a14       0x81 D:/armtoolchain/arm-gnu-toolchain-13.3.rel1-mingw-w64-i686-arm-none-eabi/bin/../lib/gcc/arm-none-eabi/13.3.1/thumb/v8-m.main+fp/hard\libc.a(libc_a-dtoa.o)
 .rodata.__multadd.str1.4
                0x08010a14       0x6e D:/armtoolchain/arm-gnu-toolchain-13.3.rel1-mingw-w64-i686-arm-none-eabi/bin/../lib/gcc/arm-none-eabi/13.3.1/thumb/v8-m.main+fp/hard\libc.a(libc_a-mprec.o)
 .rodata.p05.0  0x08010a14        0xc D:/armtoolchain/arm-gnu-toolchain-13.3.rel1-mingw-w64-i686-arm-none-eabi/bin/../lib/gcc/arm-none-eabi/13.3.1/thumb/v8-m.main+fp/hard\libc.a(libc_a-mprec.o)
 .rodata.__mprec_bigtens
                0x08010a20       0x28 D:/armtoolchain/arm-gnu-toolchain-13.3.rel1-mingw-w64-i686-arm-none-eabi/bin/../lib/gcc/arm-none-eabi/13.3.1/thumb/v8-m.main+fp/hard\libc.a(libc_a-mprec.o)
                0x08010a20                __mprec_bigtens
 .rodata.__mprec_tens
                0x08010a48       0xc8 D:/armtoolchain/arm-gnu-toolchain-13.3.rel1-mingw-w64-i686-arm-none-eabi/bin/../lib/gcc/arm-none-eabi/13.3.1/thumb/v8-m.main+fp/hard\libc.a(libc_a-mprec.o)
                0x08010a48                __mprec_tens
 .rodata._ctype_
                0x08010b10      0x101 D:/armtoolchain/arm-gnu-toolchain-13.3.rel1-mingw-w64-i686-arm-none-eabi/bin/../lib/gcc/arm-none-eabi/13.3.1/thumb/v8-m.main+fp/hard\libc.a(libc_a-ctype_.o)
                0x08010b10                _ctype_
 .rodata.__assert_func.str1.4
                0x08010c11       0x43 D:/armtoolchain/arm-gnu-toolchain-13.3.rel1-mingw-w64-i686-arm-none-eabi/bin/../lib/gcc/arm-none-eabi/13.3.1/thumb/v8-m.main+fp/hard\libc.a(libc_a-assert.o)
 .rodata._vfiprintf_r.str1.4
                0x08010c11       0x2f D:/armtoolchain/arm-gnu-toolchain-13.3.rel1-mingw-w64-i686-arm-none-eabi/bin/../lib/gcc/arm-none-eabi/13.3.1/thumb/v8-m.main+fp/hard\libc.a(libc_a-vfiprintf.o)
 *fill*         0x08010c11        0x3 
 .rodata.zeroes.0
                0x08010c14       0x10 D:/armtoolchain/arm-gnu-toolchain-13.3.rel1-mingw-w64-i686-arm-none-eabi/bin/../lib/gcc/arm-none-eabi/13.3.1/thumb/v8-m.main+fp/hard\libc.a(libc_a-vfiprintf.o)
 .rodata.blanks.1
                0x08010c24       0x10 D:/armtoolchain/arm-gnu-toolchain-13.3.rel1-mingw-w64-i686-arm-none-eabi/bin/../lib/gcc/arm-none-eabi/13.3.1/thumb/v8-m.main+fp/hard\libc.a(libc_a-vfiprintf.o)
                0x08010c38                        . = ALIGN (0x8)
 *fill*         0x08010c34        0x4 

.ARM.extab      0x08010c38        0x0
                0x08010c38                        . = ALIGN (0x8)
 *(.ARM.extab* .gnu.linkonce.armextab.*)
                0x08010c38                        . = ALIGN (0x8)

.ARM            0x08010c38        0x8
                0x08010c38                        . = ALIGN (0x8)
                0x08010c38                        __exidx_start = .
 *(.ARM.exidx*)
 .ARM.exidx     0x08010c38        0x8 D:/armtoolchain/arm-gnu-toolchain-13.3.rel1-mingw-w64-i686-arm-none-eabi/bin/../lib/gcc/arm-none-eabi/13.3.1/thumb/v8-m.main+fp/hard\libc.a(libc_a-memcpy.o)
 .ARM.exidx.text.__udivmoddi4
                0x08010c40        0x0 D:/armtoolchain/arm-gnu-toolchain-13.3.rel1-mingw-w64-i686-arm-none-eabi/bin/../lib/gcc/arm-none-eabi/13.3.1/thumb/v8-m.main+fp/hard\libgcc.a(_udivmoddi4.o)
                                  0x8 (size before relaxing)
                0x08010c40                        __exidx_end = .
                0x08010c40                        . = ALIGN (0x8)

.preinit_array  0x08010c40        0x0
                0x08010c40                        . = ALIGN (0x8)
                0x08010c40                        PROVIDE (__preinit_array_start = .)
 *(.preinit_array*)
                0x08010c40                        PROVIDE (__preinit_array_end = .)
                0x08010c40                        . = ALIGN (0x8)

.init_array     0x08010c40        0x8
                0x08010c40                        . = ALIGN (0x8)
                0x08010c40                        PROVIDE (__init_array_start = .)
 *(SORT_BY_NAME(.init_array.*))
 .init_array.00000
                0x08010c40        0x4 D:/armtoolchain/arm-gnu-toolchain-13.3.rel1-mingw-w64-i686-arm-none-eabi/bin/../lib/gcc/arm-none-eabi/13.3.1/thumb/v8-m.main+fp/hard\libc.a(libc_a-__call_atexit.o)
 *(.init_array*)
 .init_array    0x08010c44        0x4 D:/armtoolchain/arm-gnu-toolchain-13.3.rel1-mingw-w64-i686-arm-none-eabi/bin/../lib/gcc/arm-none-eabi/13.3.1/thumb/v8-m.main+fp/hard/crtbegin.o
                0x08010c48                        PROVIDE (__init_array_end = .)
                0x08010c48                        . = ALIGN (0x8)

.fini_array     0x08010c48        0x8
                0x08010c48                        . = ALIGN (0x8)
                0x08010c48                        PROVIDE (__fini_array_start = .)
 *(SORT_BY_NAME(.fini_array.*))
 *(.fini_array*)
 .fini_array    0x08010c48        0x4 D:/armtoolchain/arm-gnu-toolchain-13.3.rel1-mingw-w64-i686-arm-none-eabi/bin/../lib/gcc/arm-none-eabi/13.3.1/thumb/v8-m.main+fp/hard/crtbegin.o
                0x08010c4c                        PROVIDE (__fini_array_end = .)
                0x08010c50                        . = ALIGN (0x8)
 *fill*         0x08010c4c        0x4 
                0x08010c50                        _sidata = LOADADDR (.data)

.rel.dyn        0x08010c50        0x0
 .rel.iplt      0x08010c50        0x0 D:/armtoolchain/arm-gnu-toolchain-13.3.rel1-mingw-w64-i686-arm-none-eabi/bin/../lib/gcc/arm-none-eabi/13.3.1/thumb/v8-m.main+fp/hard/crtbegin.o

.data           0x20000000      0x6f8 load address 0x08010c50
                0x20000000                        . = ALIGN (0x8)
                0x20000000                        _sdata = .
 *(.data)
 *(.data*)
 .data.uwTickFreq
                0x20000000        0x1 build/stm32u5xx_hal.o
                0x20000000                uwTickFreq
 *fill*         0x20000001        0x3 
 .data.uwTickPrio
                0x20000004        0x4 build/stm32u5xx_hal.o
                0x20000004                uwTickPrio
 .data.SystemCoreClock
                0x20000008        0x4 build/system_stm32u5xx.o
                0x20000008                SystemCoreClock
 .data.area     0x2000000c        0x8 build/tinycTask.o
                0x2000000c                area
 .data.preview_start_param
                0x20000014        0x8 build/tinycTask.o
                0x20000014                preview_start_param
 .data.__sglue  0x2000001c        0xc D:/armtoolchain/arm-gnu-toolchain-13.3.rel1-mingw-w64-i686-arm-none-eabi/bin/../lib/gcc/arm-none-eabi/13.3.1/thumb/v8-m.main+fp/hard\libc.a(libc_a-findfp.o)
                0x2000001c                __sglue
 .data._impure_ptr
                0x20000028        0x4 D:/armtoolchain/arm-gnu-toolchain-13.3.rel1-mingw-w64-i686-arm-none-eabi/bin/../lib/gcc/arm-none-eabi/13.3.1/thumb/v8-m.main+fp/hard\libc.a(libc_a-impure.o)
                0x20000028                _impure_ptr
 *fill*         0x2000002c        0x4 
 .data._impure_data
                0x20000030      0x140 D:/armtoolchain/arm-gnu-toolchain-13.3.rel1-mingw-w64-i686-arm-none-eabi/bin/../lib/gcc/arm-none-eabi/13.3.1/thumb/v8-m.main+fp/hard\libc.a(libc_a-impure.o)
                0x20000030                _impure_data
 .data.__atexit_recursive_mutex
                0x20000170        0x4 D:/armtoolchain/arm-gnu-toolchain-13.3.rel1-mingw-w64-i686-arm-none-eabi/bin/../lib/gcc/arm-none-eabi/13.3.1/thumb/v8-m.main+fp/hard\libc.a(libc_a-__call_atexit.o)
                0x20000170                __atexit_recursive_mutex
 .data.__malloc_sbrk_base
                0x20000174        0x4 D:/armtoolchain/arm-gnu-toolchain-13.3.rel1-mingw-w64-i686-arm-none-eabi/bin/../lib/gcc/arm-none-eabi/13.3.1/thumb/v8-m.main+fp/hard\libc.a(libc_a-mallocr.o)
                0x20000174                __malloc_sbrk_base
 .data.__malloc_trim_threshold
                0x20000178        0x4 D:/armtoolchain/arm-gnu-toolchain-13.3.rel1-mingw-w64-i686-arm-none-eabi/bin/../lib/gcc/arm-none-eabi/13.3.1/thumb/v8-m.main+fp/hard\libc.a(libc_a-mallocr.o)
                0x20000178                __malloc_trim_threshold
 *fill*         0x2000017c        0x4 
 .data.__malloc_av_
                0x20000180      0x408 D:/armtoolchain/arm-gnu-toolchain-13.3.rel1-mingw-w64-i686-arm-none-eabi/bin/../lib/gcc/arm-none-eabi/13.3.1/thumb/v8-m.main+fp/hard\libc.a(libc_a-mallocr.o)
                0x20000180                __malloc_av_
 .data.__global_locale
                0x20000588      0x16c D:/armtoolchain/arm-gnu-toolchain-13.3.rel1-mingw-w64-i686-arm-none-eabi/bin/../lib/gcc/arm-none-eabi/13.3.1/thumb/v8-m.main+fp/hard\libc.a(libc_a-locale.o)
                0x20000588                __global_locale
                0x200006f8                        . = ALIGN (0x8)
 *fill*         0x200006f4        0x4 

.tm_clone_table
                0x200006f8        0x0 load address 0x08011348
 .tm_clone_table
                0x200006f8        0x0 D:/armtoolchain/arm-gnu-toolchain-13.3.rel1-mingw-w64-i686-arm-none-eabi/bin/../lib/gcc/arm-none-eabi/13.3.1/thumb/v8-m.main+fp/hard/crtbegin.o
 .tm_clone_table
                0x200006f8        0x0 D:/armtoolchain/arm-gnu-toolchain-13.3.rel1-mingw-w64-i686-arm-none-eabi/bin/../lib/gcc/arm-none-eabi/13.3.1/thumb/v8-m.main+fp/hard/crtend.o

.igot.plt       0x200006f8        0x0 load address 0x08011348
 .igot.plt      0x200006f8        0x0 D:/armtoolchain/arm-gnu-toolchain-13.3.rel1-mingw-w64-i686-arm-none-eabi/bin/../lib/gcc/arm-none-eabi/13.3.1/thumb/v8-m.main+fp/hard/crtbegin.o

.tdata          0x200006f8        0x0 load address 0x08011348
 *(.tdata .tdata.* .gnu.linkonce.td.*)
                0x200006f8                        . = ALIGN (0x4)
                0x200006f8                        _edata = .
                [!provide]                        PROVIDE (__data_end = .)
                [!provide]                        PROVIDE (__tdata_end = .)
                [!provide]                        PROVIDE (__tdata_start = ADDR (.tdata))
                [!provide]                        PROVIDE (__tdata_size = (__tdata_end - __tdata_start))
                [!provide]                        PROVIDE (__data_start = ADDR (.data))
                [!provide]                        PROVIDE (__data_size = (__data_end - __data_start))
                [!provide]                        PROVIDE (__tdata_source = LOADADDR (.tdata))
                [!provide]                        PROVIDE (__tdata_source_end = (LOADADDR (.tdata) + SIZEOF (.tdata)))
                [!provide]                        PROVIDE (__tdata_source_size = (__tdata_source_end - __tdata_source))
                [!provide]                        PROVIDE (__data_source = LOADADDR (.data))
                [!provide]                        PROVIDE (__data_source_end = __tdata_source_end)
                [!provide]                        PROVIDE (__data_source_size = (__data_source_end - __data_source))
                0x200006f8                        . = ALIGN (0x8)

.tbss           0x200006f8        0x0 load address 0x08011348
                0x200006f8                        _sbss = .
                0x200006f8                        __bss_start__ = _sbss
 *(.tbss .tbss.*)
                0x200006f8                        . = ALIGN (0x4)
                [!provide]                        PROVIDE (__tbss_end = .)
                [!provide]                        PROVIDE (__tbss_start = ADDR (.tbss))
                [!provide]                        PROVIDE (__tbss_size = (__tbss_end - __tbss_start))
                [!provide]                        PROVIDE (__tbss_offset = (ADDR (.tbss) - ADDR (.tdata)))
                [!provide]                        PROVIDE (__tls_base = __tdata_start)
                [!provide]                        PROVIDE (__tls_end = __tbss_end)
                [!provide]                        PROVIDE (__tls_size = (__tls_end - __tls_base))
                [!provide]                        PROVIDE (__tls_align = MAX (ALIGNOF (.tdata), ALIGNOF (.tbss)))
                [!provide]                        PROVIDE (__tls_size_align = (((__tls_size + __tls_align) - 0x1) & ~ ((__tls_align - 0x1))))
                [!provide]                        PROVIDE (__arm32_tls_tcb_offset = MAX (0x8, __tls_align))
                [!provide]                        PROVIDE (__arm64_tls_tcb_offset = MAX (0x10, __tls_align))

.bss            0x200006f8    0x5ef00 load address 0x08011348
 *(.bss)
 *(.bss*)
 .bss.completed.1
                0x200006f8        0x1 D:/armtoolchain/arm-gnu-toolchain-13.3.rel1-mingw-w64-i686-arm-none-eabi/bin/../lib/gcc/arm-none-eabi/13.3.1/thumb/v8-m.main+fp/hard/crtbegin.o
 *fill*         0x200006f9        0x3 
 .bss.object.0  0x200006fc       0x18 D:/armtoolchain/arm-gnu-toolchain-13.3.rel1-mingw-w64-i686-arm-none-eabi/bin/../lib/gcc/arm-none-eabi/13.3.1/thumb/v8-m.main+fp/hard/crtbegin.o
 .bss.handle_GPDMA1_Channel0
                0x20000714       0x78 build/dcmi.o
                0x20000714                handle_GPDMA1_Channel0
 .bss.List_GPDMA1_Channel0
                0x2000078c       0x18 build/dcmi.o
                0x2000078c                List_GPDMA1_Channel0
 .bss.Node_GPDMA1_Channel0
                0x200007a4       0x24 build/dcmi.o
                0x200007a4                Node_GPDMA1_Channel0
 .bss.hdcmi     0x200007c8       0x50 build/dcmi.o
                0x200007c8                hdcmi
 .bss.hi2c3     0x20000818       0x54 build/i2c.o
                0x20000818                hi2c3
 .bss.hspi2     0x2000086c       0x90 build/spi.o
                0x2000086c                hspi2
 .bss.hspi1     0x200008fc       0x90 build/spi.o
                0x200008fc                hspi1
 .bss.htim1     0x2000098c       0x4c build/tim.o
                0x2000098c                htim1
 .bss.huart3    0x200009d8       0x94 build/usart.o
                0x200009d8                huart3
 .bss.hpcd_USB_OTG_FS
                0x20000a6c      0x4e4 build/usb_otg.o
                0x20000a6c                hpcd_USB_OTG_FS
 .bss.DCMI_ITCB
                0x20000f50        0x4 build/stm32u5xx_it.o
                0x20000f50                DCMI_ITCB
 .bss.DCMI_IQR  0x20000f54        0x4 build/stm32u5xx_it.o
                0x20000f54                DCMI_IQR
 .bss.uwTick    0x20000f58        0x4 build/stm32u5xx_hal.o
                0x20000f58                uwTick
 .bss.__sbrk_heap_end
                0x20000f5c        0x4 build/sysmem.o
 .bss.Lora_data_powerdown
                0x20000f60        0xd build/lora.o
                0x20000f60                Lora_data_powerdown
 *fill*         0x20000f6d        0x3 
 .bss.Lora_data_msg
                0x20000f70       0x28 build/lora.o
                0x20000f70                Lora_data_msg
 .bss.Lora_data_at
                0x20000f98        0x5 build/lora.o
                0x20000f98                Lora_data_at
 *fill*         0x20000f9d        0x3 
 .bss.nuc_table
                0x20000fa0     0x4000 build/tinyAdjust.o
                0x20000fa0                nuc_table
 .bss.org_env_factor
                0x20004fa0        0x8 build/tinyAdjust.o
                0x20004fa0                org_env_factor
 .bss.org_env_param
                0x20004fa8       0x10 build/tinyAdjust.o
                0x20004fa8                org_env_param
 .bss.vdcmd_write_hanle
                0x20004fb8        0x8 build/vdcmd.o
                0x20004fb8                vdcmd_write_hanle
 .bss.vdcmd_read_hanle
                0x20004fc0        0x8 build/vdcmd.o
                0x20004fc0                vdcmd_read_hanle
 .bss.tinyc_rgb_scaled
                0x20004fc8    0x15180 build/tinycTask.o
 .bss.tinyc_gray_scaled
                0x2001a148    0x15180 build/tinycTask.o
 .bss.info_temp
                0x2002f2c8        0xe build/tinycTask.o
                0x2002f2c8                info_temp
 .bss.frames    0x2002f2d6        0x1 build/tinycTask.o
                0x2002f2d6                frames
 .bss.frameCotinue
                0x2002f2d7        0x1 build/tinycTask.o
                0x2002f2d7                frameCotinue
 .bss.frameStop
                0x2002f2d8        0x1 build/tinycTask.o
                0x2002f2d8                frameStop
 .bss.frameOk   0x2002f2d9        0x1 build/tinycTask.o
 *fill*         0x2002f2da        0x2 
 .bss.TINYC_256_SRC_ADDR
                0x2002f2dc    0x18000 build/tinycTask.o
                0x2002f2dc                TINYC_256_SRC_ADDR
 .bss.frameRate
                0x200472dc        0x2 build/tinycTask.o
 *fill*         0x200472de        0x2 
 .bss.buf1.0    0x200472e0    0x18000 build/utils.o
 .bss.g_color_tint
                0x2005f2e0        0x1 build/utils.o
 *fill*         0x2005f2e1        0x3 
 .bss.__sf      0x2005f2e4      0x138 D:/armtoolchain/arm-gnu-toolchain-13.3.rel1-mingw-w64-i686-arm-none-eabi/bin/../lib/gcc/arm-none-eabi/13.3.1/thumb/v8-m.main+fp/hard\libc.a(libc_a-findfp.o)
                0x2005f2e4                __sf
 .bss.__stdio_exit_handler
                0x2005f41c        0x4 D:/armtoolchain/arm-gnu-toolchain-13.3.rel1-mingw-w64-i686-arm-none-eabi/bin/../lib/gcc/arm-none-eabi/13.3.1/thumb/v8-m.main+fp/hard\libc.a(libc_a-findfp.o)
                0x2005f41c                __stdio_exit_handler
 .bss.errno     0x2005f420        0x4 D:/armtoolchain/arm-gnu-toolchain-13.3.rel1-mingw-w64-i686-arm-none-eabi/bin/../lib/gcc/arm-none-eabi/13.3.1/thumb/v8-m.main+fp/hard\libc.a(libc_a-reent.o)
                0x2005f420                errno
 .bss.__lock___malloc_recursive_mutex
                0x2005f424        0x1 D:/armtoolchain/arm-gnu-toolchain-13.3.rel1-mingw-w64-i686-arm-none-eabi/bin/../lib/gcc/arm-none-eabi/13.3.1/thumb/v8-m.main+fp/hard\libc.a(libc_a-lock.o)
                0x2005f424                __lock___malloc_recursive_mutex
 *fill*         0x2005f425        0x3 
 .bss.__lock___atexit_recursive_mutex
                0x2005f428        0x1 D:/armtoolchain/arm-gnu-toolchain-13.3.rel1-mingw-w64-i686-arm-none-eabi/bin/../lib/gcc/arm-none-eabi/13.3.1/thumb/v8-m.main+fp/hard\libc.a(libc_a-lock.o)
                0x2005f428                __lock___atexit_recursive_mutex
 *fill*         0x2005f429        0x3 
 .bss.__lock___sfp_recursive_mutex
                0x2005f42c        0x1 D:/armtoolchain/arm-gnu-toolchain-13.3.rel1-mingw-w64-i686-arm-none-eabi/bin/../lib/gcc/arm-none-eabi/13.3.1/thumb/v8-m.main+fp/hard\libc.a(libc_a-lock.o)
                0x2005f42c                __lock___sfp_recursive_mutex
 *fill*         0x2005f42d        0x3 
 .bss.__atexit  0x2005f430        0x4 D:/armtoolchain/arm-gnu-toolchain-13.3.rel1-mingw-w64-i686-arm-none-eabi/bin/../lib/gcc/arm-none-eabi/13.3.1/thumb/v8-m.main+fp/hard\libc.a(libc_a-__call_atexit.o)
                0x2005f430                __atexit
 .bss.__malloc_current_mallinfo
                0x2005f434       0x28 D:/armtoolchain/arm-gnu-toolchain-13.3.rel1-mingw-w64-i686-arm-none-eabi/bin/../lib/gcc/arm-none-eabi/13.3.1/thumb/v8-m.main+fp/hard\libc.a(libc_a-mallocr.o)
                0x2005f434                __malloc_current_mallinfo
 .bss.__malloc_max_total_mem
                0x2005f45c        0x4 D:/armtoolchain/arm-gnu-toolchain-13.3.rel1-mingw-w64-i686-arm-none-eabi/bin/../lib/gcc/arm-none-eabi/13.3.1/thumb/v8-m.main+fp/hard\libc.a(libc_a-mallocr.o)
                0x2005f45c                __malloc_max_total_mem
 .bss.__malloc_max_sbrked_mem
                0x2005f460        0x4 D:/armtoolchain/arm-gnu-toolchain-13.3.rel1-mingw-w64-i686-arm-none-eabi/bin/../lib/gcc/arm-none-eabi/13.3.1/thumb/v8-m.main+fp/hard\libc.a(libc_a-mallocr.o)
                0x2005f460                __malloc_max_sbrked_mem
 .bss.__malloc_top_pad
                0x2005f464        0x4 D:/armtoolchain/arm-gnu-toolchain-13.3.rel1-mingw-w64-i686-arm-none-eabi/bin/../lib/gcc/arm-none-eabi/13.3.1/thumb/v8-m.main+fp/hard\libc.a(libc_a-mallocr.o)
                0x2005f464                __malloc_top_pad
 .bss.__atexit0
                0x2005f468      0x190 D:/armtoolchain/arm-gnu-toolchain-13.3.rel1-mingw-w64-i686-arm-none-eabi/bin/../lib/gcc/arm-none-eabi/13.3.1/thumb/v8-m.main+fp/hard\libc.a(libc_a-__atexit.o)
                0x2005f468                __atexit0
 *(COMMON)
                0x2005f5f8                        . = ALIGN (0x8)
                0x2005f5f8                        . = ALIGN (0x4)
                0x2005f5f8                        _ebss = .
                0x2005f5f8                        __bss_end__ = _ebss
                [!provide]                        PROVIDE (__bss_end = .)
                [!provide]                        PROVIDE (__non_tls_bss_start = ADDR (.bss))
                [!provide]                        PROVIDE (__bss_start = __tbss_start)
                [!provide]                        PROVIDE (__bss_size = (__bss_end - __bss_start))

._user_heap_stack
                0x2005f5f8      0x600 load address 0x08011348
                0x2005f5f8                        . = ALIGN (0x8)
                [!provide]                        PROVIDE (end = .)
                0x2005f5f8                        PROVIDE (_end = .)