Archive member included to satisfy reference by file (symbol)

D:/armtoolchain/arm-gnu-toolchain-13.3.rel1-mingw-w64-i686-arm-none-eabi/bin/../lib/gcc/arm-none-eabi/13.3.1/thumb/v8-m.main+fp/hard\libc.a(libc_a-exit.o)
                              D:/armtoolchain/arm-gnu-toolchain-13.3.rel1-mingw-w64-i686-arm-none-eabi/bin/../lib/gcc/arm-none-eabi/13.3.1/thumb/v8-m.main+fp/hard/crt0.o (exit)
D:/armtoolchain/arm-gnu-toolchain-13.3.rel1-mingw-w64-i686-arm-none-eabi/bin/../lib/gcc/arm-none-eabi/13.3.1/thumb/v8-m.main+fp/hard\libc.a(libc_a-findfp.o)
                              D:/armtoolchain/arm-gnu-toolchain-13.3.rel1-mingw-w64-i686-arm-none-eabi/bin/../lib/gcc/arm-none-eabi/13.3.1/thumb/v8-m.main+fp/hard\libc.a(libc_a-exit.o) (__stdio_exit_handler)
D:/armtoolchain/arm-gnu-toolchain-13.3.rel1-mingw-w64-i686-arm-none-eabi/bin/../lib/gcc/arm-none-eabi/13.3.1/thumb/v8-m.main+fp/hard\libc.a(libc_a-fwalk.o)
                              D:/armtoolchain/arm-gnu-toolchain-13.3.rel1-mingw-w64-i686-arm-none-eabi/bin/../lib/gcc/arm-none-eabi/13.3.1/thumb/v8-m.main+fp/hard\libc.a(libc_a-findfp.o) (_fwalk_sglue)
D:/armtoolchain/arm-gnu-toolchain-13.3.rel1-mingw-w64-i686-arm-none-eabi/bin/../lib/gcc/arm-none-eabi/13.3.1/thumb/v8-m.main+fp/hard\libc.a(libc_a-printf.o)
                              build/spif.o (printf)
D:/armtoolchain/arm-gnu-toolchain-13.3.rel1-mingw-w64-i686-arm-none-eabi/bin/../lib/gcc/arm-none-eabi/13.3.1/thumb/v8-m.main+fp/hard\libc.a(libc_a-puts.o)
                              build/tinycTask.o (puts)
D:/armtoolchain/arm-gnu-toolchain-13.3.rel1-mingw-w64-i686-arm-none-eabi/bin/../lib/gcc/arm-none-eabi/13.3.1/thumb/v8-m.main+fp/hard\libc.a(libc_a-snprintf.o)
                              build/lora.o (snprintf)
D:/armtoolchain/arm-gnu-toolchain-13.3.rel1-mingw-w64-i686-arm-none-eabi/bin/../lib/gcc/arm-none-eabi/13.3.1/thumb/v8-m.main+fp/hard\libc.a(libc_a-sprintf.o)
                              build/lora.o (sprintf)
D:/armtoolchain/arm-gnu-toolchain-13.3.rel1-mingw-w64-i686-arm-none-eabi/bin/../lib/gcc/arm-none-eabi/13.3.1/thumb/v8-m.main+fp/hard\libc.a(libc_a-stdio.o)
                              D:/armtoolchain/arm-gnu-toolchain-13.3.rel1-mingw-w64-i686-arm-none-eabi/bin/../lib/gcc/arm-none-eabi/13.3.1/thumb/v8-m.main+fp/hard\libc.a(libc_a-findfp.o) (__sread)
D:/armtoolchain/arm-gnu-toolchain-13.3.rel1-mingw-w64-i686-arm-none-eabi/bin/../lib/gcc/arm-none-eabi/13.3.1/thumb/v8-m.main+fp/hard\libc.a(libc_a-vprintf.o)
                              build/syscalls.o (vprintf)
D:/armtoolchain/arm-gnu-toolchain-13.3.rel1-mingw-w64-i686-arm-none-eabi/bin/../lib/gcc/arm-none-eabi/13.3.1/thumb/v8-m.main+fp/hard\libc.a(libc_a-memset.o)
                              D:/armtoolchain/arm-gnu-toolchain-13.3.rel1-mingw-w64-i686-arm-none-eabi/bin/../lib/gcc/arm-none-eabi/13.3.1/thumb/v8-m.main+fp/hard/crt0.o (memset)
D:/armtoolchain/arm-gnu-toolchain-13.3.rel1-mingw-w64-i686-arm-none-eabi/bin/../lib/gcc/arm-none-eabi/13.3.1/thumb/v8-m.main+fp/hard\libc.a(libc_a-closer.o)
                              D:/armtoolchain/arm-gnu-toolchain-13.3.rel1-mingw-w64-i686-arm-none-eabi/bin/../lib/gcc/arm-none-eabi/13.3.1/thumb/v8-m.main+fp/hard\libc.a(libc_a-stdio.o) (_close_r)
D:/armtoolchain/arm-gnu-toolchain-13.3.rel1-mingw-w64-i686-arm-none-eabi/bin/../lib/gcc/arm-none-eabi/13.3.1/thumb/v8-m.main+fp/hard\libc.a(libc_a-reent.o)
                              D:/armtoolchain/arm-gnu-toolchain-13.3.rel1-mingw-w64-i686-arm-none-eabi/bin/../lib/gcc/arm-none-eabi/13.3.1/thumb/v8-m.main+fp/hard\libc.a(libc_a-closer.o) (errno)
D:/armtoolchain/arm-gnu-toolchain-13.3.rel1-mingw-w64-i686-arm-none-eabi/bin/../lib/gcc/arm-none-eabi/13.3.1/thumb/v8-m.main+fp/hard\libc.a(libc_a-impure.o)
                              D:/armtoolchain/arm-gnu-toolchain-13.3.rel1-mingw-w64-i686-arm-none-eabi/bin/../lib/gcc/arm-none-eabi/13.3.1/thumb/v8-m.main+fp/hard\libc.a(libc_a-printf.o) (_impure_ptr)
D:/armtoolchain/arm-gnu-toolchain-13.3.rel1-mingw-w64-i686-arm-none-eabi/bin/../lib/gcc/arm-none-eabi/13.3.1/thumb/v8-m.main+fp/hard\libc.a(libc_a-lseekr.o)
                              D:/armtoolchain/arm-gnu-toolchain-13.3.rel1-mingw-w64-i686-arm-none-eabi/bin/../lib/gcc/arm-none-eabi/13.3.1/thumb/v8-m.main+fp/hard\libc.a(libc_a-stdio.o) (_lseek_r)
D:/armtoolchain/arm-gnu-toolchain-13.3.rel1-mingw-w64-i686-arm-none-eabi/bin/../lib/gcc/arm-none-eabi/13.3.1/thumb/v8-m.main+fp/hard\libc.a(libc_a-readr.o)
                              D:/armtoolchain/arm-gnu-toolchain-13.3.rel1-mingw-w64-i686-arm-none-eabi/bin/../lib/gcc/arm-none-eabi/13.3.1/thumb/v8-m.main+fp/hard\libc.a(libc_a-stdio.o) (_read_r)
D:/armtoolchain/arm-gnu-toolchain-13.3.rel1-mingw-w64-i686-arm-none-eabi/bin/../lib/gcc/arm-none-eabi/13.3.1/thumb/v8-m.main+fp/hard\libc.a(libc_a-writer.o)
                              D:/armtoolchain/arm-gnu-toolchain-13.3.rel1-mingw-w64-i686-arm-none-eabi/bin/../lib/gcc/arm-none-eabi/13.3.1/thumb/v8-m.main+fp/hard\libc.a(libc_a-stdio.o) (_write_r)
[...]
Memory Configuration

Name             Origin             Length             Attributes
RAM              0x20000000         0x000c0000         xrw
ROM              0x08000000         0x00200000         xr
SRAM4            0x28000000         0x00004000         xrw
*default*        0x00000000         0xffffffff

Linker script and memory map

LOAD D:/armtoolchain/arm-gnu-toolchain-13.3.rel1-mingw-w64-i686-arm-none-eabi/bin/../lib/gcc/arm-none-eabi/13.3.1/thumb/v8-m.main+fp/hard/crti.o
LOAD D:/armtoolchain/arm-gnu-toolchain-13.3.rel1-mingw-w64-i686-arm-none-eabi/bin/../lib/gcc/arm-none-eabi/13.3.1/thumb/v8-m.main+fp/hard/crtbegin.o
LOAD D:/armtoolchain/arm-gnu-toolchain-13.3.rel1-mingw-w64-i686-arm-none-eabi/bin/../lib/gcc/arm-none-eabi/13.3.1/thumb/v8-m.main+fp/hard/crt0.o
LOAD build/main.o
LOAD build/gpio.o
LOAD build/dcmi.o
LOAD build/i2c.o
LOAD build/spi.o
LOAD build/tim.o
LOAD build/usart.o
LOAD build/usb_otg.o
LOAD build/stm32u5xx_it.o
LOAD build/stm32u5xx_hal_msp.o
LOAD build/stm32u5xx_hal_cortex.o
LOAD build/stm32u5xx_hal_dcmi.o
LOAD build/stm32u5xx_hal_dma.o
LOAD build/stm32u5xx_hal_dma_ex.o
LOAD build/stm32u5xx_hal.o
LOAD build/stm32u5xx_hal_i2c.o
LOAD build/stm32u5xx_hal_i2c_ex.o
LOAD build/stm32u5xx_hal_rcc.o
LOAD build/stm32u5xx_hal_rcc_ex.o
LOAD build/stm32u5xx_hal_flash.o
LOAD build/stm32u5xx_hal_flash_ex.o
LOAD build/stm32u5xx_hal_gpio.o
LOAD build/stm32u5xx_hal_exti.o
LOAD build/stm32u5xx_hal_pwr.o
LOAD build/stm32u5xx_hal_pwr_ex.o
LOAD build/stm32u5xx_hal_gtzc.o
LOAD build/stm32u5xx_hal_icache.o
LOAD build/stm32u5xx_hal_spi.o
LOAD build/stm32u5xx_hal_spi_ex.o
LOAD build/stm32u5xx_hal_tim.o
LOAD build/stm32u5xx_hal_tim_ex.o
LOAD build/stm32u5xx_hal_uart.o
LOAD build/stm32u5xx_hal_uart_ex.o
LOAD build/stm32u5xx_hal_pcd.o
LOAD build/stm32u5xx_hal_pcd_ex.o
LOAD build/stm32u5xx_ll_usb.o
LOAD build/system_stm32u5xx.o
LOAD build/sysmem.o
LOAD build/syscalls.o
LOAD build/lora.o
LOAD build/data_rw.o
LOAD build/falcon_cmd.o
LOAD build/tinyAdjust.o
LOAD build/vdcmd.o
LOAD build/tinycTask.o
LOAD build/gpdma.o
LOAD build/ux_system_tasks_run.o
LOAD build/ux_utility_debug_callback_register.o
LOAD build/ux_utility_debug_log.o
LOAD build/ux_utility_delay_ms.o
LOAD build/ux_utility_descriptor_pack.o
LOAD build/ux_utility_descriptor_parse.o
LOAD build/ux_utility_error_callback_register.o
LOAD build/ux_utility_long_get.o
LOAD build/ux_utility_long_get_big_endian.o
LOAD build/ux_utility_long_put.o
LOAD build/ux_utility_long_put_big_endian.o
LOAD build/ux_utility_memory_allocate.o
LOAD build/ux_utility_memory_allocate_add_safe.o
LOAD build/ux_utility_memory_allocate_mulc_safe.o
LOAD build/ux_utility_memory_allocate_mulv_safe.o
LOAD build/ux_utility_memory_compare.o
LOAD build/ux_utility_memory_copy.o
LOAD build/ux_utility_memory_free.o
LOAD build/ux_utility_memory_byte_pool_create.o
LOAD build/ux_utility_memory_byte_pool_search.o
LOAD build/ux_utility_memory_set.o
LOAD build/ux_utility_physical_address.o
LOAD build/ux_utility_set_interrupt_handler.o
LOAD build/ux_utility_short_get.o
LOAD build/ux_utility_short_get_big_endian.o
LOAD build/ux_utility_short_put.o
LOAD build/ux_utility_short_put_big_endian.o
LOAD build/ux_utility_string_length_check.o
LOAD build/ux_utility_string_length_get.o
LOAD build/ux_utility_string_to_unicode.o
LOAD build/ux_utility_unicode_to_string.o
LOAD build/ux_utility_virtual_address.o
LOAD build/ux_system_error_handler.o
LOAD build/ux_system_initialize.o
LOAD build/ux_system_uninitialize.o
LOAD build/spif.o
LOAD build/st7789.o
LOAD build/fonts.o
LOAD build/utils.o
LOAD build/rtc.o
LOAD build/stm32u5xx_hal_rtc.o
LOAD build/stm32u5xx_hal_rtc_ex.o
LOAD build/startup_stm32u575xx.o
LOAD D:/armtoolchain/arm-gnu-toolchain-13.3.rel1-mingw-w64-i686-arm-none-eabi/bin/../lib/gcc/arm-none-eabi/13.3.1/thumb/v8-m.main+fp/hard\libc.a
LOAD D:/armtoolchain/arm-gnu-toolchain-13.3.rel1-mingw-w64-i686-arm-none-eabi/bin/../lib/gcc/arm-none-eabi/13.3.1/thumb/v8-m.main+fp/hard\libm.a
LOAD TINYC256_192/libirtemp.lib
START GROUP
LOAD D:/armtoolchain/arm-gnu-toolchain-13.3.rel1-mingw-w64-i686-arm-none-eabi/bin/../lib/gcc/arm-none-eabi/13.3.1/thumb/v8-m.main+fp/hard\libgcc.a
LOAD D:/armtoolchain/arm-gnu-toolchain-13.3.rel1-mingw-w64-i686-arm-none-eabi/bin/../lib/gcc/arm-none-eabi/13.3.1/thumb/v8-m.main+fp/hard\libc.a
END GROUP
LOAD D:/armtoolchain/arm-gnu-toolchain-13.3.rel1-mingw-w64-i686-arm-none-eabi/bin/../lib/gcc/arm-none-eabi/13.3.1/thumb/v8-m.main+fp/hard/crtend.o
LOAD D:/armtoolchain/arm-gnu-toolchain-13.3.rel1-mingw-w64-i686-arm-none-eabi/bin/../lib/gcc/arm-none-eabi/13.3.1/thumb/v8-m.main+fp/hard/crtn.o
                0x200c0000                        _estack = (ORIGIN (RAM) + LENGTH (RAM))
                0x00000200                        _Min_Heap_Size = 0x200
                0x00000400                        _Min_Stack_Size = 0x400

.isr_vector     0x08000000      0x238
                0x08000000                        . = ALIGN (0x8)
 *(.isr_vector)
 .isr_vector    0x08000000      0x238 build/startup_stm32u575xx.o
                0x08000000                g_pfnVectors
                0x08000238                        . = ALIGN (0x8)

.text           0x08000238    0x115e8
                0x08000238                        . = ALIGN (0x8)
 *(.text)
 .text          0x08000238       0xec D:/armtoolchain/arm-gnu-toolchain-13.3.rel1-mingw-w64-i686-arm-none-eabi/bin/../lib/gcc/arm-none-eabi/13.3.1/thumb/v8-m.main+fp/hard\libc.a(libc_a-memcpy.o)
                0x08000238                memcpy
 .text          0x08000324      0x378 D:/armtoolchain/arm-gnu-toolchain-13.3.rel1-mingw-w64-i686-arm-none-eabi/bin/../lib/gcc/arm-none-eabi/13.3.1/thumb/v8-m.main+fp/hard\libgcc.a(_arm_addsubdf3.o)
                0x08000324                __aeabi_drsub
                0x0800032c                __aeabi_dsub
                0x0800032c                __subdf3
                0x08000330                __aeabi_dadd
                0x08000330                __adddf3
                0x080005a8                __floatunsidf
                0x080005a8                __aeabi_ui2d
                0x080005c8                __floatsidf
                0x080005c8                __aeabi_i2d
                0x080005ec                __aeabi_f2d
                0x080005ec                __extendsfdf2
                0x08000630                __floatundidf
                0x08000630                __aeabi_ul2d
                0x08000640                __floatdidf
                0x08000640                __aeabi_l2d
 .text          0x0800069c      0x424 D:/armtoolchain/arm-gnu-toolchain-13.3.rel1-mingw-w64-i686-arm-none-eabi/bin/../lib/gcc/arm-none-eabi/13.3.1/thumb/v8-m.main+fp/hard\libgcc.a(_arm_muldivdf3.o)
                0x0800069c                __aeabi_dmul
                0x0800069c                __muldf3
                0x080008f0                __divdf3
                0x080008f0                __aeabi_ddiv
 .text          0x08000ac0      0x110 D:/armtoolchain/arm-gnu-toolchain-13.3.rel1-mingw-w64-i686-arm-none-eabi/bin/../lib/gcc/arm-none-eabi/13.3.1/thumb/v8-m.main+fp/hard\libgcc.a(_arm_cmpdf2.o)
                0x08000ac0                __gtdf2
                0x08000ac0                __gedf2
                0x08000ac8                __ltdf2
                0x08000ac8                __ledf2
                0x08000ad0                __nedf2
                0x08000ad0                __eqdf2
                0x08000ad0                __cmpdf2
                0x08000b4c                __aeabi_cdrcmple
                0x08000b5c                __aeabi_cdcmpeq
                0x08000b5c                __aeabi_cdcmple
                0x08000b6c                __aeabi_dcmpeq
                0x08000b80                __aeabi_dcmplt
                0x08000b94                __aeabi_dcmple
                0x08000ba8                __aeabi_dcmpge
                0x08000bbc                __aeabi_dcmpgt
 .text          0x08000bd0       0x2c D:/armtoolchain/arm-gnu-toolchain-13.3.rel1-mingw-w64-i686-arm-none-eabi/bin/../lib/gcc/arm-none-eabi/13.3.1/thumb/v8-m.main+fp/hard\libgcc.a(_arm_unorddf2.o)
                0x08000bd0                __unorddf2
                0x08000bd0                __aeabi_dcmpun
 .text          0x08000bfc       0x50 D:/armtoolchain/arm-gnu-toolchain-13.3.rel1-mingw-w64-i686-arm-none-eabi/bin/../lib/gcc/arm-none-eabi/13.3.1/thumb/v8-m.main+fp/hard\libgcc.a(_arm_fixdfsi.o)
                0x08000bfc                __aeabi_d2iz
                0x08000bfc                __fixdfsi
 .text          0x08000c4c       0x30 D:/armtoolchain/arm-gnu-toolchain-13.3.rel1-mingw-w64-i686-arm-none-eabi/bin/../lib/gcc/arm-none-eabi/13.3.1/thumb/v8-m.main+fp/hard\libgcc.a(_aeabi_uldivmod.o)
                0x08000c4c                __aeabi_uldivmod
 .text          0x08000c7c        0x4 D:/armtoolchain/arm-gnu-toolchain-13.3.rel1-mingw-w64-i686-arm-none-eabi/bin/../lib/gcc/arm-none-eabi/13.3.1/thumb/v8-m.main+fp/hard\libgcc.a(_dvmd_tls.o)
                0x08000c7c                __aeabi_idiv0
                0x08000c7c                __aeabi_ldiv0
 *(.text*)
 .text.deregister_tm_clones
                0x08000c80       0x1c D:/armtoolchain/arm-gnu-toolchain-13.3.rel1-mingw-w64-i686-arm-none-eabi/bin/../lib/gcc/arm-none-eabi/13.3.1/thumb/v8-m.main+fp/hard/crtbegin.o
 .text.register_tm_clones
                0x08000c9c       0x28 D:/armtoolchain/arm-gnu-toolchain-13.3.rel1-mingw-w64-i686-arm-none-eabi/bin/../lib/gcc/arm-none-eabi/13.3.1/thumb/v8-m.main+fp/hard/crtbegin.o
 .text.__do_global_dtors_aux
                0x08000cc4       0x28 D:/armtoolchain/arm-gnu-toolchain-13.3.rel1-mingw-w64-i686-arm-none-eabi/bin/../lib/gcc/arm-none-eabi/13.3.1/thumb/v8-m.main+fp/hard/crtbegin.o
 .text.frame_dummy
                0x08000cec       0x24 D:/armtoolchain/arm-gnu-toolchain-13.3.rel1-mingw-w64-i686-arm-none-eabi/bin/../lib/gcc/arm-none-eabi/13.3.1/thumb/v8-m.main+fp/hard/crtbegin.o
 .text.MPU_Config
                0x08000d10        0xe build/main.o
 .text.Error_Handler
                0x08000d1e        0x4 build/main.o
                0x08000d1e                Error_Handler
 *fill*         0x08000d22        0x2 
 .text.SystemClock_Config
                0x08000d24       0xb0 build/main.o
                0x08000d24                SystemClock_Config
 .text.main     0x08000dd4       0x42 build/main.o
                0x08000dd4                main
 *fill*         0x08000e16        0x2 
 .text.MX_GPIO_Init
                0x08000e18      0x1cc build/gpio.o
                0x08000e18                MX_GPIO_Init
 .text.MX_DCMI_Init
                0x08000fe4       0x38 build/dcmi.o
                0x08000fe4                MX_DCMI_Init
 .text.HAL_DCMI_MspInit
                0x0800101c      0x1f8 build/dcmi.o
                0x0800101c                HAL_DCMI_MspInit
 .text.HAL_DCMI_MspDeInit
                0x08001214       0x6c build/dcmi.o
                0x08001214                HAL_DCMI_MspDeInit
 .text.OV_OR_TINYC_DCMI_Init
                0x08001280       0x80 build/dcmi.o
                0x08001280                OV_OR_TINYC_DCMI_Init
 .text.MX_I2C3_Init
                0x08001300       0x60 build/i2c.o
                0x08001300                MX_I2C3_Init
 .text.HAL_I2C_MspInit
                0x08001360       0x98 build/i2c.o
                0x08001360                HAL_I2C_MspInit
 .text.HAL_I2C_MspDeInit
                0x080013f8       0x3c build/i2c.o
                0x080013f8                HAL_I2C_MspDeInit
 .text.MX_SPI1_Init
                0x08001434       0x88 build/spi.o
                0x08001434                MX_SPI1_Init
 .text.MX_SPI2_Init
                0x080014bc       0x80 build/spi.o
                0x080014bc                MX_SPI2_Init
 .text.HAL_SPI_MspInit
                0x0800153c      0x11c build/spi.o
                0x0800153c                HAL_SPI_MspInit
 .text.HAL_TIM_Base_MspInit
                0x08001658       0x34 build/tim.o
                0x08001658                HAL_TIM_Base_MspInit
 .text.HAL_TIM_MspPostInit
                0x0800168c       0x5c build/tim.o
                0x0800168c                HAL_TIM_MspPostInit
 .text.MX_TIM1_Init
                0x080016e8      0x100 build/tim.o
                0x080016e8                MX_TIM1_Init
 .text.HAL_TIM_Base_MspDeInit
                0x080017e8       0x24 build/tim.o
                0x080017e8                HAL_TIM_Base_MspDeInit
 .text.__io_putchar
                0x0800180c       0x20 build/usart.o
                0x0800180c                __io_putchar
 .text._write   0x0800182c       0x1c build/usart.o
                0x0800182c                _write
 .text.MX_USART3_UART_Init
                0x08001848       0x68 build/usart.o
                0x08001848                MX_USART3_UART_Init
 .text.HAL_UART_MspInit
                0x080018b0       0x98 build/usart.o
                0x080018b0                HAL_UART_MspInit
 .text.HAL_UART_MspDeInit
                0x08001948       0x30 build/usart.o
                0x08001948                HAL_UART_MspDeInit
 .text.NMI_Handler
                0x08001978        0x2 build/stm32u5xx_it.o
                0x08001978                NMI_Handler
 .text.HardFault_Handler
                0x0800197a        0x2 build/stm32u5xx_it.o
                0x0800197a                HardFault_Handler
 .text.MemManage_Handler
                0x0800197c        0x2 build/stm32u5xx_it.o
                0x0800197c                MemManage_Handler
 .text.BusFault_Handler
                0x0800197e        0x2 build/stm32u5xx_it.o
                0x0800197e                BusFault_Handler
 .text.UsageFault_Handler
                0x08001980        0x2 build/stm32u5xx_it.o
                0x08001980                UsageFault_Handler
 .text.SVC_Handler
                0x08001982        0x2 build/stm32u5xx_it.o
                0x08001982                SVC_Handler
 .text.DebugMon_Handler
                0x08001984        0x2 build/stm32u5xx_it.o
                0x08001984                DebugMon_Handler
 .text.PendSV_Handler
                0x08001986        0x2 build/stm32u5xx_it.o
                0x08001986                PendSV_Handler
 .text.SysTick_Handler
                0x08001988        0x8 build/stm32u5xx_it.o
                0x08001988                SysTick_Handler
 .text.EXTI0_IRQHandler
                0x08001990        0xe build/stm32u5xx_it.o
                0x08001990                EXTI0_IRQHandler
 .text.EXTI1_IRQHandler
                0x0800199e        0xe build/stm32u5xx_it.o
                0x0800199e                EXTI1_IRQHandler
 .text.GPDMA1_Channel0_IRQHandler
                0x080019ac       0x10 build/stm32u5xx_it.o
                0x080019ac                GPDMA1_Channel0_IRQHandler
 .text.DCMI_PSSI_IRQHandler
                0x080019bc       0x1c build/stm32u5xx_it.o
                0x080019bc                DCMI_PSSI_IRQHandler
 .text.HAL_DCMI_FrameEventCallback
                0x080019d8       0x10 build/stm32u5xx_it.o
                0x080019d8                HAL_DCMI_FrameEventCallback
 .text.HAL_MspInit
                0x080019e8       0x2c build/stm32u5xx_hal_msp.o
                0x080019e8                HAL_MspInit
 .text.__NVIC_EnableIRQ
                0x08001a14       0x1c build/stm32u5xx_hal_cortex.o
 .text.__NVIC_DisableIRQ
                0x08001a30       0x24 build/stm32u5xx_hal_cortex.o
 .text.__NVIC_SetPriority
                0x08001a54       0x28 build/stm32u5xx_hal_cortex.o
 .text.NVIC_EncodePriority
                0x08001a7c       0x3e build/stm32u5xx_hal_cortex.o
 *fill*         0x08001aba        0x2 
 .text.HAL_NVIC_SetPriorityGrouping
                0x08001abc       0x24 build/stm32u5xx_hal_cortex.o
                0x08001abc                HAL_NVIC_SetPriorityGrouping
 .text.HAL_NVIC_SetPriority
                0x08001ae0       0x20 build/stm32u5xx_hal_cortex.o
                0x08001ae0                HAL_NVIC_SetPriority
 .text.HAL_NVIC_EnableIRQ
                0x08001b00        0x8 build/stm32u5xx_hal_cortex.o
                0x08001b00                HAL_NVIC_EnableIRQ
 .text.HAL_NVIC_DisableIRQ
                0x08001b08        0x8 build/stm32u5xx_hal_cortex.o
                0x08001b08                HAL_NVIC_DisableIRQ
 .text.HAL_SYSTICK_Config
                0x08001b10       0x20 build/stm32u5xx_hal_cortex.o
                0x08001b10                HAL_SYSTICK_Config
 .text.HAL_SYSTICK_CLKSourceConfig
                0x08001b30       0x7c build/stm32u5xx_hal_cortex.o
                0x08001b30                HAL_SYSTICK_CLKSourceConfig
 .text.HAL_SYSTICK_GetCLKSourceConfig
                0x08001bac       0x34 build/stm32u5xx_hal_cortex.o
                0x08001bac                HAL_SYSTICK_GetCLKSourceConfig
 .text.HAL_MPU_Enable
                0x08001be0       0x24 build/stm32u5xx_hal_cortex.o
                0x08001be0                HAL_MPU_Enable
 .text.HAL_MPU_Disable
                0x08001c04       0x28 build/stm32u5xx_hal_cortex.o
                0x08001c04                HAL_MPU_Disable
 .text.DCMI_DMAXferCplt
                0x08001c2c       0x96 build/stm32u5xx_hal_dcmi.o
 *fill*         0x08001cc2        0x2 
 .text.HAL_DCMI_Init
                0x08001cc4       0xa0 build/stm32u5xx_hal_dcmi.o
                0x08001cc4                HAL_DCMI_Init
 .text.HAL_DCMI_Start_DMA
                0x08001d64      0x1ac build/stm32u5xx_hal_dcmi.o
                0x08001d64                HAL_DCMI_Start_DMA
 .text.HAL_DCMI_Stop
                0x08001f10       0x84 build/stm32u5xx_hal_dcmi.o
                0x08001f10                HAL_DCMI_Stop
 .text.HAL_DCMI_ErrorCallback
                0x08001f94        0x2 build/stm32u5xx_hal_dcmi.o
                0x08001f94                HAL_DCMI_ErrorCallback
 .text.DCMI_DMAError
                0x08001f96       0x20 build/stm32u5xx_hal_dcmi.o
 .text.HAL_DCMI_LineEventCallback
                0x08001fb6        0x2 build/stm32u5xx_hal_dcmi.o
                0x08001fb6                HAL_DCMI_LineEventCallback
 .text.HAL_DCMI_VsyncEventCallback
                0x08001fb8        0x2 build/stm32u5xx_hal_dcmi.o
                0x08001fb8                HAL_DCMI_VsyncEventCallback
 *fill*         0x08001fba        0x2 
 .text.HAL_DCMI_IRQHandler
                0x08001fbc       0xc4 build/stm32u5xx_hal_dcmi.o
                0x08001fbc                HAL_DCMI_IRQHandler
 .text.DMA_SetConfig
                0x08002080       0x2a build/stm32u5xx_hal_dma.o
 *fill*         0x080020aa        0x2 
 .text.HAL_DMA_DeInit
                0x080020ac      0x100 build/stm32u5xx_hal_dma.o
                0x080020ac                HAL_DMA_DeInit
 .text.HAL_DMA_Start_IT
                0x080021ac       0x7a build/stm32u5xx_hal_dma.o
                0x080021ac                HAL_DMA_Start_IT
 .text.HAL_DMA_Abort
                0x08002226       0xac build/stm32u5xx_hal_dma.o
                0x08002226                HAL_DMA_Abort
 .text.HAL_DMA_Abort_IT
                0x080022d2       0x30 build/stm32u5xx_hal_dma.o
                0x080022d2                HAL_DMA_Abort_IT
 .text.HAL_DMA_IRQHandler
                0x08002302      0x1b2 build/stm32u5xx_hal_dma.o
                0x08002302                HAL_DMA_IRQHandler
 .text.HAL_DMA_ConfigChannelAttributes
                0x080024b4       0x46 build/stm32u5xx_hal_dma.o
                0x080024b4                HAL_DMA_ConfigChannelAttributes
 *fill*         0x080024fa        0x2 
 .text.DMA_List_Init
                0x080024fc      0x1b0 build/stm32u5xx_hal_dma_ex.o
 .text.DMA_List_BuildNode
                0x080026ac      0x1ac build/stm32u5xx_hal_dma_ex.o
 .text.DMA_List_CheckNodesBaseAddresses
                0x08002858       0x2e build/stm32u5xx_hal_dma_ex.o
 .text.DMA_List_CheckNodesTypes
                0x08002886       0x3e build/stm32u5xx_hal_dma_ex.o
 .text.DMA_List_GetCLLRNodeInfo
                0x080028c4       0x2c build/stm32u5xx_hal_dma_ex.o
 .text.DMA_List_FindNode
                0x080028f0       0xcc build/stm32u5xx_hal_dma_ex.o
 .text.HAL_DMAEx_List_Init
                0x080029bc       0x5e build/stm32u5xx_hal_dma_ex.o
                0x080029bc                HAL_DMAEx_List_Init
 .text.HAL_DMAEx_List_Start_IT
                0x08002a1a       0xce build/stm32u5xx_hal_dma_ex.o
                0x08002a1a                HAL_DMAEx_List_Start_IT
 .text.HAL_DMAEx_List_BuildNode
                0x08002ae8       0x16 build/stm32u5xx_hal_dma_ex.o
                0x08002ae8                HAL_DMAEx_List_BuildNode
 .text.HAL_DMAEx_List_InsertNode
                0x08002afe      0x118 build/stm32u5xx_hal_dma_ex.o
                0x08002afe                HAL_DMAEx_List_InsertNode
 .text.HAL_DMAEx_List_SetCircularMode
                0x08002c16       0x80 build/stm32u5xx_hal_dma_ex.o
                0x08002c16                HAL_DMAEx_List_SetCircularMode
 *fill*         0x08002c96        0x2 
 .text.HAL_DMAEx_List_LinkQ
                0x08002c98       0xc8 build/stm32u5xx_hal_dma_ex.o
                0x08002c98                HAL_DMAEx_List_LinkQ
 .text.HAL_InitTick
                0x08002d60       0xac build/stm32u5xx_hal.o
                0x08002d60                HAL_InitTick
 .text.HAL_Init
                0x08002e0c       0x54 build/stm32u5xx_hal.o
                0x08002e0c                HAL_Init
 .text.HAL_IncTick
                0x08002e60       0x18 build/stm32u5xx_hal.o
                0x08002e60                HAL_IncTick
 .text.HAL_GetTick
                0x08002e78        0xc build/stm32u5xx_hal.o
                0x08002e78                HAL_GetTick
 .text.HAL_Delay
                0x08002e84       0x28 build/stm32u5xx_hal.o
                0x08002e84                HAL_Delay
 .text.I2C_Flush_TXDR
                0x08002eac       0x22 build/stm32u5xx_hal_i2c.o
 .text.I2C_TransferConfig
                0x08002ece       0x3c build/stm32u5xx_hal_i2c.o
 .text.I2C_IsErrorOccurred
                0x08002f0a      0x114 build/stm32u5xx_hal_i2c.o
 .text.I2C_WaitOnTXISFlagUntilTimeout
                0x0800301e       0x60 build/stm32u5xx_hal_i2c.o
 .text.I2C_WaitOnFlagUntilTimeout
                0x0800307e       0x7c build/stm32u5xx_hal_i2c.o
 *fill*         0x080030fa        0x2 
 .text.I2C_RequestMemoryWrite
                0x080030fc       0x7c build/stm32u5xx_hal_i2c.o
 .text.I2C_RequestMemoryRead
                0x08003178       0x78 build/stm32u5xx_hal_i2c.o
 .text.I2C_WaitOnSTOPFlagUntilTimeout
                0x080031f0       0x5e build/stm32u5xx_hal_i2c.o
 .text.HAL_I2C_Init
                0x0800324e       0xc8 build/stm32u5xx_hal_i2c.o
                0x0800324e                HAL_I2C_Init
 .text.HAL_I2C_DeInit
                0x08003316       0x32 build/stm32u5xx_hal_i2c.o
                0x08003316                HAL_I2C_DeInit
 .text.HAL_I2C_Mem_Write
                0x08003348      0x1a8 build/stm32u5xx_hal_i2c.o
                0x08003348                HAL_I2C_Mem_Write
 .text.HAL_I2C_Mem_Read
                0x080034f0      0x1b0 build/stm32u5xx_hal_i2c.o
                0x080034f0                HAL_I2C_Mem_Read
 .text.HAL_I2C_GetError
                0x080036a0        0x4 build/stm32u5xx_hal_i2c.o
                0x080036a0                HAL_I2C_GetError
 .text.HAL_I2CEx_ConfigAnalogFilter
                0x080036a4       0x5c build/stm32u5xx_hal_i2c_ex.o
                0x080036a4                HAL_I2CEx_ConfigAnalogFilter
 .text.HAL_I2CEx_ConfigDigitalFilter
                0x08003700       0x58 build/stm32u5xx_hal_i2c_ex.o
                0x08003700                HAL_I2CEx_ConfigDigitalFilter
 .text.RCC_SetFlashLatencyFromMSIRange
                0x08003758       0xc4 build/stm32u5xx_hal_rcc.o
 .text.HAL_RCC_GetSysClockFreq
                0x0800381c      0x17c build/stm32u5xx_hal_rcc.o
                0x0800381c                HAL_RCC_GetSysClockFreq
 .text.HAL_RCC_ClockConfig
                0x08003998      0x30c build/stm32u5xx_hal_rcc.o
                0x08003998                HAL_RCC_ClockConfig
 .text.HAL_RCC_GetHCLKFreq
                0x08003ca4       0x28 build/stm32u5xx_hal_rcc.o
                0x08003ca4                HAL_RCC_GetHCLKFreq
 .text.HAL_RCC_OscConfig
                0x08003ccc      0xaa0 build/stm32u5xx_hal_rcc.o
                0x08003ccc                HAL_RCC_OscConfig
 .text.HAL_RCC_GetPCLK1Freq
                0x0800476c       0x20 build/stm32u5xx_hal_rcc.o
                0x0800476c                HAL_RCC_GetPCLK1Freq
 .text.HAL_RCC_GetPCLK2Freq
                0x0800478c       0x20 build/stm32u5xx_hal_rcc.o
                0x0800478c                HAL_RCC_GetPCLK2Freq
 .text.HAL_RCC_GetPCLK3Freq
                0x080047ac       0x20 build/stm32u5xx_hal_rcc.o
                0x080047ac                HAL_RCC_GetPCLK3Freq
 .text.RCCEx_PLL3_Config
                0x080047cc       0xe0 build/stm32u5xx_hal_rcc_ex.o
 .text.RCCEx_PLL2_Config
                0x080048ac       0xe0 build/stm32u5xx_hal_rcc_ex.o
 .text.HAL_RCCEx_PeriphCLKConfig
                0x0800498c      0x66c build/stm32u5xx_hal_rcc_ex.o
                0x0800498c                HAL_RCCEx_PeriphCLKConfig
 .text.HAL_RCCEx_GetPLL1ClockFreq
                0x08004ff8      0x21c build/stm32u5xx_hal_rcc_ex.o
                0x08004ff8                HAL_RCCEx_GetPLL1ClockFreq
 .text.HAL_RCCEx_GetPLL2ClockFreq
                0x08005214      0x21c build/stm32u5xx_hal_rcc_ex.o
                0x08005214                HAL_RCCEx_GetPLL2ClockFreq
 .text.HAL_RCCEx_GetPLL3ClockFreq
                0x08005430      0x21c build/stm32u5xx_hal_rcc_ex.o
                0x08005430                HAL_RCCEx_GetPLL3ClockFreq
 .text.HAL_RCCEx_GetPeriphCLKFreq
                0x0800564c      0xf48 build/stm32u5xx_hal_rcc_ex.o
                0x0800564c                HAL_RCCEx_GetPeriphCLKFreq
 .text.HAL_GPIO_Init
                0x08006594      0x228 build/stm32u5xx_hal_gpio.o
                0x08006594                HAL_GPIO_Init
 .text.HAL_GPIO_DeInit
                0x080067bc      0x104 build/stm32u5xx_hal_gpio.o
                0x080067bc                HAL_GPIO_DeInit
 .text.HAL_GPIO_WritePin
                0x080068c0        0xa build/stm32u5xx_hal_gpio.o
                0x080068c0                HAL_GPIO_WritePin
 .text.HAL_GPIO_EXTI_Rising_Callback
                0x080068ca        0x2 build/stm32u5xx_hal_gpio.o
                0x080068ca                HAL_GPIO_EXTI_Rising_Callback
 .text.HAL_GPIO_EXTI_Falling_Callback
                0x080068cc        0x2 build/stm32u5xx_hal_gpio.o
                0x080068cc                HAL_GPIO_EXTI_Falling_Callback
 *fill*         0x080068ce        0x2 
 .text.HAL_GPIO_EXTI_IRQHandler
                0x080068d0       0x30 build/stm32u5xx_hal_gpio.o
                0x080068d0                HAL_GPIO_EXTI_IRQHandler
 .text.HAL_PWR_EnableBkUpAccess
                0x08006900       0x10 build/stm32u5xx_hal_pwr.o
                0x08006900                HAL_PWR_EnableBkUpAccess
 .text.HAL_PWR_EnableWakeUpPin
                0x08006910       0x44 build/stm32u5xx_hal_pwr.o
                0x08006910                HAL_PWR_EnableWakeUpPin
 .text.HAL_PWREx_ControlVoltageScaling
                0x08006954       0xa0 build/stm32u5xx_hal_pwr_ex.o
                0x08006954                HAL_PWREx_ControlVoltageScaling
 .text.HAL_PWREx_GetVoltageRange
                0x080069f4       0x10 build/stm32u5xx_hal_pwr_ex.o
                0x080069f4                HAL_PWREx_GetVoltageRange
 .text.HAL_PWREx_EnterSHUTDOWNMode
                0x08006a04       0x24 build/stm32u5xx_hal_pwr_ex.o
                0x08006a04                HAL_PWREx_EnterSHUTDOWNMode
 .text.HAL_PWREx_EnableUltraLowPowerMode
                0x08006a28       0x10 build/stm32u5xx_hal_pwr_ex.o
                0x08006a28                HAL_PWREx_EnableUltraLowPowerMode
 .text.HAL_PWREx_EnableVddUSB
                0x08006a38       0x10 build/stm32u5xx_hal_pwr_ex.o
                0x08006a38                HAL_PWREx_EnableVddUSB
 .text.SPI_GetPacketSize
                0x08006a48       0x10 build/stm32u5xx_hal_spi.o
 .text.HAL_SPI_Init
                0x08006a58      0x16c build/stm32u5xx_hal_spi.o
                0x08006a58                HAL_SPI_Init
 .text.HAL_SPIEx_SetConfigAutonomousMode
                0x08006bc4       0x52 build/stm32u5xx_hal_spi_ex.o
                0x08006bc4                HAL_SPIEx_SetConfigAutonomousMode
 *fill*         0x08006c16        0x2 
 .text.TIM_OC1_SetConfig
                0x08006c18       0xf0 build/stm32u5xx_hal_tim.o
 .text.TIM_OC3_SetConfig
                0x08006d08       0xcc build/stm32u5xx_hal_tim.o
 .text.TIM_OC4_SetConfig
                0x08006dd4       0xd0 build/stm32u5xx_hal_tim.o
 .text.TIM_OC5_SetConfig
                0x08006ea4       0x98 build/stm32u5xx_hal_tim.o
 .text.TIM_OC6_SetConfig
                0x08006f3c       0x9c build/stm32u5xx_hal_tim.o
 .text.TIM_TI1_ConfigInputStage
                0x08006fd8       0x88 build/stm32u5xx_hal_tim.o
 .text.TIM_TI2_ConfigInputStage
                0x08007060       0x54 build/stm32u5xx_hal_tim.o
 .text.TIM_ITRx_SetConfig
                0x080070b4       0x14 build/stm32u5xx_hal_tim.o
 .text.HAL_TIM_Base_DeInit
                0x080070c8       0x68 build/stm32u5xx_hal_tim.o
                0x080070c8                HAL_TIM_Base_DeInit
 .text.HAL_TIM_PWM_MspInit
                0x08007130        0x2 build/stm32u5xx_hal_tim.o
                0x08007130                HAL_TIM_PWM_MspInit
 *fill*         0x08007132        0x2 
 .text.TIM_Base_SetConfig
                0x08007134      0x16c build/stm32u5xx_hal_tim.o
                0x08007134                TIM_Base_SetConfig
 .text.HAL_TIM_Base_Init
                0x080072a0       0x60 build/stm32u5xx_hal_tim.o
                0x080072a0                HAL_TIM_Base_Init
 .text.HAL_TIM_PWM_Init
                0x08007300       0x60 build/stm32u5xx_hal_tim.o
                0x08007300                HAL_TIM_PWM_Init
 .text.TIM_OC2_SetConfig
                0x08007360       0xd0 build/stm32u5xx_hal_tim.o
                0x08007360                TIM_OC2_SetConfig
 .text.HAL_TIM_PWM_ConfigChannel
                0x08007430      0x13a build/stm32u5xx_hal_tim.o
                0x08007430                HAL_TIM_PWM_ConfigChannel
 .text.TIM_ETR_SetConfig
                0x0800756a       0x1a build/stm32u5xx_hal_tim.o
                0x0800756a                TIM_ETR_SetConfig
 .text.HAL_TIM_ConfigClockSource
                0x08007584      0x140 build/stm32u5xx_hal_tim.o
                0x08007584                HAL_TIM_ConfigClockSource
 .text.HAL_TIMEx_MasterConfigSynchronization
                0x080076c4       0xe8 build/stm32u5xx_hal_tim_ex.o
                0x080076c4                HAL_TIMEx_MasterConfigSynchronization
 .text.HAL_TIMEx_ConfigBreakDeadTime
                0x080077ac       0xb0 build/stm32u5xx_hal_tim_ex.o
                0x080077ac                HAL_TIMEx_ConfigBreakDeadTime
 .text.UART_EndRxTransfer
                0x0800785c       0x56 build/stm32u5xx_hal_uart.o
 .text.HAL_UART_DeInit
                0x080078b2       0x44 build/stm32u5xx_hal_uart.o
                0x080078b2                HAL_UART_DeInit
 *fill*         0x080078f6        0x2 
 .text.UART_SetConfig
                0x080078f8      0x1d8 build/stm32u5xx_hal_uart.o
                0x080078f8                UART_SetConfig
 .text.UART_AdvFeatureConfig
                0x08007ad0       0xca build/stm32u5xx_hal_uart.o
                0x08007ad0                UART_AdvFeatureConfig
 .text.UART_WaitOnFlagUntilTimeout
                0x08007b9a       0x9e build/stm32u5xx_hal_uart.o
                0x08007b9a                UART_WaitOnFlagUntilTimeout
 .text.HAL_UART_Transmit
                0x08007c38       0xe6 build/stm32u5xx_hal_uart.o
                0x08007c38                HAL_UART_Transmit
 .text.UART_CheckIdleState
                0x08007d1e       0xca build/stm32u5xx_hal_uart.o
                0x08007d1e                UART_CheckIdleState
 .text.HAL_UART_Init
                0x08007de8       0x66 build/stm32u5xx_hal_uart.o
                0x08007de8                HAL_UART_Init
 *fill*         0x08007e4e        0x2 
 .text.UARTEx_SetNbDataToProcess
                0x08007e50       0x4c build/stm32u5xx_hal_uart_ex.o
 .text.HAL_UARTEx_DisableFifoMode
                0x08007e9c       0x3e build/stm32u5xx_hal_uart_ex.o
                0x08007e9c                HAL_UARTEx_DisableFifoMode
 .text.HAL_UARTEx_SetTxFifoThreshold
                0x08007eda       0x4a build/stm32u5xx_hal_uart_ex.o
                0x08007eda                HAL_UARTEx_SetTxFifoThreshold
 .text.HAL_UARTEx_SetRxFifoThreshold
                0x08007f24       0x4a build/stm32u5xx_hal_uart_ex.o
                0x08007f24                HAL_UARTEx_SetRxFifoThreshold
 *fill*         0x08007f6e        0x2 
 .text.SystemInit
                0x08007f70       0x44 build/system_stm32u5xx.o
                0x08007f70                SystemInit
 .text._sbrk    0x08007fb4       0x48 build/sysmem.o
                0x08007fb4                _sbrk
 .text._getpid  0x08007ffc        0x4 build/syscalls.o
                0x08007ffc                _getpid
 .text._kill    0x08008000       0x10 build/syscalls.o
                0x08008000                _kill
 .text._exit    0x08008010        0xc build/syscalls.o
                0x08008010                _exit
 .text._read    0x0800801c       0x20 build/syscalls.o
                0x0800801c                _read
 .text._close   0x0800803c        0x6 build/syscalls.o
                0x0800803c                _close
 .text._fstat   0x08008042        0xa build/syscalls.o
                0x08008042                _fstat
 .text._isatty  0x0800804c        0x4 build/syscalls.o
                0x0800804c                _isatty
 .text._lseek   0x08008050        0x4 build/syscalls.o
                0x08008050                _lseek
 .text.__2printf
                0x08008054       0x1c build/syscalls.o
                0x08008054                __2printf
 .text.Lora_data_init
                0x08008070       0x84 build/lora.o
                0x08008070                Lora_data_init
 .text.Lora_send_Init
                0x080080f4       0x1c build/lora.o
                0x080080f4                Lora_send_Init
 .text.Lora_powerDown
                0x08008110       0x1c build/lora.o
                0x08008110                Lora_powerDown
 .text.Lora_sendData
                0x0800812c       0xb0 build/lora.o
                0x0800812c                Lora_sendData
 .text.i2c_data_read
                0x080081dc       0x2c build/data_rw.o
                0x080081dc                i2c_data_read
 .text.i2c_check_access_done
                0x08008208       0x5c build/data_rw.o
 .text.i2c_data_write
                0x08008264       0x44 build/data_rw.o
                0x08008264                i2c_data_write
 .text.vdcmd_init_by_type
                0x080082a8        0xc build/falcon_cmd.o
                0x080082a8                vdcmd_init_by_type
 .text.set_prop_auto_shutter_params
                0x080082b4       0xaa build/falcon_cmd.o
                0x080082b4                set_prop_auto_shutter_params
 .text.get_prop_tpd_params
                0x0800835e       0x64 build/falcon_cmd.o
                0x0800835e                get_prop_tpd_params
 .text.y16_preview_start
                0x080083c2       0x2c build/falcon_cmd.o
                0x080083c2                y16_preview_start
 .text.preview_start
                0x080083ee       0x64 build/falcon_cmd.o
                0x080083ee                preview_start
 .text.tpd_get_rect_temp_info
                0x08008452       0xb8 build/falcon_cmd.o
                0x08008452                tpd_get_rect_temp_info
 .text.spi_read
                0x0800850a       0x3c build/falcon_cmd.o
                0x0800850a                spi_read
 *fill*         0x08008546        0x2 
 .text.read_nuc_parameter
                0x08008548       0x60 build/tinyAdjust.o
                0x08008548                read_nuc_parameter
 .text.calculate_org_env_cali_parameter
                0x080085a8       0x64 build/tinyAdjust.o
                0x080085a8                calculate_org_env_cali_parameter
 .text.vdcmd_rw_handle_register
                0x0800860c       0x30 build/vdcmd.o
                0x0800860c                vdcmd_rw_handle_register
 .text.standard_cmd_read
                0x0800863c       0xac build/vdcmd.o
                0x0800863c                standard_cmd_read
 .text.standard_cmd_write
                0x080086e8      0x178 build/vdcmd.o
                0x080086e8                standard_cmd_write
 .text.long_cmd_read
                0x08008860       0xac build/vdcmd.o
                0x08008860                long_cmd_read
 .text.long_cmd_write
                0x0800890c       0x88 build/vdcmd.o
                0x0800890c                long_cmd_write
 .text._bsp_tinyc_256_irq_all
                0x08008994        0xc build/tinycTask.o
                0x08008994                _bsp_tinyc_256_irq_all
 .text.tinyc_send_cycle_info
                0x080089a0       0x46 build/tinycTask.o
 *fill*         0x080089e6        0x2 
 .text.TINYC_256_Start
                0x080089e8       0x1c build/tinycTask.o
                0x080089e8                TINYC_256_Start
 .text.tinycTaskInit
                0x08008a04      0x158 build/tinycTask.o
                0x08008a04                tinycTaskInit
 .text.GPIO_All_Analog
                0x08008b5c      0x144 build/tinycTask.o
                0x08008b5c                GPIO_All_Analog
 .text.tinyc_low_power_delay
                0x08008ca0       0xa4 build/tinycTask.o
                0x08008ca0                tinyc_low_power_delay
 .text.TINYC_256_Task
                0x08008d44       0xbc build/tinycTask.o
                0x08008d44                TINYC_256_Task
 .text.MX_GPDMA1_Init
                0x08008e00       0x38 build/gpdma.o
                0x08008e00                MX_GPDMA1_Init
 .text.color_shift_cooler
                0x08008e38       0x18 build/utils.o
                0x08008e38                color_shift_cooler
 .text.color_shift_warmer
                0x08008e50       0x18 build/utils.o
                0x08008e50                color_shift_warmer
 .text.MX_RTC_Init
                0x08008e68       0xbc build/rtc.o
                0x08008e68                MX_RTC_Init
 .text.HAL_RTC_MspInit
                0x08008f24       0x78 build/rtc.o
                0x08008f24                HAL_RTC_MspInit
 .text.HAL_RTC_WaitForSynchro
                0x08008f9c       0x48 build/stm32u5xx_hal_rtc.o
                0x08008f9c                HAL_RTC_WaitForSynchro
 .text.RTC_EnterInitMode
                0x08008fe4       0x58 build/stm32u5xx_hal_rtc.o
                0x08008fe4                RTC_EnterInitMode
 .text.RTC_ExitInitMode
                0x0800903c       0x4c build/stm32u5xx_hal_rtc.o
                0x0800903c                RTC_ExitInitMode
 .text.HAL_RTC_Init
                0x08009088       0xcc build/stm32u5xx_hal_rtc.o
                0x08009088                HAL_RTC_Init
 .text.RTC_ByteToBcd2
                0x08009154       0x16 build/stm32u5xx_hal_rtc.o
                0x08009154                RTC_ByteToBcd2
 *fill*         0x0800916a        0x2 
 .text.HAL_RTC_SetTime
                0x0800916c       0xe8 build/stm32u5xx_hal_rtc.o
                0x0800916c                HAL_RTC_SetTime
 .text.HAL_RTC_SetDate
                0x08009254       0xac build/stm32u5xx_hal_rtc.o
                0x08009254                HAL_RTC_SetDate
 .text.HAL_RTCEx_SetWakeUpTimer_IT
                0x08009300       0xa0 build/stm32u5xx_hal_rtc_ex.o
                0x08009300                HAL_RTCEx_SetWakeUpTimer_IT
 .text.HAL_RTCEx_DeactivateWakeUpTimer
                0x080093a0       0x38 build/stm32u5xx_hal_rtc_ex.o
                0x080093a0                HAL_RTCEx_DeactivateWakeUpTimer
 .text.HAL_RTCEx_PrivilegeModeSet
                0x080093d8       0x38 build/stm32u5xx_hal_rtc_ex.o
                0x080093d8                HAL_RTCEx_PrivilegeModeSet
 .text.Reset_Handler
                0x08009410       0x50 build/startup_stm32u575xx.o
                0x08009410                Reset_Handler
 .text.Default_Handler
                0x08009460        0x2 build/startup_stm32u575xx.o
                0x08009460                EXTI2_IRQHandler
                0x08009460                TIM8_TRG_COM_IRQHandler
                0x08009460                TIM8_CC_IRQHandler
                0x08009460                EXTI5_IRQHandler
                0x08009460                FLASH_S_IRQHandler
                0x08009460                EXTI13_IRQHandler
                0x08009460                TIM1_CC_IRQHandler
                0x08009460                TSC_IRQHandler
                0x08009460                TAMP_IRQHandler
                0x08009460                TIM6_IRQHandler
                0x08009460                EXTI12_IRQHandler
                0x08009460                CORDIC_IRQHandler
                0x08009460                EXTI3_IRQHandler
                0x08009460                LPTIM4_IRQHandler
                0x08009460                GPDMA1_Channel5_IRQHandler
                0x08009460                EXTI8_IRQHandler
                0x08009460                LPTIM2_IRQHandler
                0x08009460                I2C3_ER_IRQHandler
                0x08009460                PWR_S3WU_IRQHandler
                0x08009460                MDF1_FLT2_IRQHandler
                0x08009460                LPDMA1_Channel3_IRQHandler
                0x08009460                LPTIM3_IRQHandler
                0x08009460                I2C2_EV_IRQHandler
                0x08009460                FPU_IRQHandler
                0x08009460                GPDMA1_Channel3_IRQHandler
                0x08009460                GPDMA1_Channel7_IRQHandler
                0x08009460                MDF1_FLT4_IRQHandler
                0x08009460                FDCAN1_IT1_IRQHandler
                0x08009460                RAMCFG_IRQHandler
                0x08009460                GPDMA1_Channel9_IRQHandler
                0x08009460                DCACHE1_IRQHandler
                0x08009460                SPI1_IRQHandler
                0x08009460                OCTOSPI1_IRQHandler
                0x08009460                GPDMA1_Channel2_IRQHandler
                0x08009460                TIM8_UP_IRQHandler
                0x08009460                RCC_S_IRQHandler
                0x08009460                OCTOSPI2_IRQHandler
                0x08009460                SAI2_IRQHandler
                0x08009460                MDF1_FLT1_IRQHandler
                0x08009460                ADC1_IRQHandler
                0x08009460                MDF1_FLT5_IRQHandler
                0x08009460                EXTI15_IRQHandler
                0x08009460                TIM17_IRQHandler
                0x08009460                USART3_IRQHandler
                0x08009460                RTC_IRQHandler
                0x08009460                EXTI9_IRQHandler
                0x08009460                UART5_IRQHandler
                0x08009460                TIM4_IRQHandler
                0x08009460                I2C1_EV_IRQHandler
                0x08009460                GPDMA1_Channel12_IRQHandler
                0x08009460                GPDMA1_Channel1_IRQHandler
                0x08009460                TIM16_IRQHandler
                0x08009460                GPDMA1_Channel15_IRQHandler
                0x08009460                UART4_IRQHandler
                0x08009460                SecureFault_Handler
                0x08009460                TIM3_IRQHandler
                0x08009460                RCC_IRQHandler
                0x08009460                TIM1_TRG_COM_IRQHandler
                0x08009460                Default_Handler
                0x08009460                GPDMA1_Channel8_IRQHandler
                0x08009460                FMAC_IRQHandler
                0x08009460                GPDMA1_Channel11_IRQHandler
                0x08009460                TIM7_IRQHandler
                0x08009460                SDMMC1_IRQHandler
                0x08009460                TIM5_IRQHandler
                0x08009460                UCPD1_IRQHandler
                0x08009460                TIM15_IRQHandler
                0x08009460                I2C3_EV_IRQHandler
                0x08009460                LPDMA1_Channel0_IRQHandler
                0x08009460                PVD_PVM_IRQHandler
                0x08009460                SPI2_IRQHandler
                0x08009460                LPDMA1_Channel1_IRQHandler
                0x08009460                EXTI14_IRQHandler
                0x08009460                EXTI11_IRQHandler
                0x08009460                CRS_IRQHandler
                0x08009460                GPDMA1_Channel14_IRQHandler
                0x08009460                LSECSSD_IRQHandler
                0x08009460                EXTI4_IRQHandler
                0x08009460                RTC_S_IRQHandler
                0x08009460                GPDMA1_Channel13_IRQHandler
                0x08009460                RNG_IRQHandler
                0x08009460                COMP_IRQHandler
                0x08009460                TIM1_UP_IRQHandler
                0x08009460                ADC4_IRQHandler
                0x08009460                WWDG_IRQHandler
                0x08009460                I2C4_EV_IRQHandler
                0x08009460                ADF1_IRQHandler
                0x08009460                IWDG_IRQHandler
                0x08009460                LPUART1_IRQHandler
                0x08009460                MDF1_FLT0_IRQHandler
                0x08009460                FDCAN1_IT0_IRQHandler
                0x08009460                TIM2_IRQHandler
                0x08009460                GPDMA1_Channel4_IRQHandler
                0x08009460                EXTI7_IRQHandler
                0x08009460                DMA2D_IRQHandler
                0x08009460                TIM1_BRK_IRQHandler
                0x08009460                SDMMC2_IRQHandler
                0x08009460                DAC1_IRQHandler
                0x08009460                GTZC_IRQHandler
                0x08009460                MDF1_FLT3_IRQHandler
                0x08009460                USART2_IRQHandler
                0x08009460                GPDMA1_Channel6_IRQHandler
                0x08009460                I2C2_ER_IRQHandler
                0x08009460                TIM8_BRK_IRQHandler
                0x08009460                FLASH_IRQHandler
                0x08009460                USART1_IRQHandler
                0x08009460                EXTI10_IRQHandler
                0x08009460                OTG_FS_IRQHandler
                0x08009460                SPI3_IRQHandler
                0x08009460                LPDMA1_Channel2_IRQHandler
                0x08009460                I2C1_ER_IRQHandler
                0x08009460                FMC_IRQHandler
                0x08009460                EXTI6_IRQHandler
                0x08009460                LPTIM1_IRQHandler
                0x08009460                I2C4_ER_IRQHandler
                0x08009460                GPDMA1_Channel10_IRQHandler
                0x08009460                ICACHE_IRQHandler
                0x08009460                SAI1_IRQHandler
                0x08009460                HASH_IRQHandler
 *fill*         0x08009462        0x2 
 .text.stdio_exit_handler
                0x08009464       0x18 D:/armtoolchain/arm-gnu-toolchain-13.3.rel1-mingw-w64-i686-arm-none-eabi/bin/../lib/gcc/arm-none-eabi/13.3.1/thumb/v8-m.main+fp/hard\libc.a(libc_a-findfp.o)
 .text.cleanup_stdio
                0x0800947c       0x40 D:/armtoolchain/arm-gnu-toolchain-13.3.rel1-mingw-w64-i686-arm-none-eabi/bin/../lib/gcc/arm-none-eabi/13.3.1/thumb/v8-m.main+fp/hard\libc.a(libc_a-findfp.o)
 .text.global_stdio_init.part.0
                0x080094bc       0xf0 D:/armtoolchain/arm-gnu-toolchain-13.3.rel1-mingw-w64-i686-arm-none-eabi/bin/../lib/gcc/arm-none-eabi/13.3.1/thumb/v8-m.main+fp/hard\libc.a(libc_a-findfp.o)
 .text.__sinit  0x080095ac       0x3c D:/armtoolchain/arm-gnu-toolchain-13.3.rel1-mingw-w64-i686-arm-none-eabi/bin/../lib/gcc/arm-none-eabi/13.3.1/thumb/v8-m.main+fp/hard\libc.a(libc_a-findfp.o)
                0x080095ac                __sinit
 .text.__sfp_lock_acquire
                0x080095e8        0xc D:/armtoolchain/arm-gnu-toolchain-13.3.rel1-mingw-w64-i686-arm-none-eabi/bin/../lib/gcc/arm-none-eabi/13.3.1/thumb/v8-m.main+fp/hard\libc.a(libc_a-findfp.o)
                0x080095e8                __sfp_lock_acquire
 .text.__sfp_lock_release
                0x080095f4        0xc D:/armtoolchain/arm-gnu-toolchain-13.3.rel1-mingw-w64-i686-arm-none-eabi/bin/../lib/gcc/arm-none-eabi/13.3.1/thumb/v8-m.main+fp/hard\libc.a(libc_a-findfp.o)
                0x080095f4                __sfp_lock_release
 .text._fwalk_sglue
                0x08009600       0x44 D:/armtoolchain/arm-gnu-toolchain-13.3.rel1-mingw-w64-i686-arm-none-eabi/bin/../lib/gcc/arm-none-eabi/13.3.1/thumb/v8-m.main+fp/hard\libc.a(libc_a-fwalk.o)
                0x08009600                _fwalk_sglue
 .text._puts_r  0x08009644       0x9c D:/armtoolchain/arm-gnu-toolchain-13.3.rel1-mingw-w64-i686-arm-none-eabi/bin/../lib/gcc/arm-none-eabi/13.3.1/thumb/v8-m.main+fp/hard\libc.a(libc_a-puts.o)
                0x08009644                _puts_r
 .text.puts     0x080096e0       0x10 D:/armtoolchain/arm-gnu-toolchain-13.3.rel1-mingw-w64-i686-arm-none-eabi/bin/../lib/gcc/arm-none-eabi/13.3.1/thumb/v8-m.main+fp/hard\libc.a(libc_a-puts.o)
                0x080096e0                puts
 .text.snprintf
                0x080096f0       0x90 D:/armtoolchain/arm-gnu-toolchain-13.3.rel1-mingw-w64-i686-arm-none-eabi/bin/../lib/gcc/arm-none-eabi/13.3.1/thumb/v8-m.main+fp/hard\libc.a(libc_a-snprintf.o)
                0x080096f0                snprintf
 .text.sprintf  0x08009780       0x44 D:/armtoolchain/arm-gnu-toolchain-13.3.rel1-mingw-w64-i686-arm-none-eabi/bin/../lib/gcc/arm-none-eabi/13.3.1/thumb/v8-m.main+fp/hard\libc.a(libc_a-sprintf.o)
                0x08009780                sprintf
 .text.__sread  0x080097c4       0x24 D:/armtoolchain/arm-gnu-toolchain-13.3.rel1-mingw-w64-i686-arm-none-eabi/bin/../lib/gcc/arm-none-eabi/13.3.1/thumb/v8-m.main+fp/hard\libc.a(libc_a-stdio.o)
                0x080097c4                __sread
 .text.__swrite
                0x080097e8       0x40 D:/armtoolchain/arm-gnu-toolchain-13.3.rel1-mingw-w64-i686-arm-none-eabi/bin/../lib/gcc/arm-none-eabi/13.3.1/thumb/v8-m.main+fp/hard\libc.a(libc_a-stdio.o)
                0x080097e8                __swrite
 .text.__sseek  0x08009828       0x28 D:/armtoolchain/arm-gnu-toolchain-13.3.rel1-mingw-w64-i686-arm-none-eabi/bin/../lib/gcc/arm-none-eabi/13.3.1/thumb/v8-m.main+fp/hard\libc.a(libc_a-stdio.o)
                0x08009828                __sseek
 .text.__sclose
                0x08009850        0x8 D:/armtoolchain/arm-gnu-toolchain-13.3.rel1-mingw-w64-i686-arm-none-eabi/bin/../lib/gcc/arm-none-eabi/13.3.1/thumb/v8-m.main+fp/hard\libc.a(libc_a-stdio.o)
                0x08009850                __sclose
 .text.vprintf  0x08009858       0x18 D:/armtoolchain/arm-gnu-toolchain-13.3.rel1-mingw-w64-i686-arm-none-eabi/bin/../lib/gcc/arm-none-eabi/13.3.1/thumb/v8-m.main+fp/hard\libc.a(libc_a-vprintf.o)
                0x08009858                vprintf
 .text.memset   0x08009870       0xa4 D:/armtoolchain/arm-gnu-toolchain-13.3.rel1-mingw-w64-i686-arm-none-eabi/bin/../lib/gcc/arm-none-eabi/13.3.1/thumb/v8-m.main+fp/hard\libc.a(libc_a-memset.o)
                0x08009870                memset
 .text._close_r
                0x08009914       0x24 D:/armtoolchain/arm-gnu-toolchain-13.3.rel1-mingw-w64-i686-arm-none-eabi/bin/../lib/gcc/arm-none-eabi/13.3.1/thumb/v8-m.main+fp/hard\libc.a(libc_a-closer.o)
                0x08009914                _close_r
 .text._lseek_r
                0x08009938       0x2c D:/armtoolchain/arm-gnu-toolchain-13.3.rel1-mingw-w64-i686-arm-none-eabi/bin/../lib/gcc/arm-none-eabi/13.3.1/thumb/v8-m.main+fp/hard\libc.a(libc_a-lseekr.o)
                0x08009938                _lseek_r
 .text._read_r  0x08009964       0x2c D:/armtoolchain/arm-gnu-toolchain-13.3.rel1-mingw-w64-i686-arm-none-eabi/bin/../lib/gcc/arm-none-eabi/13.3.1/thumb/v8-m.main+fp/hard\libc.a(libc_a-readr.o)
                0x08009964                _read_r
 .text._write_r
                0x08009990       0x2c D:/armtoolchain/arm-gnu-toolchain-13.3.rel1-mingw-w64-i686-arm-none-eabi/bin/../lib/gcc/arm-none-eabi/13.3.1/thumb/v8-m.main+fp/hard\libc.a(libc_a-writer.o)
                0x08009990                _write_r
 .text.__errno  0x080099bc        0xc D:/armtoolchain/arm-gnu-toolchain-13.3.rel1-mingw-w64-i686-arm-none-eabi/bin/../lib/gcc/arm-none-eabi/13.3.1/thumb/v8-m.main+fp/hard\libc.a(libc_a-errno.o)
                0x080099bc                __errno
 .text.__libc_init_array
                0x080099c8       0x50 D:/armtoolchain/arm-gnu-toolchain-13.3.rel1-mingw-w64-i686-arm-none-eabi/bin/../lib/gcc/arm-none-eabi/13.3.1/thumb/v8-m.main+fp/hard\libc.a(libc_a-init.o)
                0x080099c8                __libc_init_array
 .text.__retarget_lock_init_recursive
                0x08009a18        0x4 D:/armtoolchain/arm-gnu-toolchain-13.3.rel1-mingw-w64-i686-arm-none-eabi/bin/../lib/gcc/arm-none-eabi/13.3.1/thumb/v8-m.main+fp/hard\libc.a(libc_a-lock.o)
                0x08009a18                __retarget_lock_init_recursive
 .text.__retarget_lock_close_recursive
                0x08009a1c        0x4 D:/armtoolchain/arm-gnu-toolchain-13.3.rel1-mingw-w64-i686-arm-none-eabi/bin/../lib/gcc/arm-none-eabi/13.3.1/thumb/v8-m.main+fp/hard\libc.a(libc_a-lock.o)
                0x08009a1c                __retarget_lock_close_recursive
 .text.__retarget_lock_acquire_recursive
                0x08009a20        0x4 D:/armtoolchain/arm-gnu-toolchain-13.3.rel1-mingw-w64-i686-arm-none-eabi/bin/../lib/gcc/arm-none-eabi/13.3.1/thumb/v8-m.main+fp/hard\libc.a(libc_a-lock.o)
                0x08009a20                __retarget_lock_acquire_recursive
 .text.__retarget_lock_release_recursive
                0x08009a24        0x4 D:/armtoolchain/arm-gnu-toolchain-13.3.rel1-mingw-w64-i686-arm-none-eabi/bin/../lib/gcc/arm-none-eabi/13.3.1/thumb/v8-m.main+fp/hard\libc.a(libc_a-lock.o)
                0x08009a24                __retarget_lock_release_recursive
 .text.strlen   0x08009a28       0x5c D:/armtoolchain/arm-gnu-toolchain-13.3.rel1-mingw-w64-i686-arm-none-eabi/bin/../lib/gcc/arm-none-eabi/13.3.1/thumb/v8-m.main+fp/hard\libc.a(libc_a-strlen-stub.o)
                0x08009a28                strlen
 .text.startup.register_fini
                0x08009a84       0x14 D:/armtoolchain/arm-gnu-toolchain-13.3.rel1-mingw-w64-i686-arm-none-eabi/bin/../lib/gcc/arm-none-eabi/13.3.1/thumb/v8-m.main+fp/hard\libc.a(libc_a-__call_atexit.o)
 .text.atexit   0x08009a98        0xc D:/armtoolchain/arm-gnu-toolchain-13.3.rel1-mingw-w64-i686-arm-none-eabi/bin/../lib/gcc/arm-none-eabi/13.3.1/thumb/v8-m.main+fp/hard\libc.a(libc_a-atexit.o)
                0x08009a98                atexit
 .text._malloc_trim_r
                0x08009aa4       0xb8 D:/armtoolchain/arm-gnu-toolchain-13.3.rel1-mingw-w64-i686-arm-none-eabi/bin/../lib/gcc/arm-none-eabi/13.3.1/thumb/v8-m.main+fp/hard\libc.a(libc_a-freer.o)
                0x08009aa4                _malloc_trim_r
 .text._free_r  0x08009b5c      0x1f8 D:/armtoolchain/arm-gnu-toolchain-13.3.rel1-mingw-w64-i686-arm-none-eabi/bin/../lib/gcc/arm-none-eabi/13.3.1/thumb/v8-m.main+fp/hard\libc.a(libc_a-freer.o)
                0x08009b5c                _free_r
 .text._malloc_r
                0x08009d54      0x554 D:/armtoolchain/arm-gnu-toolchain-13.3.rel1-mingw-w64-i686-arm-none-eabi/bin/../lib/gcc/arm-none-eabi/13.3.1/thumb/v8-m.main+fp/hard\libc.a(libc_a-mallocr.o)
                0x08009d54                _malloc_r
 .text.__malloc_lock
                0x0800a2a8        0xc D:/armtoolchain/arm-gnu-toolchain-13.3.rel1-mingw-w64-i686-arm-none-eabi/bin/../lib/gcc/arm-none-eabi/13.3.1/thumb/v8-m.main+fp/hard\libc.a(libc_a-mlock.o)
                0x0800a2a8                __malloc_lock
 .text.__malloc_unlock
                0x0800a2b4        0xc D:/armtoolchain/arm-gnu-toolchain-13.3.rel1-mingw-w64-i686-arm-none-eabi/bin/../lib/gcc/arm-none-eabi/13.3.1/thumb/v8-m.main+fp/hard\libc.a(libc_a-mlock.o)
                0x0800a2b4                __malloc_unlock
 .text._svfprintf_r
                0x0800a2c0     0x1c48 D:/armtoolchain/arm-gnu-toolchain-13.3.rel1-mingw-w64-i686-arm-none-eabi/bin/../lib/gcc/arm-none-eabi/13.3.1/thumb/v8-m.main+fp/hard\libc.a(libc_a-svfprintf.o)
                0x0800a2c0                _svfprintf_r
 .text._vfprintf_r
                0x0800bf08     0x1c70 D:/armtoolchain/arm-gnu-toolchain-13.3.rel1-mingw-w64-i686-arm-none-eabi/bin/../lib/gcc/arm-none-eabi/13.3.1/thumb/v8-m.main+fp/hard\libc.a(libc_a-vfprintf.o)
                0x0800bf08                _vfprintf_r
 .text.__sbprintf
                0x0800db78       0x80 D:/armtoolchain/arm-gnu-toolchain-13.3.rel1-mingw-w64-i686-arm-none-eabi/bin/../lib/gcc/arm-none-eabi/13.3.1/thumb/v8-m.main+fp/hard\libc.a(libc_a-vfprintf.o)
 .text.__sprint_r
                0x0800dbf8       0x20 D:/armtoolchain/arm-gnu-toolchain-13.3.rel1-mingw-w64-i686-arm-none-eabi/bin/../lib/gcc/arm-none-eabi/13.3.1/thumb/v8-m.main+fp/hard\libc.a(libc_a-sprint_r.o)
                0x0800dbf8                __sprint_r
 .text.__ssprint_r
                0x0800dc18       0x58 D:/armtoolchain/arm-gnu-toolchain-13.3.rel1-mingw-w64-i686-arm-none-eabi/bin/../lib/gcc/arm-none-eabi/13.3.1/thumb/v8-m.main+fp/hard\libc.a(libc_a-ssprint_r.o)
                0x0800dc18                __ssprint_r
 .text._fclose_r
                0x0800dc70       0xc0 D:/armtoolchain/arm-gnu-toolchain-13.3.rel1-mingw-w64-i686-arm-none-eabi/bin/../lib/gcc/arm-none-eabi/13.3.1/thumb/v8-m.main+fp/hard\libc.a(libc_a-fclose.o)
                0x0800dc70                _fclose_r
 .text.__sflush_r
                0x0800dd30      0x138 D:/armtoolchain/arm-gnu-toolchain-13.3.rel1-mingw-w64-i686-arm-none-eabi/bin/../lib/gcc/arm-none-eabi/13.3.1/thumb/v8-m.main+fp/hard\libc.a(libc_a-fflush.o)
                0x0800dd30                __sflush_r
 .text._fflush_r
                0x0800de68       0x54 D:/armtoolchain/arm-gnu-toolchain-13.3.rel1-mingw-w64-i686-arm-none-eabi/bin/../lib/gcc/arm-none-eabi/13.3.1/thumb/v8-m.main+fp/hard\libc.a(libc_a-fflush.o)
                0x0800de68                _fflush_r
 .text.__sfvwrite_r
                0x0800debc      0x300 D:/armtoolchain/arm-gnu-toolchain-13.3.rel1-mingw-w64-i686-arm-none-eabi/bin/../lib/gcc/arm-none-eabi/13.3.1/thumb/v8-m.main+fp/hard\libc.a(libc_a-fvwrite.o)
                0x0800debc                __sfvwrite_r
 .text.__swsetup_r
                0x0800e1bc       0xc4 D:/armtoolchain/arm-gnu-toolchain-13.3.rel1-mingw-w64-i686-arm-none-eabi/bin/../lib/gcc/arm-none-eabi/13.3.1/thumb/v8-m.main+fp/hard\libc.a(libc_a-wsetup.o)
                0x0800e1bc                __swsetup_r
 .text.memmove  0x0800e280      0x100 D:/armtoolchain/arm-gnu-toolchain-13.3.rel1-mingw-w64-i686-arm-none-eabi/bin/../lib/gcc/arm-none-eabi/13.3.1/thumb/v8-m.main+fp/hard\libc.a(libc_a-memmove.o)
                0x0800e280                memmove
 .text.strncpy  0x0800e380       0x64 D:/armtoolchain/arm-gnu-toolchain-13.3.rel1-mingw-w64-i686-arm-none-eabi/bin/../lib/gcc/arm-none-eabi/13.3.1/thumb/v8-m.main+fp/hard\libc.a(libc_a-strncpy.o)
                0x0800e380                strncpy
 .text.__locale_mb_cur_max
                0x0800e3e4        0xc D:/armtoolchain/arm-gnu-toolchain-13.3.rel1-mingw-w64-i686-arm-none-eabi/bin/../lib/gcc/arm-none-eabi/13.3.1/thumb/v8-m.main+fp/hard\libc.a(libc_a-locale.o)
                0x0800e3e4                __locale_mb_cur_max
 .text._localeconv_r
                0x0800e3f0        0x8 D:/armtoolchain/arm-gnu-toolchain-13.3.rel1-mingw-w64-i686-arm-none-eabi/bin/../lib/gcc/arm-none-eabi/13.3.1/thumb/v8-m.main+fp/hard\libc.a(libc_a-localeconv.o)
                0x0800e3f0                _localeconv_r
 .text._sbrk_r  0x0800e3f8       0x24 D:/armtoolchain/arm-gnu-toolchain-13.3.rel1-mingw-w64-i686-arm-none-eabi/bin/../lib/gcc/arm-none-eabi/13.3.1/thumb/v8-m.main+fp/hard\libc.a(libc_a-sbrkr.o)
                0x0800e3f8                _sbrk_r
 .text.__libc_fini_array
                0x0800e41c       0x28 D:/armtoolchain/arm-gnu-toolchain-13.3.rel1-mingw-w64-i686-arm-none-eabi/bin/../lib/gcc/arm-none-eabi/13.3.1/thumb/v8-m.main+fp/hard\libc.a(libc_a-fini.o)
                0x0800e41c                __libc_fini_array
 .text.sysconf  0x0800e444       0x1c D:/armtoolchain/arm-gnu-toolchain-13.3.rel1-mingw-w64-i686-arm-none-eabi/bin/../lib/gcc/arm-none-eabi/13.3.1/thumb/v8-m.main+fp/hard\libc.a(libc_a-sysconf.o)
                0x0800e444                sysconf
 .text.memchr   0x0800e460       0x98 D:/armtoolchain/arm-gnu-toolchain-13.3.rel1-mingw-w64-i686-arm-none-eabi/bin/../lib/gcc/arm-none-eabi/13.3.1/thumb/v8-m.main+fp/hard\libc.a(libc_a-memchr-stub.o)
                0x0800e460                memchr
 .text.frexp    0x0800e4f8       0x64 D:/armtoolchain/arm-gnu-toolchain-13.3.rel1-mingw-w64-i686-arm-none-eabi/bin/../lib/gcc/arm-none-eabi/13.3.1/thumb/v8-m.main+fp/hard\libc.a(libm_a-s_frexp.o)
                0x0800e4f8                frexp
 .text.__register_exitproc
                0x0800e55c       0x84 D:/armtoolchain/arm-gnu-toolchain-13.3.rel1-mingw-w64-i686-arm-none-eabi/bin/../lib/gcc/arm-none-eabi/13.3.1/thumb/v8-m.main+fp/hard\libc.a(libc_a-__atexit.o)
                0x0800e55c                __register_exitproc
 .text.quorem   0x0800e5e0      0x138 D:/armtoolchain/arm-gnu-toolchain-13.3.rel1-mingw-w64-i686-arm-none-eabi/bin/../lib/gcc/arm-none-eabi/13.3.1/thumb/v8-m.main+fp/hard\libc.a(libc_a-dtoa.o)
 .text._dtoa_r  0x0800e718      0xedc D:/armtoolchain/arm-gnu-toolchain-13.3.rel1-mingw-w64-i686-arm-none-eabi/bin/../lib/gcc/arm-none-eabi/13.3.1/thumb/v8-m.main+fp/hard\libc.a(libc_a-dtoa.o)
                0x0800e718                _dtoa_r
 .text.__ascii_mbtowc
                0x0800f5f4       0x2c D:/armtoolchain/arm-gnu-toolchain-13.3.rel1-mingw-w64-i686-arm-none-eabi/bin/../lib/gcc/arm-none-eabi/13.3.1/thumb/v8-m.main+fp/hard\libc.a(libc_a-mbtowc_r.o)
                0x0800f5f4                __ascii_mbtowc
 .text._Balloc  0x0800f620       0x4c D:/armtoolchain/arm-gnu-toolchain-13.3.rel1-mingw-w64-i686-arm-none-eabi/bin/../lib/gcc/arm-none-eabi/13.3.1/thumb/v8-m.main+fp/hard\libc.a(libc_a-mprec.o)
                0x0800f620                _Balloc
 .text._Bfree   0x0800f66c       0x14 D:/armtoolchain/arm-gnu-toolchain-13.3.rel1-mingw-w64-i686-arm-none-eabi/bin/../lib/gcc/arm-none-eabi/13.3.1/thumb/v8-m.main+fp/hard\libc.a(libc_a-mprec.o)
                0x0800f66c                _Bfree
 .text.__multadd
                0x0800f680       0xa4 D:/armtoolchain/arm-gnu-toolchain-13.3.rel1-mingw-w64-i686-arm-none-eabi/bin/../lib/gcc/arm-none-eabi/13.3.1/thumb/v8-m.main+fp/hard\libc.a(libc_a-mprec.o)
                0x0800f680                __multadd
 .text.__hi0bits
                0x0800f724       0x48 D:/armtoolchain/arm-gnu-toolchain-13.3.rel1-mingw-w64-i686-arm-none-eabi/bin/../lib/gcc/arm-none-eabi/13.3.1/thumb/v8-m.main+fp/hard\libc.a(libc_a-mprec.o)
                0x0800f724                __hi0bits
 .text.__lo0bits
                0x0800f76c       0x60 D:/armtoolchain/arm-gnu-toolchain-13.3.rel1-mingw-w64-i686-arm-none-eabi/bin/../lib/gcc/arm-none-eabi/13.3.1/thumb/v8-m.main+fp/hard\libc.a(libc_a-mprec.o)
                0x0800f76c                __lo0bits
 .text.__i2b    0x0800f7cc       0x5c D:/armtoolchain/arm-gnu-toolchain-13.3.rel1-mingw-w64-i686-arm-none-eabi/bin/../lib/gcc/arm-none-eabi/13.3.1/thumb/v8-m.main+fp/hard\libc.a(libc_a-mprec.o)
                0x0800f7cc                __i2b
 .text.__multiply
                0x0800f828      0x164 D:/armtoolchain/arm-gnu-toolchain-13.3.rel1-mingw-w64-i686-arm-none-eabi/bin/../lib/gcc/arm-none-eabi/13.3.1/thumb/v8-m.main+fp/hard\libc.a(libc_a-mprec.o)
                0x0800f828                __multiply
 .text.__pow5mult
                0x0800f98c       0xb4 D:/armtoolchain/arm-gnu-toolchain-13.3.rel1-mingw-w64-i686-arm-none-eabi/bin/../lib/gcc/arm-none-eabi/13.3.1/thumb/v8-m.main+fp/hard\libc.a(libc_a-mprec.o)
                0x0800f98c                __pow5mult
 .text.__lshift
                0x0800fa40       0xe8 D:/armtoolchain/arm-gnu-toolchain-13.3.rel1-mingw-w64-i686-arm-none-eabi/bin/../lib/gcc/arm-none-eabi/13.3.1/thumb/v8-m.main+fp/hard\libc.a(libc_a-mprec.o)
                0x0800fa40                __lshift
 .text.__mcmp   0x0800fb28       0x44 D:/armtoolchain/arm-gnu-toolchain-13.3.rel1-mingw-w64-i686-arm-none-eabi/bin/../lib/gcc/arm-none-eabi/13.3.1/thumb/v8-m.main+fp/hard\libc.a(libc_a-mprec.o)
                0x0800fb28                __mcmp
 .text.__mdiff  0x0800fb6c      0x180 D:/armtoolchain/arm-gnu-toolchain-13.3.rel1-mingw-w64-i686-arm-none-eabi/bin/../lib/gcc/arm-none-eabi/13.3.1/thumb/v8-m.main+fp/hard\libc.a(libc_a-mprec.o)
                0x0800fb6c                __mdiff
 .text.__d2b    0x0800fcec       0xc0 D:/armtoolchain/arm-gnu-toolchain-13.3.rel1-mingw-w64-i686-arm-none-eabi/bin/../lib/gcc/arm-none-eabi/13.3.1/thumb/v8-m.main+fp/hard\libc.a(libc_a-mprec.o)
                0x0800fcec                __d2b
 .text._realloc_r
                0x0800fdac      0x370 D:/armtoolchain/arm-gnu-toolchain-13.3.rel1-mingw-w64-i686-arm-none-eabi/bin/../lib/gcc/arm-none-eabi/13.3.1/thumb/v8-m.main+fp/hard\libc.a(libc_a-reallocr.o)
                0x0800fdac                _realloc_r
 .text.__ascii_wctomb
                0x0801011c       0x1c D:/armtoolchain/arm-gnu-toolchain-13.3.rel1-mingw-w64-i686-arm-none-eabi/bin/../lib/gcc/arm-none-eabi/13.3.1/thumb/v8-m.main+fp/hard\libc.a(libc_a-wctomb_r.o)
                0x0801011c                __ascii_wctomb
 .text._wcrtomb_r
                0x08010138       0x4c D:/armtoolchain/arm-gnu-toolchain-13.3.rel1-mingw-w64-i686-arm-none-eabi/bin/../lib/gcc/arm-none-eabi/13.3.1/thumb/v8-m.main+fp/hard\libc.a(libc_a-wcrtomb.o)
                0x08010138                _wcrtomb_r
 .text._wcsrtombs_r
                0x08010184       0x18 D:/armtoolchain/arm-gnu-toolchain-13.3.rel1-mingw-w64-i686-arm-none-eabi/bin/../lib/gcc/arm-none-eabi/13.3.1/thumb/v8-m.main+fp/hard\libc.a(libc_a-wcsrtombs.o)
                0x08010184                _wcsrtombs_r
 .text.__ssputs_r
                0x0801019c       0xc0 D:/armtoolchain/arm-gnu-toolchain-13.3.rel1-mingw-w64-i686-arm-none-eabi/bin/../lib/gcc/arm-none-eabi/13.3.1/thumb/v8-m.main+fp/hard\libc.a(libc_a-ssputs_r.o)
                0x0801019c                __ssputs_r
 .text.__smakebuf_r
                0x0801025c       0xdc D:/armtoolchain/arm-gnu-toolchain-13.3.rel1-mingw-w64-i686-arm-none-eabi/bin/../lib/gcc/arm-none-eabi/13.3.1/thumb/v8-m.main+fp/hard\libc.a(libc_a-makebuf.o)
                0x0801025c                __smakebuf_r
 .text._fstat_r
                0x08010338       0x2c D:/armtoolchain/arm-gnu-toolchain-13.3.rel1-mingw-w64-i686-arm-none-eabi/bin/../lib/gcc/arm-none-eabi/13.3.1/thumb/v8-m.main+fp/hard\libc.a(libc_a-fstatr.o)
                0x08010338                _fstat_r
 .text._isatty_r
                0x08010364       0x24 D:/armtoolchain/arm-gnu-toolchain-13.3.rel1-mingw-w64-i686-arm-none-eabi/bin/../lib/gcc/arm-none-eabi/13.3.1/thumb/v8-m.main+fp/hard\libc.a(libc_a-isattyr.o)
                0x08010364                _isatty_r
 .text.__assert_func
                0x08010388       0x3c D:/armtoolchain/arm-gnu-toolchain-13.3.rel1-mingw-w64-i686-arm-none-eabi/bin/../lib/gcc/arm-none-eabi/13.3.1/thumb/v8-m.main+fp/hard\libc.a(libc_a-assert.o)
                0x08010388                __assert_func
 .text._calloc_r
                0x080103c4       0x70 D:/armtoolchain/arm-gnu-toolchain-13.3.rel1-mingw-w64-i686-arm-none-eabi/bin/../lib/gcc/arm-none-eabi/13.3.1/thumb/v8-m.main+fp/hard\libc.a(libc_a-callocr.o)
                0x080103c4                _calloc_r
 .text._wcsnrtombs_l
                0x08010434       0xfc D:/armtoolchain/arm-gnu-toolchain-13.3.rel1-mingw-w64-i686-arm-none-eabi/bin/../lib/gcc/arm-none-eabi/13.3.1/thumb/v8-m.main+fp/hard\libc.a(libc_a-wcsnrtombs.o)
                0x08010434                _wcsnrtombs_l
 .text._wcsnrtombs_r
                0x08010530       0x24 D:/armtoolchain/arm-gnu-toolchain-13.3.rel1-mingw-w64-i686-arm-none-eabi/bin/../lib/gcc/arm-none-eabi/13.3.1/thumb/v8-m.main+fp/hard\libc.a(libc_a-wcsnrtombs.o)
                0x08010530                _wcsnrtombs_r
 .text.fiprintf
                0x08010554       0x28 D:/armtoolchain/arm-gnu-toolchain-13.3.rel1-mingw-w64-i686-arm-none-eabi/bin/../lib/gcc/arm-none-eabi/13.3.1/thumb/v8-m.main+fp/hard\libc.a(libc_a-fiprintf.o)
                0x08010554                fiprintf
 .text._vfiprintf_r
                0x0801057c      0xe6c D:/armtoolchain/arm-gnu-toolchain-13.3.rel1-mingw-w64-i686-arm-none-eabi/bin/../lib/gcc/arm-none-eabi/13.3.1/thumb/v8-m.main+fp/hard\libc.a(libc_a-vfiprintf.o)
                0x0801057c                _vfiprintf_r
 .text.__sbprintf
                0x080113e8       0x80 D:/armtoolchain/arm-gnu-toolchain-13.3.rel1-mingw-w64-i686-arm-none-eabi/bin/../lib/gcc/arm-none-eabi/13.3.1/thumb/v8-m.main+fp/hard\libc.a(libc_a-vfiprintf.o)
 .text.abort    0x08011468       0x10 D:/armtoolchain/arm-gnu-toolchain-13.3.rel1-mingw-w64-i686-arm-none-eabi/bin/../lib/gcc/arm-none-eabi/13.3.1/thumb/v8-m.main+fp/hard\libc.a(libc_a-abort.o)
                0x08011468                abort
 .text.raise    0x08011478       0x58 D:/armtoolchain/arm-gnu-toolchain-13.3.rel1-mingw-w64-i686-arm-none-eabi/bin/../lib/gcc/arm-none-eabi/13.3.1/thumb/v8-m.main+fp/hard\libc.a(libc_a-signal.o)
                0x08011478                raise
 .text._kill_r  0x080114d0       0x2c D:/armtoolchain/arm-gnu-toolchain-13.3.rel1-mingw-w64-i686-arm-none-eabi/bin/../lib/gcc/arm-none-eabi/13.3.1/thumb/v8-m.main+fp/hard\libc.a(libc_a-signalr.o)
                0x080114d0                _kill_r
 .text._getpid_r
                0x080114fc        0x4 D:/armtoolchain/arm-gnu-toolchain-13.3.rel1-mingw-w64-i686-arm-none-eabi/bin/../lib/gcc/arm-none-eabi/13.3.1/thumb/v8-m.main+fp/hard\libc.a(libc_a-signalr.o)
                0x080114fc                _getpid_r
 .text.ceilf    0x08011500        0x8 D:/armtoolchain/arm-gnu-toolchain-13.3.rel1-mingw-w64-i686-arm-none-eabi/bin/../lib/gcc/arm-none-eabi/13.3.1/thumb/v8-m.main+fp/hard\libm.a(libm_a-sf_ceil.o)
                0x08011500                ceilf
 .text.__udivmoddi4
                0x08011508      0x300 D:/armtoolchain/arm-gnu-toolchain-13.3.rel1-mingw-w64-i686-arm-none-eabi/bin/../lib/gcc/arm-none-eabi/13.3.1/thumb/v8-m.main+fp/hard\libgcc.a(_udivmoddi4.o)
                0x08011508                __udivmoddi4
 *(.glue_7)
 .glue_7        0x08011808        0x0 linker stubs
 *(.glue_7t)
 .glue_7t       0x08011808        0x0 linker stubs
 *(.eh_frame)
 .eh_frame      0x08011808        0x0 D:/armtoolchain/arm-gnu-toolchain-13.3.rel1-mingw-w64-i686-arm-none-eabi/bin/../lib/gcc/arm-none-eabi/13.3.1/thumb/v8-m.main+fp/hard/crtbegin.o
 *(.init)
 .init          0x08011808        0x4 D:/armtoolchain/arm-gnu-toolchain-13.3.rel1-mingw-w64-i686-arm-none-eabi/bin/../lib/gcc/arm-none-eabi/13.3.1/thumb/v8-m.main+fp/hard/crti.o
                0x08011808                _init
 .init          0x0801180c        0x8 D:/armtoolchain/arm-gnu-toolchain-13.3.rel1-mingw-w64-i686-arm-none-eabi/bin/../lib/gcc/arm-none-eabi/13.3.1/thumb/v8-m.main+fp/hard/crtn.o
 *(.fini)
 .fini          0x08011814        0x4 D:/armtoolchain/arm-gnu-toolchain-13.3.rel1-mingw-w64-i686-arm-none-eabi/bin/../lib/gcc/arm-none-eabi/13.3.1/thumb/v8-m.main+fp/hard/crti.o
                0x08011814                _fini
 .fini          0x08011818        0x8 D:/armtoolchain/arm-gnu-toolchain-13.3.rel1-mingw-w64-i686-arm-none-eabi/bin/../lib/gcc/arm-none-eabi/13.3.1/thumb/v8-m.main+fp/hard/crtn.o
                0x08011820                        . = ALIGN (0x8)
                0x08011820                        _etext = .

.vfp11_veneer   0x08011820        0x0
 .vfp11_veneer  0x08011820        0x0 linker stubs

.v4_bx          0x08011820        0x0
 .v4_bx         0x08011820        0x0 linker stubs

.iplt           0x08011820        0x0
 .iplt          0x08011820        0x0 D:/armtoolchain/arm-gnu-toolchain-13.3.rel1-mingw-w64-i686-arm-none-eabi/bin/../lib/gcc/arm-none-eabi/13.3.1/thumb/v8-m.main+fp/hard/crtbegin.o

i.calculate_org_KE_and_BE_with_nuc_t
                0x08011820      0x154
 i.calculate_org_KE_and_BE_with_nuc_t
                0x08011820      0x154 TINYC256_192/libirtemp.lib(libirtemp.o)
                0x08011820                calculate_org_KE_and_BE_with_nuc_t

i.reverse_calc_NUC_with_nuc_t
                0x08011974       0xe4
 i.reverse_calc_NUC_with_nuc_t
                0x08011974       0xe4 TINYC256_192/libirtemp.lib(libirtemp.o)
                0x08011974                reverse_calc_NUC_with_nuc_t

.rodata         0x08011a58      0x548
                0x08011a58                        . = ALIGN (0x8)
 *(.rodata)
 *(.rodata*)
 .rodata.LPGPIO_Map
                0x08011a58       0x80 build/stm32u5xx_hal_gpio.o
 .rodata.UARTPrescTable
                0x08011ad8       0x18 build/stm32u5xx_hal_uart.o
                0x08011ad8                UARTPrescTable
 .rodata.denominator.0
                0x08011af0        0x8 build/stm32u5xx_hal_uart_ex.o
 .rodata.numerator.1
                0x08011af8        0x8 build/stm32u5xx_hal_uart_ex.o
 .rodata.MSIRangeTable
                0x08011b00       0x40 build/system_stm32u5xx.o
                0x08011b00                MSIRangeTable
 .rodata.APBPrescTable
                0x08011b40        0x8 build/system_stm32u5xx.o
                0x08011b40                APBPrescTable
 .rodata.AHBPrescTable
                0x08011b48       0x10 build/system_stm32u5xx.o
                0x08011b48                AHBPrescTable
 .rodata.Lora_sendData.str1.4
                0x08011b58      0x1e3 build/lora.o
                                 0x1a (size before relaxing)
 .rodata.tinyc_low_power_delay.str1.4
                0x08011d3b       0x20 build/tinycTask.o
 .rodata._puts_r.str1.4
                0x08011d3b        0x2 D:/armtoolchain/arm-gnu-toolchain-13.3.rel1-mingw-w64-i686-arm-none-eabi/bin/../lib/gcc/arm-none-eabi/13.3.1/thumb/v8-m.main+fp/hard\libc.a(libc_a-puts.o)
 .rodata._svfprintf_r.str1.4
                0x08011d3b       0x42 D:/armtoolchain/arm-gnu-toolchain-13.3.rel1-mingw-w64-i686-arm-none-eabi/bin/../lib/gcc/arm-none-eabi/13.3.1/thumb/v8-m.main+fp/hard\libc.a(libc_a-svfprintf.o)
 *fill*         0x08011d3b        0x1 
 .rodata.zeroes.0
                0x08011d3c       0x10 D:/armtoolchain/arm-gnu-toolchain-13.3.rel1-mingw-w64-i686-arm-none-eabi/bin/../lib/gcc/arm-none-eabi/13.3.1/thumb/v8-m.main+fp/hard\libc.a(libc_a-svfprintf.o)
 .rodata.blanks.1
                0x08011d4c       0x10 D:/armtoolchain/arm-gnu-toolchain-13.3.rel1-mingw-w64-i686-arm-none-eabi/bin/../lib/gcc/arm-none-eabi/13.3.1/thumb/v8-m.main+fp/hard\libc.a(libc_a-svfprintf.o)
 .rodata._vfprintf_r.str1.4
                0x08011d5c       0x42 D:/armtoolchain/arm-gnu-toolchain-13.3.rel1-mingw-w64-i686-arm-none-eabi/bin/../lib/gcc/arm-none-eabi/13.3.1/thumb/v8-m.main+fp/hard\libc.a(libc_a-vfprintf.o)
 .rodata.zeroes.0
                0x08011d5c       0x10 D:/armtoolchain/arm-gnu-toolchain-13.3.rel1-mingw-w64-i686-arm-none-eabi/bin/../lib/gcc/arm-none-eabi/13.3.1/thumb/v8-m.main+fp/hard\libc.a(libc_a-vfprintf.o)
 .rodata.blanks.1
                0x08011d6c       0x10 D:/armtoolchain/arm-gnu-toolchain-13.3.rel1-mingw-w64-i686-arm-none-eabi/bin/../lib/gcc/arm-none-eabi/13.3.1/thumb/v8-m.main+fp/hard\libc.a(libc_a-vfprintf.o)
 .rodata.str1.4
                0x08011d7c       0x4c D:/armtoolchain/arm-gnu-toolchain-13.3.rel1-mingw-w64-i686-arm-none-eabi/bin/../lib/gcc/arm-none-eabi/13.3.1/thumb/v8-m.main+fp/hard\libc.a(libc_a-locale.o)
 .rodata._dtoa_r.str1.4
                0x08011d7c       0x81 D:/armtoolchain/arm-gnu-toolchain-13.3.rel1-mingw-w64-i686-arm-none-eabi/bin/../lib/gcc/arm-none-eabi/13.3.1/thumb/v8-m.main+fp/hard\libc.a(libc_a-dtoa.o)
 .rodata.__multadd.str1.4
                0x08011d7c       0x6e D:/armtoolchain/arm-gnu-toolchain-13.3.rel1-mingw-w64-i686-arm-none-eabi/bin/../lib/gcc/arm-none-eabi/13.3.1/thumb/v8-m.main+fp/hard\libc.a(libc_a-mprec.o)
 .rodata.p05.0  0x08011d7c        0xc D:/armtoolchain/arm-gnu-toolchain-13.3.rel1-mingw-w64-i686-arm-none-eabi/bin/../lib/gcc/arm-none-eabi/13.3.1/thumb/v8-m.main+fp/hard\libc.a(libc_a-mprec.o)
 .rodata.__mprec_bigtens
                0x08011d88       0x28 D:/armtoolchain/arm-gnu-toolchain-13.3.rel1-mingw-w64-i686-arm-none-eabi/bin/../lib/gcc/arm-none-eabi/13.3.1/thumb/v8-m.main+fp/hard\libc.a(libc_a-mprec.o)
                0x08011d88                __mprec_bigtens
 .rodata.__mprec_tens
                0x08011db0       0xc8 D:/armtoolchain/arm-gnu-toolchain-13.3.rel1-mingw-w64-i686-arm-none-eabi/bin/../lib/gcc/arm-none-eabi/13.3.1/thumb/v8-m.main+fp/hard\libc.a(libc_a-mprec.o)
                0x08011db0                __mprec_tens
 .rodata._ctype_
                0x08011e78      0x101 D:/armtoolchain/arm-gnu-toolchain-13.3.rel1-mingw-w64-i686-arm-none-eabi/bin/../lib/gcc/arm-none-eabi/13.3.1/thumb/v8-m.main+fp/hard\libc.a(libc_a-ctype_.o)
                0x08011e78                _ctype_
 .rodata.__assert_func.str1.4
                0x08011f79       0x43 D:/armtoolchain/arm-gnu-toolchain-13.3.rel1-mingw-w64-i686-arm-none-eabi/bin/../lib/gcc/arm-none-eabi/13.3.1/thumb/v8-m.main+fp/hard\libc.a(libc_a-assert.o)
 .rodata._vfiprintf_r.str1.4
                0x08011f79       0x2f D:/armtoolchain/arm-gnu-toolchain-13.3.rel1-mingw-w64-i686-arm-none-eabi/bin/../lib/gcc/arm-none-eabi/13.3.1/thumb/v8-m.main+fp/hard\libc.a(libc_a-vfiprintf.o)
 *fill*         0x08011f79        0x3 
 .rodata.zeroes.0
                0x08011f7c       0x10 D:/armtoolchain/arm-gnu-toolchain-13.3.rel1-mingw-w64-i686-arm-none-eabi/bin/../lib/gcc/arm-none-eabi/13.3.1/thumb/v8-m.main+fp/hard\libc.a(libc_a-vfiprintf.o)
 .rodata.blanks.1
                0x08011f8c       0x10 D:/armtoolchain/arm-gnu-toolchain-13.3.rel1-mingw-w64-i686-arm-none-eabi/bin/../lib/gcc/arm-none-eabi/13.3.1/thumb/v8-m.main+fp/hard\libc.a(libc_a-vfiprintf.o)
                0x08011fa0                        . = ALIGN (0x8)
 *fill*         0x08011f9c        0x4 

.ARM.extab      0x08011fa0        0x0
                0x08011fa0                        . = ALIGN (0x8)
 *(.ARM.extab* .gnu.linkonce.armextab.*)
                0x08011fa0                        . = ALIGN (0x8)

.ARM            0x08011fa0        0x8
                0x08011fa0                        . = ALIGN (0x8)
                0x08011fa0                        __exidx_start = .
 *(.ARM.exidx*)
 .ARM.exidx     0x08011fa0        0x8 D:/armtoolchain/arm-gnu-toolchain-13.3.rel1-mingw-w64-i686-arm-none-eabi/bin/../lib/gcc/arm-none-eabi/13.3.1/thumb/v8-m.main+fp/hard\libc.a(libc_a-memcpy.o)
 .ARM.exidx.text.__udivmoddi4
                0x08011fa8        0x0 D:/armtoolchain/arm-gnu-toolchain-13.3.rel1-mingw-w64-i686-arm-none-eabi/bin/../lib/gcc/arm-none-eabi/13.3.1/thumb/v8-m.main+fp/hard\libgcc.a(_udivmoddi4.o)
                                  0x8 (size before relaxing)
                0x08011fa8                        __exidx_end = .
                0x08011fa8                        . = ALIGN (0x8)

.preinit_array  0x08011fa8        0x0
                0x08011fa8                        . = ALIGN (0x8)
                0x08011fa8                        PROVIDE (__preinit_array_start = .)
 *(.preinit_array*)
                0x08011fa8                        PROVIDE (__preinit_array_end = .)
                0x08011fa8                        . = ALIGN (0x8)

.init_array     0x08011fa8        0x8
                0x08011fa8                        . = ALIGN (0x8)
                0x08011fa8                        PROVIDE (__init_array_start = .)
 *(SORT_BY_NAME(.init_array.*))
 .init_array.00000
                0x08011fa8        0x4 D:/armtoolchain/arm-gnu-toolchain-13.3.rel1-mingw-w64-i686-arm-none-eabi/bin/../lib/gcc/arm-none-eabi/13.3.1/thumb/v8-m.main+fp/hard\libc.a(libc_a-__call_atexit.o)
 *(.init_array*)
 .init_array    0x08011fac        0x4 D:/armtoolchain/arm-gnu-toolchain-13.3.rel1-mingw-w64-i686-arm-none-eabi/bin/../lib/gcc/arm-none-eabi/13.3.1/thumb/v8-m.main+fp/hard/crtbegin.o
                0x08011fb0                        PROVIDE (__init_array_end = .)
                0x08011fb0                        . = ALIGN (0x8)

.fini_array     0x08011fb0        0x8
                0x08011fb0                        . = ALIGN (0x8)
                0x08011fb0                        PROVIDE (__fini_array_start = .)
 *(SORT_BY_NAME(.fini_array.*))
 *(.fini_array*)
 .fini_array    0x08011fb0        0x4 D:/armtoolchain/arm-gnu-toolchain-13.3.rel1-mingw-w64-i686-arm-none-eabi/bin/../lib/gcc/arm-none-eabi/13.3.1/thumb/v8-m.main+fp/hard/crtbegin.o
                0x08011fb4                        PROVIDE (__fini_array_end = .)
                0x08011fb8                        . = ALIGN (0x8)
 *fill*         0x08011fb4        0x4 
                0x08011fb8                        _sidata = LOADADDR (.data)

.rel.dyn        0x08011fb8        0x0
 .rel.iplt      0x08011fb8        0x0 D:/armtoolchain/arm-gnu-toolchain-13.3.rel1-mingw-w64-i686-arm-none-eabi/bin/../lib/gcc/arm-none-eabi/13.3.1/thumb/v8-m.main+fp/hard/crtbegin.o

.data           0x20000000      0x6f8 load address 0x08011fb8
                0x20000000                        . = ALIGN (0x8)
                0x20000000                        _sdata = .
 *(.data)
 *(.data*)
 .data.uwTickFreq
                0x20000000        0x1 build/stm32u5xx_hal.o
                0x20000000                uwTickFreq
 *fill*         0x20000001        0x3 
 .data.uwTickPrio
                0x20000004        0x4 build/stm32u5xx_hal.o
                0x20000004                uwTickPrio
 .data.SystemCoreClock
                0x20000008        0x4 build/system_stm32u5xx.o
                0x20000008                SystemCoreClock
 .data.area     0x2000000c        0x8 build/tinycTask.o
                0x2000000c                area
 .data.preview_start_param
                0x20000014        0x8 build/tinycTask.o
                0x20000014                preview_start_param
 .data.__sglue  0x2000001c        0xc D:/armtoolchain/arm-gnu-toolchain-13.3.rel1-mingw-w64-i686-arm-none-eabi/bin/../lib/gcc/arm-none-eabi/13.3.1/thumb/v8-m.main+fp/hard\libc.a(libc_a-findfp.o)
                0x2000001c                __sglue
 .data._impure_ptr
                0x20000028        0x4 D:/armtoolchain/arm-gnu-toolchain-13.3.rel1-mingw-w64-i686-arm-none-eabi/bin/../lib/gcc/arm-none-eabi/13.3.1/thumb/v8-m.main+fp/hard\libc.a(libc_a-impure.o)
                0x20000028                _impure_ptr
 *fill*         0x2000002c        0x4 
 .data._impure_data
                0x20000030      0x140 D:/armtoolchain/arm-gnu-toolchain-13.3.rel1-mingw-w64-i686-arm-none-eabi/bin/../lib/gcc/arm-none-eabi/13.3.1/thumb/v8-m.main+fp/hard\libc.a(libc_a-impure.o)
                0x20000030                _impure_data
 .data.__atexit_recursive_mutex
                0x20000170        0x4 D:/armtoolchain/arm-gnu-toolchain-13.3.rel1-mingw-w64-i686-arm-none-eabi/bin/../lib/gcc/arm-none-eabi/13.3.1/thumb/v8-m.main+fp/hard\libc.a(libc_a-__call_atexit.o)
                0x20000170                __atexit_recursive_mutex
 .data.__malloc_sbrk_base
                0x20000174        0x4 D:/armtoolchain/arm-gnu-toolchain-13.3.rel1-mingw-w64-i686-arm-none-eabi/bin/../lib/gcc/arm-none-eabi/13.3.1/thumb/v8-m.main+fp/hard\libc.a(libc_a-mallocr.o)
                0x20000174                __malloc_sbrk_base
 .data.__malloc_trim_threshold
                0x20000178        0x4 D:/armtoolchain/arm-gnu-toolchain-13.3.rel1-mingw-w64-i686-arm-none-eabi/bin/../lib/gcc/arm-none-eabi/13.3.1/thumb/v8-m.main+fp/hard\libc.a(libc_a-mallocr.o)
                0x20000178                __malloc_trim_threshold
 *fill*         0x2000017c        0x4 
 .data.__malloc_av_
                0x20000180      0x408 D:/armtoolchain/arm-gnu-toolchain-13.3.rel1-mingw-w64-i686-arm-none-eabi/bin/../lib/gcc/arm-none-eabi/13.3.1/thumb/v8-m.main+fp/hard\libc.a(libc_a-mallocr.o)
                0x20000180                __malloc_av_
 .data.__global_locale
                0x20000588      0x16c D:/armtoolchain/arm-gnu-toolchain-13.3.rel1-mingw-w64-i686-arm-none-eabi/bin/../lib/gcc/arm-none-eabi/13.3.1/thumb/v8-m.main+fp/hard\libc.a(libc_a-locale.o)
                0x20000588                __global_locale
                0x200006f8                        . = ALIGN (0x8)
 *fill*         0x200006f4        0x4 

.tm_clone_table
                0x200006f8        0x0 load address 0x080126b0
 .tm_clone_table
                0x200006f8        0x0 D:/armtoolchain/arm-gnu-toolchain-13.3.rel1-mingw-w64-i686-arm-none-eabi/bin/../lib/gcc/arm-none-eabi/13.3.1/thumb/v8-m.main+fp/hard/crtbegin.o
 .tm_clone_table
                0x200006f8        0x0 D:/armtoolchain/arm-gnu-toolchain-13.3.rel1-mingw-w64-i686-arm-none-eabi/bin/../lib/gcc/arm-none-eabi/13.3.1/thumb/v8-m.main+fp/hard/crtend.o

.igot.plt       0x200006f8        0x0 load address 0x080126b0
 .igot.plt      0x200006f8        0x0 D:/armtoolchain/arm-gnu-toolchain-13.3.rel1-mingw-w64-i686-arm-none-eabi/bin/../lib/gcc/arm-none-eabi/13.3.1/thumb/v8-m.main+fp/hard/crtbegin.o

.tdata          0x200006f8        0x0 load address 0x080126b0
 *(.tdata .tdata.* .gnu.linkonce.td.*)
                0x200006f8                        . = ALIGN (0x4)
                0x200006f8                        _edata = .
                [!provide]                        PROVIDE (__data_end = .)
                [!provide]                        PROVIDE (__tdata_end = .)
                [!provide]                        PROVIDE (__tdata_start = ADDR (.tdata))
                [!provide]                        PROVIDE (__tdata_size = (__tdata_end - __tdata_start))
                [!provide]                        PROVIDE (__data_start = ADDR (.data))
                [!provide]                        PROVIDE (__data_size = (__data_end - __data_start))
                [!provide]                        PROVIDE (__tdata_source = LOADADDR (.tdata))
                [!provide]                        PROVIDE (__tdata_source_end = (LOADADDR (.tdata) + SIZEOF (.tdata)))
                [!provide]                        PROVIDE (__tdata_source_size = (__tdata_source_end - __tdata_source))
                [!provide]                        PROVIDE (__data_source = LOADADDR (.data))
                [!provide]                        PROVIDE (__data_source_end = __tdata_source_end)
                [!provide]                        PROVIDE (__data_source_size = (__data_source_end - __data_source))
                0x200006f8                        . = ALIGN (0x8)

.tbss           0x200006f8        0x0 load address 0x080126b0
                0x200006f8                        _sbss = .
                0x200006f8                        __bss_start__ = _sbss
 *(.tbss .tbss.*)
                0x200006f8                        . = ALIGN (0x4)
                [!provide]                        PROVIDE (__tbss_end = .)
                [!provide]                        PROVIDE (__tbss_start = ADDR (.tbss))
                [!provide]                        PROVIDE (__tbss_size = (__tbss_end - __tbss_start))
                [!provide]                        PROVIDE (__tbss_offset = (ADDR (.tbss) - ADDR (.tdata)))
                [!provide]                        PROVIDE (__tls_base = __tdata_start)
                [!provide]                        PROVIDE (__tls_end = __tbss_end)
                [!provide]                        PROVIDE (__tls_size = (__tls_end - __tls_base))
                [!provide]                        PROVIDE (__tls_align = MAX (ALIGNOF (.tdata), ALIGNOF (.tbss)))
                [!provide]                        PROVIDE (__tls_size_align = (((__tls_size + __tls_align) - 0x1) & ~ ((__tls_align - 0x1))))
                [!provide]                        PROVIDE (__arm32_tls_tcb_offset = MAX (0x8, __tls_align))
                [!provide]                        PROVIDE (__arm64_tls_tcb_offset = MAX (0x10, __tls_align))

.bss            0x200006f8    0x1c750 load address 0x080126b0
 *(.bss)
 *(.bss*)
 .bss.completed.1
                0x200006f8        0x1 D:/armtoolchain/arm-gnu-toolchain-13.3.rel1-mingw-w64-i686-arm-none-eabi/bin/../lib/gcc/arm-none-eabi/13.3.1/thumb/v8-m.main+fp/hard/crtbegin.o
 *fill*         0x200006f9        0x3 
 .bss.object.0  0x200006fc       0x18 D:/armtoolchain/arm-gnu-toolchain-13.3.rel1-mingw-w64-i686-arm-none-eabi/bin/../lib/gcc/arm-none-eabi/13.3.1/thumb/v8-m.main+fp/hard/crtbegin.o
 .bss.handle_GPDMA1_Channel0
                0x20000714       0x78 build/dcmi.o
                0x20000714                handle_GPDMA1_Channel0
 .bss.List_GPDMA1_Channel0
                0x2000078c       0x18 build/dcmi.o
                0x2000078c                List_GPDMA1_Channel0
 .bss.Node_GPDMA1_Channel0
                0x200007a4       0x24 build/dcmi.o
                0x200007a4                Node_GPDMA1_Channel0
 .bss.hdcmi     0x200007c8       0x50 build/dcmi.o
                0x200007c8                hdcmi
 .bss.hi2c3     0x20000818       0x54 build/i2c.o
                0x20000818                hi2c3
 .bss.hspi2     0x2000086c       0x90 build/spi.o
                0x2000086c                hspi2
 .bss.hspi1     0x200008fc       0x90 build/spi.o
                0x200008fc                hspi1
 .bss.htim1     0x2000098c       0x4c build/tim.o
                0x2000098c                htim1
 .bss.huart3    0x200009d8       0x94 build/usart.o
                0x200009d8                huart3
 .bss.DCMI_ITCB
                0x20000a6c        0x4 build/stm32u5xx_it.o
                0x20000a6c                DCMI_ITCB
 .bss.DCMI_IQR  0x20000a70        0x4 build/stm32u5xx_it.o
                0x20000a70                DCMI_IQR
 .bss.uwTick    0x20000a74        0x4 build/stm32u5xx_hal.o
                0x20000a74                uwTick
 .bss.__sbrk_heap_end
                0x20000a78        0x4 build/sysmem.o
 .bss.Lora_data_powerdown
                0x20000a7c        0xd build/lora.o
                0x20000a7c                Lora_data_powerdown
 *fill*         0x20000a89        0x3 
 .bss.Lora_data_msg
                0x20000a8c       0x28 build/lora.o
                0x20000a8c                Lora_data_msg
 .bss.Lora_data_at
                0x20000ab4        0x5 build/lora.o
                0x20000ab4                Lora_data_at
 *fill*         0x20000ab9        0x3 
 .bss.nuc_table
                0x20000abc     0x4000 build/tinyAdjust.o
                0x20000abc                nuc_table
 .bss.org_env_factor
                0x20004abc        0x8 build/tinyAdjust.o
                0x20004abc                org_env_factor
 .bss.org_env_param
                0x20004ac4       0x10 build/tinyAdjust.o
                0x20004ac4                org_env_param
 .bss.vdcmd_write_hanle
                0x20004ad4        0x8 build/vdcmd.o
                0x20004ad4                vdcmd_write_hanle
 .bss.vdcmd_read_hanle
                0x20004adc        0x8 build/vdcmd.o
                0x20004adc                vdcmd_read_hanle
 .bss.tinyc_frames_in_cycle
                0x20004ae4        0x4 build/tinycTask.o
 .bss.info_temp
                0x20004ae8        0xe build/tinycTask.o
                0x20004ae8                info_temp
 .bss.frames    0x20004af6        0x1 build/tinycTask.o
                0x20004af6                frames
 .bss.frameCotinue
                0x20004af7        0x1 build/tinycTask.o
                0x20004af7                frameCotinue
 .bss.frameStop
                0x20004af8        0x1 build/tinycTask.o
                0x20004af8                frameStop
 .bss.frameOk   0x20004af9        0x1 build/tinycTask.o
 *fill*         0x20004afa        0x2 
 .bss.TINYC_256_SRC_ADDR
                0x20004afc    0x18000 build/tinycTask.o
                0x20004afc                TINYC_256_SRC_ADDR
 .bss.frameRate
                0x2001cafc        0x2 build/tinycTask.o
 .bss.g_color_tint
                0x2001cafe        0x1 build/utils.o
 *fill*         0x2001caff        0x1 
 .bss.hrtc      0x2001cb00       0x30 build/rtc.o
                0x2001cb00                hrtc
 .bss.__sf      0x2001cb30      0x138 D:/armtoolchain/arm-gnu-toolchain-13.3.rel1-mingw-w64-i686-arm-none-eabi/bin/../lib/gcc/arm-none-eabi/13.3.1/thumb/v8-m.main+fp/hard\libc.a(libc_a-findfp.o)
                0x2001cb30                __sf
 .bss.__stdio_exit_handler
                0x2001cc68        0x4 D:/armtoolchain/arm-gnu-toolchain-13.3.rel1-mingw-w64-i686-arm-none-eabi/bin/../lib/gcc/arm-none-eabi/13.3.1/thumb/v8-m.main+fp/hard\libc.a(libc_a-findfp.o)
                0x2001cc68                __stdio_exit_handler
 .bss.errno     0x2001cc6c        0x4 D:/armtoolchain/arm-gnu-toolchain-13.3.rel1-mingw-w64-i686-arm-none-eabi/bin/../lib/gcc/arm-none-eabi/13.3.1/thumb/v8-m.main+fp/hard\libc.a(libc_a-reent.o)
                0x2001cc6c                errno
 .bss.__lock___malloc_recursive_mutex
                0x2001cc70        0x1 D:/armtoolchain/arm-gnu-toolchain-13.3.rel1-mingw-w64-i686-arm-none-eabi/bin/../lib/gcc/arm-none-eabi/13.3.1/thumb/v8-m.main+fp/hard\libc.a(libc_a-lock.o)
                0x2001cc70                __lock___malloc_recursive_mutex
 *fill*         0x2001cc71        0x3 
 .bss.__lock___atexit_recursive_mutex
                0x2001cc74        0x1 D:/armtoolchain/arm-gnu-toolchain-13.3.rel1-mingw-w64-i686-arm-none-eabi/bin/../lib/gcc/arm-none-eabi/13.3.1/thumb/v8-m.main+fp/hard\libc.a(libc_a-lock.o)
                0x2001cc74                __lock___atexit_recursive_mutex
 *fill*         0x2001cc75        0x3 
 .bss.__lock___sfp_recursive_mutex
                0x2001cc78        0x1 D:/armtoolchain/arm-gnu-toolchain-13.3.rel1-mingw-w64-i686-arm-none-eabi/bin/../lib/gcc/arm-none-eabi/13.3.1/thumb/v8-m.main+fp/hard\libc.a(libc_a-lock.o)
                0x2001cc78                __lock___sfp_recursive_mutex
 *fill*         0x2001cc79        0x3 